Component: ARM Compiler 5.05 update 1 (build 106) Tool: armlink [4d0efa]

==============================================================================

Section Cross References

    main.o(i.main) refers to main.o(i.uart_config) for uart_config
    main.o(i.main) refers to main.o(i.mpu_setup) for mpu_setup
    main.o(i.main) refers to app_mpu.o(i.mpu_init) for mpu_init
    main.o(i.main) refers to app_mpu.o(i.mpu_read_accel) for mpu_read_accel
    main.o(i.main) refers to app_error.o(i.app_error_handler) for app_error_handler
    main.o(i.main) refers to app_mpu.o(i.mpu_read_gyro) for mpu_read_gyro
    main.o(i.main) refers to app_mpu.o(i.mpu_read_magnetometer) for mpu_read_magnetometer
    main.o(i.main) refers to f2d.o(.text) for __aeabi_f2d
    main.o(i.main) refers to ddiv.o(.text) for __aeabi_ddiv
    main.o(i.main) refers to d2f.o(.text) for __aeabi_d2f
    main.o(i.main) refers to madgwick.o(i.MadgwickAHRSupdate) for MadgwickAHRSupdate
    main.o(i.main) refers to atan2.o(i.__hardfp_atan2) for __hardfp_atan2
    main.o(i.main) refers to dmul.o(.text) for __aeabi_dmul
    main.o(i.main) refers to main.o(.data) for CAX
    main.o(i.main) refers to madgwick.o(.data) for q0
    main.o(i.main) refers to asin.o(i.__hardfp_asin) for __hardfp_asin
    main.o(i.main) refers to printfa.o(i.__0printf) for __2printf
    main.o(i.main) refers to nrf_delay.o(i.nrf_delay_ms) for nrf_delay_ms
    main.o(i.main) refers to memcpya.o(.text) for __aeabi_memcpy4
    main.o(i.main) refers to main.o(.conststring) for .conststring
    main.o(i.main) refers to main.o(.constdata) for .constdata
    main.o(i.main) refers to atan2f.o(i.__hardfp_atan2f) for __hardfp_atan2f
    main.o(i.main) refers to asinf.o(i.__hardfp_asinf) for __hardfp_asinf
    main.o(i.main) refers to fusionahrs.o(i.FusionAhrsInitialise) for FusionAhrsInitialise
    main.o(i.main) refers to fusionahrs.o(i.FusionAhrsUpdate) for FusionAhrsUpdate
    main.o(i.main) refers to fusionahrs.o(i.FusionAhrsCalculateEarthAcceleration) for FusionAhrsCalculateEarthAcceleration
    main.o(i.main) refers to fusionahrs.o(i.FusionAhrsIsInitialising) for FusionAhrsIsInitialising
    main.o(i.main) refers to fusionahrs.o(i.FusionAhrsReinitialise) for FusionAhrsReinitialise
    main.o(i.main) refers to fusionahrs.o(i.FusionAhrsZeroYaw) for FusionAhrsZeroYaw
    main.o(i.main) refers to fusionbias.o(i.FusionBiasInitialise) for FusionBiasInitialise
    main.o(i.main) refers to fusionbias.o(i.FusionBiasUpdate) for FusionBiasUpdate
    main.o(i.main) refers to fusionbias.o(i.FusionBiasIsActive) for FusionBiasIsActive
    main.o(i.main) refers to fusioncompass.o(i.FusionCompassCalculateHeading) for FusionCompassCalculateHeading
    main.o(i.mpu_setup) refers to app_mpu.o(i.mpu_init) for mpu_init
    main.o(i.mpu_setup) refers to app_error.o(i.app_error_handler) for app_error_handler
    main.o(i.mpu_setup) refers to app_mpu.o(i.mpu_config) for mpu_config
    main.o(i.mpu_setup) refers to app_mpu.o(i.mpu_magnetometer_init) for mpu_magnetometer_init
    main.o(i.mpu_setup) refers to main.o(.constdata) for .constdata
    main.o(i.uart_config) refers to app_uart_fifo.o(i.app_uart_init) for app_uart_init
    main.o(i.uart_config) refers to app_error.o(i.app_error_handler) for app_error_handler
    main.o(i.uart_config) refers to main.o(.constdata) for .constdata
    main.o(i.uart_config) refers to main.o(.data) for rx_buf
    main.o(i.uart_config) refers to main.o(.bss) for tx_buf
    main.o(i.uart_config) refers to main.o(i.uart_events_handler) for uart_events_handler
    main.o(i.uart_events_handler) refers to app_error.o(i.app_error_handler) for app_error_handler
    app_mpu.o(i.mpu_config) refers to nrf_drv_mpu_twi.o(i.nrf_drv_mpu_write_registers) for nrf_drv_mpu_write_registers
    app_mpu.o(i.mpu_init) refers to nrf_drv_mpu_twi.o(i.nrf_drv_mpu_init) for nrf_drv_mpu_init
    app_mpu.o(i.mpu_init) refers to nrf_drv_mpu_twi.o(i.nrf_drv_mpu_write_single_register) for nrf_drv_mpu_write_single_register
    app_mpu.o(i.mpu_int_cfg_pin) refers to nrf_drv_mpu_twi.o(i.nrf_drv_mpu_write_single_register) for nrf_drv_mpu_write_single_register
    app_mpu.o(i.mpu_int_enable) refers to nrf_drv_mpu_twi.o(i.nrf_drv_mpu_write_single_register) for nrf_drv_mpu_write_single_register
    app_mpu.o(i.mpu_magnetometer_init) refers to nrf_drv_mpu_twi.o(i.nrf_drv_mpu_read_registers) for nrf_drv_mpu_read_registers
    app_mpu.o(i.mpu_magnetometer_init) refers to app_mpu.o(i.mpu_int_cfg_pin) for mpu_int_cfg_pin
    app_mpu.o(i.mpu_magnetometer_init) refers to nrf_drv_mpu_twi.o(i.nrf_drv_mpu_write_magnetometer_register) for nrf_drv_mpu_write_magnetometer_register
    app_mpu.o(i.mpu_read_accel) refers to nrf_drv_mpu_twi.o(i.nrf_drv_mpu_read_registers) for nrf_drv_mpu_read_registers
    app_mpu.o(i.mpu_read_gyro) refers to nrf_drv_mpu_twi.o(i.nrf_drv_mpu_read_registers) for nrf_drv_mpu_read_registers
[...]
    ../mathlib/funder.c                      0x00000000   Number         0  funder.o ABSOLUTE
    ../mathlib/poly.c                        0x00000000   Number         0  poly.o ABSOLUTE
    ../mathlib/qnan.c                        0x00000000   Number         0  qnan.o ABSOLUTE
    ../mathlib/rredf.c                       0x00000000   Number         0  rredf.o ABSOLUTE
    ../mathlib/sinf.c                        0x00000000   Number         0  sinf_x.o ABSOLUTE
    ../mathlib/sinf.c                        0x00000000   Number         0  sinf.o ABSOLUTE
    ../mathlib/sqrt.c                        0x00000000   Number         0  sqrt_x.o ABSOLUTE
    ../mathlib/sqrt.c                        0x00000000   Number         0  sqrt.o ABSOLUTE
    ../mathlib/sqrtf.c                       0x00000000   Number         0  sqrtf_x.o ABSOLUTE
    ../mathlib/sqrtf.c                       0x00000000   Number         0  sqrtf.o ABSOLUTE
    ..\..\..\..\..\..\components\drivers_nrf\common\nrf_drv_common.c 0x00000000   Number         0  nrf_drv_common.o ABSOLUTE
    ..\..\..\..\..\..\components\drivers_nrf\delay\nrf_delay.c 0x00000000   Number         0  nrf_delay.o ABSOLUTE
    ..\..\..\..\..\..\components\drivers_nrf\twi_master\nrf_drv_twi.c 0x00000000   Number         0  nrf_drv_twi.o ABSOLUTE
    ..\..\..\..\..\..\components\drivers_nrf\uart\nrf_drv_uart.c 0x00000000   Number         0  nrf_drv_uart.o ABSOLUTE
    ..\..\..\..\..\..\components\libraries\fifo\app_fifo.c 0x00000000   Number         0  app_fifo.o ABSOLUTE
    ..\..\..\..\..\..\components\libraries\uart\app_uart_fifo.c 0x00000000   Number         0  app_uart_fifo.o ABSOLUTE
    ..\..\..\..\..\..\components\libraries\uart\retarget.c 0x00000000   Number         0  retarget.o ABSOLUTE
    ..\..\..\..\..\..\components\libraries\util\app_error.c 0x00000000   Number         0  app_error.o ABSOLUTE
    ..\..\..\..\..\..\components\libraries\util\app_error_weak.c 0x00000000   Number         0  app_error_weak.o ABSOLUTE
    ..\..\..\..\..\..\components\libraries\util\app_util_platform.c 0x00000000   Number         0  app_util_platform.o ABSOLUTE
    ..\..\..\..\..\..\components\libraries\util\nrf_assert.c 0x00000000   Number         0  nrf_assert.o ABSOLUTE
    ..\..\..\..\FusionAhrs.c                 0x00000000   Number         0  fusionahrs.o ABSOLUTE
    ..\..\..\..\FusionBias.c                 0x00000000   Number         0  fusionbias.o ABSOLUTE
    ..\..\..\..\FusionCompass.c              0x00000000   Number         0  fusioncompass.o ABSOLUTE
    ..\..\..\..\Madgwick.c                   0x00000000   Number         0  madgwick.o ABSOLUTE
    ..\..\..\..\app_mpu.c                    0x00000000   Number         0  app_mpu.o ABSOLUTE
    ..\..\..\..\nrf_drv_mpu_twi.c            0x00000000   Number         0  nrf_drv_mpu_twi.o ABSOLUTE
    ..\..\..\main.c                          0x00000000   Number         0  main.o ABSOLUTE
    ..\\..\\..\\..\\..\\..\\components\\drivers_nrf\\common\\nrf_drv_common.c 0x00000000   Number         0  nrf_drv_common.o ABSOLUTE
    ..\\..\\..\\..\\..\\..\\components\\drivers_nrf\\delay\\nrf_delay.c 0x00000000   Number         0  nrf_delay.o ABSOLUTE
    ..\\..\\..\\..\\..\\..\\components\\drivers_nrf\\twi_master\\nrf_drv_twi.c 0x00000000   Number         0  nrf_drv_twi.o ABSOLUTE
    ..\\..\\..\\..\\..\\..\\components\\drivers_nrf\\uart\\nrf_drv_uart.c 0x00000000   Number         0  nrf_drv_uart.o ABSOLUTE
    ..\\..\\..\\..\\..\\..\\components\\libraries\\fifo\\app_fifo.c 0x00000000   Number         0  app_fifo.o ABSOLUTE
    ..\\..\\..\\..\\..\\..\\components\\libraries\\uart\\app_uart_fifo.c 0x00000000   Number         0  app_uart_fifo.o ABSOLUTE
    ..\\..\\..\\..\\..\\..\\components\\libraries\\uart\\retarget.c 0x00000000   Number         0  retarget.o ABSOLUTE
    ..\\..\\..\\..\\..\\..\\components\\libraries\\util\\app_error.c 0x00000000   Number         0  app_error.o ABSOLUTE
    ..\\..\\..\\..\\..\\..\\components\\libraries\\util\\app_error_weak.c 0x00000000   Number         0  app_error_weak.o ABSOLUTE
    ..\\..\\..\\..\\..\\..\\components\\libraries\\util\\app_util_platform.c 0x00000000   Number         0  app_util_platform.o ABSOLUTE
    ..\\..\\..\\..\\..\\..\\components\\libraries\\util\\nrf_assert.c 0x00000000   Number         0  nrf_assert.o ABSOLUTE
    ..\\..\\..\\..\\app_mpu.c                0x00000000   Number         0  app_mpu.o ABSOLUTE
    ..\\..\\..\\..\\nrf_drv_mpu_twi.c        0x00000000   Number         0  nrf_drv_mpu_twi.o ABSOLUTE
    ..\\..\\..\\main.c                       0x00000000   Number         0  main.o ABSOLUTE
    RTE\Device\nRF52832_xxAA\arm_startup_nrf52.s 0x00000000   Number         0  arm_startup_nrf52.o ABSOLUTE
    RTE\Device\nRF52832_xxAA\system_nrf52.c  0x00000000   Number         0  system_nrf52.o ABSOLUTE
    RTE\\Device\\nRF52832_xxAA\\system_nrf52.c 0x00000000   Number         0  system_nrf52.o ABSOLUTE
    cdcmple.s                                0x00000000   Number         0  cdcmple.o ABSOLUTE
    cdrcmple.s                               0x00000000   Number         0  cdrcmple.o ABSOLUTE
    dc.s                                     0x00000000   Number         0  dc.o ABSOLUTE
    handlers.s                               0x00000000   Number         0  handlers.o ABSOLUTE
    init.s                                   0x00000000   Number         0  init.o ABSOLUTE
    .ARM.Collect$$$$00000000                 0x00000400   Section        0  entry.o(.ARM.Collect$$$$00000000)
    .ARM.Collect$$$$00000001                 0x00000400   Section        4  entry2.o(.ARM.Collect$$$$00000001)
    .ARM.Collect$$$$00000004                 0x00000404   Section        4  entry5.o(.ARM.Collect$$$$00000004)
    .ARM.Collect$$$$00000008                 0x00000408   Section        0  entry7b.o(.ARM.Collect$$$$00000008)
    .ARM.Collect$$$$0000000A                 0x00000408   Section        0  entry8b.o(.ARM.Collect$$$$0000000A)
    .ARM.Collect$$$$0000000B                 0x00000408   Section        8  entry9a.o(.ARM.Collect$$$$0000000B)
    .ARM.Collect$$$$0000000D                 0x00000410   Section        0  entry10a.o(.ARM.Collect$$$$0000000D)
    .ARM.Collect$$$$0000000F                 0x00000410   Section        0  entry11a.o(.ARM.Collect$$$$0000000F)
    .ARM.Collect$$$$00002712                 0x00000410   Section        4  entry2.o(.ARM.Collect$$$$00002712)
    __lit__00000000                          0x00000410   Data           4  entry2.o(.ARM.Collect$$$$00002712)
    .emb_text                                0x00000414   Section      118  nrf_delay.o(.emb_text)
    $v0                                      0x00000414   Number         0  nrf_delay.o(.emb_text)
    .emb_text                                0x0000048c   Section      118  nrf_drv_twi.o(.emb_text)
    $v0                                      0x0000048c   Number         0  nrf_drv_twi.o(.emb_text)
    .text                                    0x00000504   Section       36  arm_startup_nrf52.o(.text)
    $v0                                      0x00000504   Number         0  arm_startup_nrf52.o(.text)
    .text                                    0x00000528   Section        0  memcpya.o(.text)
    .text                                    0x0000054c   Section        0  dmul.o(.text)
    .text                                    0x00000630   Section        0  ddiv.o(.text)
    .text                                    0x0000070e   Section        0  f2d.o(.text)
    .text                                    0x00000734   Section        0  d2f.o(.text)
    .text                                    0x0000076c   Section        0  uidiv.o(.text)
    .text                                    0x00000798   Section        0  uldiv.o(.text)
    .text                                    0x000007fa   Section        0  iusefp.o(.text)
    .text                                    0x000007fa   Section        0  fepilogue.o(.text)
    .text                                    0x00000868   Section        0  depilogue.o(.text)
    .text                                    0x00000922   Section        0  dadd.o(.text)
    .text                                    0x00000a70   Section        0  dsqrt.o(.text)
    .text                                    0x00000b12   Section        0  dfixul.o(.text)
    .text                                    0x00000b44   Section       48  cdrcmple.o(.text)
    .text                                    0x00000b74   Section       36  init.o(.text)
    .text                                    0x00000b98   Section        0  llshl.o(.text)
    .text                                    0x00000bb6   Section        0  llushr.o(.text)
    .text                                    0x00000bd6   Section        0  llsshr.o(.text)
    i.FusionAhrsCalculateEarthAcceleration   0x00000bfa   Section        0  fusionahrs.o(i.FusionAhrsCalculateEarthAcceleration)
    i.FusionAhrsInitialise                   0x00000d38   Section        0  fusionahrs.o(i.FusionAhrsInitialise)
    i.FusionAhrsIsInitialising               0x00000d90   Section        0  fusionahrs.o(i.FusionAhrsIsInitialising)
    i.FusionAhrsReinitialise                 0x00000dac   Section        0  fusionahrs.o(i.FusionAhrsReinitialise)
    i.FusionAhrsUpdate                       0x00000df0   Section        0  fusionahrs.o(i.FusionAhrsUpdate)
    i.FusionAhrsZeroYaw                      0x000016c8   Section        0  fusionahrs.o(i.FusionAhrsZeroYaw)
    i.FusionBiasInitialise                   0x000018f8   Section        0  fusionbias.o(i.FusionBiasInitialise)
    i.FusionBiasIsActive                     0x00001920   Section        0  fusionbias.o(i.FusionBiasIsActive)
    i.FusionBiasUpdate                       0x0000193c   Section        0  fusionbias.o(i.FusionBiasUpdate)
    i.FusionCompassCalculateHeading          0x00001afc   Section        0  fusioncompass.o(i.FusionCompassCalculateHeading)
    i.MadgwickAHRSupdate                     0x00001dc8   Section        0  madgwick.o(i.MadgwickAHRSupdate)
    i.SPIM0_SPIS0_TWIM0_TWIS0_SPI0_TWI0_IRQHandler 0x00002788   Section        0  nrf_drv_twi.o(i.SPIM0_SPIS0_TWIM0_TWIS0_SPI0_TWI0_IRQHandler)
    i.SystemCoreClockUpdate                  0x0000279c   Section        0  system_nrf52.o(i.SystemCoreClockUpdate)
    i.SystemInit                             0x000027ac   Section        0  system_nrf52.o(i.SystemInit)
    i.UARTE0_UART0_IRQHandler                0x000029e0   Section        0  nrf_drv_uart.o(i.UARTE0_UART0_IRQHandler)
    i.__0printf                              0x000029f8   Section        0  printfa.o(i.__0printf)
    i.__ARM_fpclassify                       0x00002a18   Section        0  fpclassify.o(i.__ARM_fpclassify)
    i.__ARM_fpclassifyf                      0x00002a48   Section        0  fpclassifyf.o(i.__ARM_fpclassifyf)
    i.__hardfp_asin                          0x00002a70   Section        0  asin.o(i.__hardfp_asin)
    i.__hardfp_asinf                         0x00002dd0   Section        0  asinf.o(i.__hardfp_asinf)
    i.__hardfp_atan                          0x00002f00   Section        0  atan.o(i.__hardfp_atan)
    i.__hardfp_atan2                         0x000031d8   Section        0  atan2.o(i.__hardfp_atan2)
    i.__hardfp_atan2f                        0x000033c8   Section        0  atan2f.o(i.__hardfp_atan2f)
    i.__hardfp_cosf                          0x00003618   Section        0  cosf.o(i.__hardfp_cosf)
    i.__hardfp_sinf                          0x00003768   Section        0  sinf.o(i.__hardfp_sinf)
    i.__hardfp_sqrt                          0x000038f8   Section        0  sqrt.o(i.__hardfp_sqrt)
    i.__hardfp_sqrtf                         0x00003972   Section        0  sqrtf.o(i.__hardfp_sqrtf)
    i.__kernel_poly                          0x000039ac   Section        0  poly.o(i.__kernel_poly)
    i.__mathlib_dbl_infnan                   0x00003aa4   Section        0  dunder.o(i.__mathlib_dbl_infnan)
    i.__mathlib_dbl_infnan2                  0x00003ab8   Section        0  dunder.o(i.__mathlib_dbl_infnan2)
    i.__mathlib_dbl_invalid                  0x00003ad0   Section        0  dunder.o(i.__mathlib_dbl_invalid)
    i.__mathlib_dbl_underflow                0x00003af0   Section        0  dunder.o(i.__mathlib_dbl_underflow)
    i.__mathlib_flt_infnan                   0x00003b10   Section        0  funder.o(i.__mathlib_flt_infnan)
    i.__mathlib_flt_infnan2                  0x00003b16   Section        0  funder.o(i.__mathlib_flt_infnan2)
    i.__mathlib_flt_invalid                  0x00003b1c   Section        0  funder.o(i.__mathlib_flt_invalid)
    i.__mathlib_flt_underflow                0x00003b2c   Section        0  funder.o(i.__mathlib_flt_underflow)
    i.__mathlib_rredf2                       0x00003b3c   Section        0  rredf.o(i.__mathlib_rredf2)
    i.__scatterload_copy                     0x00003c90   Section       14  handlers.o(i.__scatterload_copy)
    i.__scatterload_null                     0x00003c9e   Section        2  handlers.o(i.__scatterload_null)
    i.__scatterload_zeroinit                 0x00003ca0   Section       14  handlers.o(i.__scatterload_zeroinit)
    i.__set_errno                            0x00003cb0   Section        0  errno.o(i.__set_errno)
    i._fp_digits                             0x00003cbc   Section        0  printfa.o(i._fp_digits)
    _fp_digits                               0x00003cbd   Thumb Code   334  printfa.o(i._fp_digits)
    i._printf_core                           0x00003e20   Section        0  printfa.o(i._printf_core)
    _printf_core                             0x00003e21   Thumb Code  1744  printfa.o(i._printf_core)
    i._printf_post_padding                   0x000044fc   Section        0  printfa.o(i._printf_post_padding)
    _printf_post_padding                     0x000044fd   Thumb Code    36  printfa.o(i._printf_post_padding)
    i._printf_pre_padding                    0x00004520   Section        0  printfa.o(i._printf_pre_padding)
    _printf_pre_padding                      0x00004521   Thumb Code    46  printfa.o(i._printf_pre_padding)
    i.app_error_fault_handler                0x00004550   Section        0  app_error_weak.o(i.app_error_fault_handler)
    i.app_error_handler                      0x0000457c   Section        0  app_error.o(i.app_error_handler)
    i.app_error_save_and_stop                0x0000459c   Section        0  app_error.o(i.app_error_save_and_stop)
    i.app_fifo_get                           0x00004618   Section        0  app_fifo.o(i.app_fifo_get)
    i.app_fifo_init                          0x00004636   Section        0  app_fifo.o(i.app_fifo_init)
    i.app_fifo_put                           0x0000465a   Section        0  app_fifo.o(i.app_fifo_put)
    i.app_uart_init                          0x0000467c   Section        0  app_uart_fifo.o(i.app_uart_init)
    i.app_uart_put                           0x00004748   Section        0  app_uart_fifo.o(i.app_uart_put)
    i.apply_config                           0x00004780   Section        0  nrf_drv_uart.o(i.apply_config)
    apply_config                             0x00004781   Thumb Code   174  nrf_drv_uart.o(i.apply_config)
    i.atan                                   0x0000483c   Section        0  atan.o(i.atan)
    i.errata_16                              0x0000484c   Section        0  system_nrf52.o(i.errata_16)
    errata_16                                0x0000484d   Thumb Code    42  system_nrf52.o(i.errata_16)
    i.errata_31                              0x0000487c   Section        0  system_nrf52.o(i.errata_31)
    errata_31                                0x0000487d   Thumb Code    78  system_nrf52.o(i.errata_31)
    i.errata_32                              0x000048d0   Section        0  system_nrf52.o(i.errata_32)
    errata_32                                0x000048d1   Thumb Code    42  system_nrf52.o(i.errata_32)
    i.errata_36                              0x00004900   Section        0  system_nrf52.o(i.errata_36)
    errata_36                                0x00004901   Thumb Code    78  system_nrf52.o(i.errata_36)
    i.errata_37                              0x00004954   Section        0  system_nrf52.o(i.errata_37)
    errata_37                                0x00004955   Thumb Code    42  system_nrf52.o(i.errata_37)
    i.errata_57                              0x00004984   Section        0  system_nrf52.o(i.errata_57)
    errata_57                                0x00004985   Thumb Code    42  system_nrf52.o(i.errata_57)
    i.errata_66                              0x000049b4   Section        0  system_nrf52.o(i.errata_66)
    errata_66                                0x000049b5   Thumb Code    42  system_nrf52.o(i.errata_66)
    i.fabs                                   0x000049e4   Section        0  fabs.o(i.fabs)
    i.fifo_get                               0x000049fc   Section        0  app_fifo.o(i.fifo_get)
    fifo_get                                 0x000049fd   Thumb Code    24  app_fifo.o(i.fifo_get)
    i.fifo_length                            0x00004a14   Section        0  app_uart_fifo.o(i.fifo_length)
    fifo_length                              0x00004a15   Thumb Code    10  app_uart_fifo.o(i.fifo_length)
    i.fifo_length                            0x00004a1e   Section        0  app_fifo.o(i.fifo_length)
    fifo_length                              0x00004a1f   Thumb Code    10  app_fifo.o(i.fifo_length)
    i.fifo_peek                              0x00004a28   Section        0  app_fifo.o(i.fifo_peek)
    fifo_peek                                0x00004a29   Thumb Code    18  app_fifo.o(i.fifo_peek)
    i.fifo_put                               0x00004a3a   Section        0  app_fifo.o(i.fifo_put)
    fifo_put                                 0x00004a3b   Thumb Code    18  app_fifo.o(i.fifo_put)
    i.fputc                                  0x00004a4c   Section        0  retarget.o(i.fputc)
    i.invSqrt                                0x00004a5c   Section        0  madgwick.o(i.invSqrt)
    i.irq_handler_twi                        0x00004a98   Section        0  nrf_drv_twi.o(i.irq_handler_twi)
    irq_handler_twi                          0x00004a99   Thumb Code   218  nrf_drv_twi.o(i.irq_handler_twi)
    i.main                                   0x00004b74   Section        0  main.o(i.main)
    i.merge_register_and_data                0x000057a4   Section        0  nrf_drv_mpu_twi.o(i.merge_register_and_data)
    merge_register_and_data                  0x000057a5   Thumb Code    28  nrf_drv_mpu_twi.o(i.merge_register_and_data)
    i.mpu_config                             0x000057c0   Section        0  app_mpu.o(i.mpu_config)
    i.mpu_init                               0x000057d2   Section        0  app_mpu.o(i.mpu_init)
    i.mpu_int_cfg_pin                        0x00005806   Section        0  app_mpu.o(i.mpu_int_cfg_pin)
    i.mpu_magnetometer_init                  0x00005816   Section        0  app_mpu.o(i.mpu_magnetometer_init)
    i.mpu_read_accel                         0x0000584c   Section        0  app_mpu.o(i.mpu_read_accel)
    i.mpu_read_gyro                          0x00005880   Section        0  app_mpu.o(i.mpu_read_gyro)
    i.mpu_read_magnetometer                  0x000058b4   Section        0  app_mpu.o(i.mpu_read_magnetometer)
    i.mpu_setup                              0x000058ec   Section        0  main.o(i.mpu_setup)
    i.nrf_delay_ms                           0x00005990   Section        0  nrf_delay.o(i.nrf_delay_ms)
    i.nrf_drv_common_irq_enable              0x000059ac   Section        0  nrf_drv_common.o(i.nrf_drv_common_irq_enable)
    i.nrf_drv_get_IRQn                       0x00005a0c   Section        0  nrf_drv_twi.o(i.nrf_drv_get_IRQn)
    nrf_drv_get_IRQn                         0x00005a0d   Thumb Code    10  nrf_drv_twi.o(i.nrf_drv_get_IRQn)
    i.nrf_drv_mpu_init                       0x00005a18   Section        0  nrf_drv_mpu_twi.o(i.nrf_drv_mpu_init)
    i.nrf_drv_mpu_read_magnetometer_registers 0x00005a50   Section        0  nrf_drv_mpu_twi.o(i.nrf_drv_mpu_read_magnetometer_registers)
    i.nrf_drv_mpu_read_registers             0x00005ad4   Section        0  nrf_drv_mpu_twi.o(i.nrf_drv_mpu_read_registers)
    i.nrf_drv_mpu_twi_event_handler          0x00005b58   Section        0  nrf_drv_mpu_twi.o(i.nrf_drv_mpu_twi_event_handler)
    nrf_drv_mpu_twi_event_handler            0x00005b59   Thumb Code    80  nrf_drv_mpu_twi.o(i.nrf_drv_mpu_twi_event_handler)
    i.nrf_drv_mpu_write_magnetometer_register 0x00005bb0   Section        0  nrf_drv_mpu_twi.o(i.nrf_drv_mpu_write_magnetometer_register)
    i.nrf_drv_mpu_write_registers            0x00005c04   Section        0  nrf_drv_mpu_twi.o(i.nrf_drv_mpu_write_registers)
    i.nrf_drv_mpu_write_single_register      0x00005c70   Section        0  nrf_drv_mpu_twi.o(i.nrf_drv_mpu_write_single_register)
    i.nrf_drv_twi_enable                     0x00005cc4   Section        0  nrf_drv_twi.o(i.nrf_drv_twi_enable)
    i.nrf_drv_twi_init                       0x00005ce8   Section        0  nrf_drv_twi.o(i.nrf_drv_twi_init)
    i.nrf_drv_twi_rx                         0x00005d84   Section        0  nrf_drv_twi.o(i.nrf_drv_twi_rx)
    i.nrf_drv_twi_tx                         0x00005db0   Section        0  nrf_drv_twi.o(i.nrf_drv_twi_tx)
    i.nrf_drv_twi_xfer                       0x00005dec   Section        0  nrf_drv_twi.o(i.nrf_drv_twi_xfer)
    i.nrf_drv_uart_init                      0x00005e28   Section        0  nrf_drv_uart.o(i.nrf_drv_uart_init)
    i.nrf_drv_uart_rx                        0x00005f0c   Section        0  nrf_drv_uart.o(i.nrf_drv_uart_rx)
    i.nrf_drv_uart_rx_enable                 0x00005fbc   Section        0  nrf_drv_uart.o(i.nrf_drv_uart_rx_enable)
    i.nrf_drv_uart_rx_for_uart               0x00005fdc   Section        0  nrf_drv_uart.o(i.nrf_drv_uart_rx_for_uart)
    nrf_drv_uart_rx_for_uart                 0x00005fdd   Thumb Code   172  nrf_drv_uart.o(i.nrf_drv_uart_rx_for_uart)
    i.nrf_drv_uart_rx_for_uarte              0x00006090   Section        0  nrf_drv_uart.o(i.nrf_drv_uart_rx_for_uarte)
    nrf_drv_uart_rx_for_uarte                0x00006091   Thumb Code   168  nrf_drv_uart.o(i.nrf_drv_uart_rx_for_uarte)
    i.nrf_drv_uart_tx                        0x00006144   Section        0  nrf_drv_uart.o(i.nrf_drv_uart_tx)
    i.nrf_drv_uart_tx_for_uart               0x0000618c   Section        0  nrf_drv_uart.o(i.nrf_drv_uart_tx_for_uart)
    nrf_drv_uart_tx_for_uart                 0x0000618d   Thumb Code   132  nrf_drv_uart.o(i.nrf_drv_uart_tx_for_uart)
    i.nrf_drv_uart_tx_for_uarte              0x00006218   Section        0  nrf_drv_uart.o(i.nrf_drv_uart_tx_for_uarte)
    nrf_drv_uart_tx_for_uarte                0x00006219   Thumb Code   104  nrf_drv_uart.o(i.nrf_drv_uart_tx_for_uarte)
    i.nrf_drv_uart_tx_in_progress            0x00006288   Section        0  nrf_drv_uart.o(i.nrf_drv_uart_tx_in_progress)
    i.nrf_gpio_cfg                           0x0000629c   Section        0  nrf_drv_uart.o(i.nrf_gpio_cfg)
    nrf_gpio_cfg                             0x0000629d   Thumb Code    30  nrf_drv_uart.o(i.nrf_gpio_cfg)
    i.nrf_gpio_cfg_input                     0x000062c0   Section        0  nrf_drv_uart.o(i.nrf_gpio_cfg_input)
    nrf_gpio_cfg_input                       0x000062c1   Thumb Code    26  nrf_drv_uart.o(i.nrf_gpio_cfg_input)
    i.nrf_gpio_cfg_output                    0x000062da   Section        0  nrf_drv_uart.o(i.nrf_gpio_cfg_output)
    nrf_gpio_cfg_output                      0x000062db   Thumb Code    24  nrf_drv_uart.o(i.nrf_gpio_cfg_output)
    i.nrf_gpio_pin_clear                     0x000062f4   Section        0  nrf_drv_twi.o(i.nrf_gpio_pin_clear)
    nrf_gpio_pin_clear                       0x000062f5   Thumb Code    10  nrf_drv_twi.o(i.nrf_gpio_pin_clear)
    i.nrf_gpio_pin_set                       0x00006304   Section        0  nrf_drv_twi.o(i.nrf_gpio_pin_set)
    nrf_gpio_pin_set                         0x00006305   Thumb Code    10  nrf_drv_twi.o(i.nrf_gpio_pin_set)
    i.nrf_gpio_pin_set                       0x00006314   Section        0  nrf_drv_uart.o(i.nrf_gpio_pin_set)
    nrf_gpio_pin_set                         0x00006315   Thumb Code    10  nrf_drv_uart.o(i.nrf_gpio_pin_set)
    i.nrf_twi_event_check                    0x00006324   Section        0  nrf_drv_twi.o(i.nrf_twi_event_check)
    nrf_twi_event_check                      0x00006325   Thumb Code    14  nrf_drv_twi.o(i.nrf_twi_event_check)
    i.nrf_twi_event_clear                    0x00006332   Section        0  nrf_drv_twi.o(i.nrf_twi_event_clear)
    nrf_twi_event_clear                      0x00006333   Thumb Code     6  nrf_drv_twi.o(i.nrf_twi_event_clear)
    i.nrf_twi_int_disable                    0x00006338   Section        0  nrf_drv_twi.o(i.nrf_twi_int_disable)
    nrf_twi_int_disable                      0x00006339   Thumb Code     6  nrf_drv_twi.o(i.nrf_twi_int_disable)
    i.nrf_twi_int_enable                     0x0000633e   Section        0  nrf_drv_twi.o(i.nrf_twi_int_enable)
    nrf_twi_int_enable                       0x0000633f   Thumb Code     6  nrf_drv_twi.o(i.nrf_twi_int_enable)
    i.nrf_twi_shorts_set                     0x00006344   Section        0  nrf_drv_twi.o(i.nrf_twi_shorts_set)
    nrf_twi_shorts_set                       0x00006345   Thumb Code     6  nrf_drv_twi.o(i.nrf_twi_shorts_set)
    i.nrf_twi_task_trigger                   0x0000634a   Section        0  nrf_drv_twi.o(i.nrf_twi_task_trigger)
    nrf_twi_task_trigger                     0x0000634b   Thumb Code     6  nrf_drv_twi.o(i.nrf_twi_task_trigger)
    i.nrf_uart_errorsrc_get_and_clear        0x00006350   Section        0  nrf_drv_uart.o(i.nrf_uart_errorsrc_get_and_clear)
    nrf_uart_errorsrc_get_and_clear          0x00006351   Thumb Code    12  nrf_drv_uart.o(i.nrf_uart_errorsrc_get_and_clear)
    i.nrf_uart_event_check                   0x0000635c   Section        0  nrf_drv_uart.o(i.nrf_uart_event_check)
    nrf_uart_event_check                     0x0000635d   Thumb Code    14  nrf_drv_uart.o(i.nrf_uart_event_check)
    i.nrf_uart_event_clear                   0x0000636a   Section        0  nrf_drv_uart.o(i.nrf_uart_event_clear)
    nrf_uart_event_clear                     0x0000636b   Thumb Code     6  nrf_drv_uart.o(i.nrf_uart_event_clear)
    i.nrf_uart_hwfc_pins_set                 0x00006370   Section        0  nrf_drv_uart.o(i.nrf_uart_hwfc_pins_set)
    nrf_uart_hwfc_pins_set                   0x00006371   Thumb Code    10  nrf_drv_uart.o(i.nrf_uart_hwfc_pins_set)
    i.nrf_uart_int_disable                   0x0000637a   Section        0  nrf_drv_uart.o(i.nrf_uart_int_disable)
    nrf_uart_int_disable                     0x0000637b   Thumb Code     6  nrf_drv_uart.o(i.nrf_uart_int_disable)
    i.nrf_uart_int_enable                    0x00006380   Section        0  nrf_drv_uart.o(i.nrf_uart_int_enable)
    nrf_uart_int_enable                      0x00006381   Thumb Code     6  nrf_drv_uart.o(i.nrf_uart_int_enable)
    i.nrf_uart_int_enable_check              0x00006386   Section        0  nrf_drv_uart.o(i.nrf_uart_int_enable_check)
    nrf_uart_int_enable_check                0x00006387   Thumb Code    18  nrf_drv_uart.o(i.nrf_uart_int_enable_check)
    i.nrf_uart_task_trigger                  0x00006398   Section        0  nrf_drv_uart.o(i.nrf_uart_task_trigger)
    nrf_uart_task_trigger                    0x00006399   Thumb Code     6  nrf_drv_uart.o(i.nrf_uart_task_trigger)
    i.nrf_uart_txrx_pins_set                 0x0000639e   Section        0  nrf_drv_uart.o(i.nrf_uart_txrx_pins_set)
    nrf_uart_txrx_pins_set                   0x0000639f   Thumb Code    10  nrf_drv_uart.o(i.nrf_uart_txrx_pins_set)
    i.nrf_uarte_errorsrc_get_and_clear       0x000063a8   Section        0  nrf_drv_uart.o(i.nrf_uarte_errorsrc_get_and_clear)
    nrf_uarte_errorsrc_get_and_clear         0x000063a9   Thumb Code    12  nrf_drv_uart.o(i.nrf_uarte_errorsrc_get_and_clear)
    i.nrf_uarte_event_check                  0x000063b4   Section        0  nrf_drv_uart.o(i.nrf_uarte_event_check)
    nrf_uarte_event_check                    0x000063b5   Thumb Code    14  nrf_drv_uart.o(i.nrf_uarte_event_check)
    i.nrf_uarte_event_clear                  0x000063c2   Section        0  nrf_drv_uart.o(i.nrf_uarte_event_clear)
    nrf_uarte_event_clear                    0x000063c3   Thumb Code     6  nrf_drv_uart.o(i.nrf_uarte_event_clear)
    i.nrf_uarte_hwfc_pins_set                0x000063c8   Section        0  nrf_drv_uart.o(i.nrf_uarte_hwfc_pins_set)
    nrf_uarte_hwfc_pins_set                  0x000063c9   Thumb Code    12  nrf_drv_uart.o(i.nrf_uarte_hwfc_pins_set)
    i.nrf_uarte_int_disable                  0x000063d4   Section        0  nrf_drv_uart.o(i.nrf_uarte_int_disable)
    nrf_uarte_int_disable                    0x000063d5   Thumb Code     6  nrf_drv_uart.o(i.nrf_uarte_int_disable)
    i.nrf_uarte_int_enable                   0x000063da   Section        0  nrf_drv_uart.o(i.nrf_uarte_int_enable)
    nrf_uarte_int_enable                     0x000063db   Thumb Code     6  nrf_drv_uart.o(i.nrf_uarte_int_enable)
    i.nrf_uarte_rx_amount_get                0x000063e0   Section        0  nrf_drv_uart.o(i.nrf_uarte_rx_amount_get)
    nrf_uarte_rx_amount_get                  0x000063e1   Thumb Code    10  nrf_drv_uart.o(i.nrf_uarte_rx_amount_get)
    i.nrf_uarte_task_trigger                 0x000063ea   Section        0  nrf_drv_uart.o(i.nrf_uarte_task_trigger)
    nrf_uarte_task_trigger                   0x000063eb   Thumb Code     6  nrf_drv_uart.o(i.nrf_uarte_task_trigger)
    i.nrf_uarte_txrx_pins_set                0x000063f0   Section        0  nrf_drv_uart.o(i.nrf_uarte_txrx_pins_set)
    nrf_uarte_txrx_pins_set                  0x000063f1   Thumb Code    14  nrf_drv_uart.o(i.nrf_uarte_txrx_pins_set)
    i.rx_byte                                0x00006400   Section        0  nrf_drv_uart.o(i.rx_byte)
    rx_byte                                  0x00006401   Thumb Code    68  nrf_drv_uart.o(i.rx_byte)
    i.rx_done_event                          0x00006450   Section        0  nrf_drv_uart.o(i.rx_done_event)
    rx_done_event                            0x00006451   Thumb Code    30  nrf_drv_uart.o(i.rx_done_event)
    i.rx_enable                              0x00006474   Section        0  nrf_drv_uart.o(i.rx_enable)
    rx_enable                                0x00006475   Thumb Code    32  nrf_drv_uart.o(i.rx_enable)
    i.sqrt                                   0x00006498   Section        0  sqrt.o(i.sqrt)
    i.sqrtf                                  0x00006506   Section        0  sqrtf.o(i.sqrtf)
    i.twi_clear_bus                          0x00006544   Section        0  nrf_drv_twi.o(i.twi_clear_bus)
    twi_clear_bus                            0x00006545   Thumb Code   132  nrf_drv_twi.o(i.twi_clear_bus)
    i.twi_receive_byte                       0x000065d0   Section        0  nrf_drv_twi.o(i.twi_receive_byte)
    twi_receive_byte                         0x000065d1   Thumb Code    76  nrf_drv_twi.o(i.twi_receive_byte)
    i.twi_rx_start_transfer                  0x0000661c   Section        0  nrf_drv_twi.o(i.twi_rx_start_transfer)
    twi_rx_start_transfer                    0x0000661d   Thumb Code   166  nrf_drv_twi.o(i.twi_rx_start_transfer)
    i.twi_send_byte                          0x000066c2   Section        0  nrf_drv_twi.o(i.twi_send_byte)
    twi_send_byte                            0x000066c3   Thumb Code    72  nrf_drv_twi.o(i.twi_send_byte)
    i.twi_transfer                           0x0000670a   Section        0  nrf_drv_twi.o(i.twi_transfer)
    twi_transfer                             0x0000670b   Thumb Code   290  nrf_drv_twi.o(i.twi_transfer)
    i.twi_tx_start_transfer                  0x0000682c   Section        0  nrf_drv_twi.o(i.twi_tx_start_transfer)
    twi_tx_start_transfer                    0x0000682d   Thumb Code   172  nrf_drv_twi.o(i.twi_tx_start_transfer)
    i.twi_xfer                               0x000068d8   Section        0  nrf_drv_twi.o(i.twi_xfer)
    twi_xfer                                 0x000068d9   Thumb Code   184  nrf_drv_twi.o(i.twi_xfer)
    i.tx_byte                                0x00006990   Section        0  nrf_drv_uart.o(i.tx_byte)
    tx_byte                                  0x00006991   Thumb Code    42  nrf_drv_uart.o(i.tx_byte)
    i.tx_done_event                          0x000069c8   Section        0  nrf_drv_uart.o(i.tx_done_event)
    tx_done_event                            0x000069c9   Thumb Code    38  nrf_drv_uart.o(i.tx_done_event)
    i.uart_config                            0x000069f4   Section        0  main.o(i.uart_config)
    uart_config                              0x000069f5   Thumb Code    74  main.o(i.uart_config)
    i.uart_event_handler                     0x00006a60   Section        0  app_uart_fifo.o(i.uart_event_handler)
    uart_event_handler                       0x00006a61   Thumb Code   170  app_uart_fifo.o(i.uart_event_handler)
    i.uart_events_handler                    0x00006b20   Section        0  main.o(i.uart_events_handler)
    uart_events_handler                      0x00006b21   Thumb Code    52  main.o(i.uart_events_handler)
    i.uart_irq_handler                       0x00006b64   Section        0  nrf_drv_uart.o(i.uart_irq_handler)
    uart_irq_handler                         0x00006b65   Thumb Code   342  nrf_drv_uart.o(i.uart_irq_handler)
    i.uarte_irq_handler                      0x00006cc4   Section        0  nrf_drv_uart.o(i.uarte_irq_handler)
    uarte_irq_handler                        0x00006cc5   Thumb Code   286  nrf_drv_uart.o(i.uarte_irq_handler)
    .constdata                               0x00006df0   Section      100  main.o(.constdata)
    .constdata                               0x00006e54   Section       24  nrf_drv_mpu_twi.o(.constdata)
    m_twi_instance                           0x00006e54   Data           8  nrf_drv_mpu_twi.o(.constdata)
    .constdata                               0x00006e6c   Section       32  fusionahrs.o(.constdata)
    .constdata                               0x00006e8c   Section       32  app_uart_fifo.o(.constdata)
    .constdata                               0x00006eac   Section       28  nrf_drv_twi.o(.constdata)
    m_default_config                         0x00006eac   Data          16  nrf_drv_twi.o(.constdata)
    .constdata                               0x00006ec8   Section       32  nrf_drv_uart.o(.constdata)
    m_default_config                         0x00006ec8   Data          32  nrf_drv_uart.o(.constdata)
    .constdata                               0x00006ee8   Section       80  asin.o(.constdata)
    pS                                       0x00006ee8   Data          48  asin.o(.constdata)
    qS                                       0x00006f18   Data          32  asin.o(.constdata)
    .constdata                               0x00006f38   Section      152  atan.o(.constdata)
    atanhi                                   0x00006f38   Data          32  atan.o(.constdata)
    atanlo                                   0x00006f58   Data          32  atan.o(.constdata)
    aTodd                                    0x00006f78   Data          40  atan.o(.constdata)
    aTeven                                   0x00006fa0   Data          48  atan.o(.constdata)
    .constdata                               0x00006fd0   Section        8  qnan.o(.constdata)
    .constdata                               0x00006fd8   Section       32  rredf.o(.constdata)
    twooverpi                                0x00006fd8   Data          32  rredf.o(.constdata)
    .conststring                             0x00006ff8   Section       74  main.o(.conststring)
    .data                                    0x20000000   Section      161  main.o(.data)
    rx_buf                                   0x200000a0   Data           1  main.o(.data)
    .data                                    0x200000a1   Section        2  nrf_drv_mpu_twi.o(.data)
    twi_tx_done                              0x200000a1   Data           1  nrf_drv_mpu_twi.o(.data)
    twi_rx_done                              0x200000a2   Data           1  nrf_drv_mpu_twi.o(.data)
    .data                                    0x200000a4   Section       36  madgwick.o(.data)
    .data                                    0x200000c8   Section        6  app_uart_fifo.o(.data)
    m_event_handler                          0x200000c8   Data           4  app_uart_fifo.o(.data)
    tx_buffer                                0x200000cc   Data           1  app_uart_fifo.o(.data)
    rx_buffer                                0x200000cd   Data           1  app_uart_fifo.o(.data)
    .data                                    0x200000d0   Section        8  retarget.o(.data)
    .data                                    0x200000d8   Section        4  system_nrf52.o(.data)
    __tagsym$$used                           0x200000d8   Number         0  system_nrf52.o(.data)
    .data                                    0x200000dc   Section        4  errno.o(.data)
    _errno                                   0x200000dc   Data           4  errno.o(.data)
    .bss                                     0x200000e0   Section      256  main.o(.bss)
    tx_buf                                   0x200000e0   Data         256  main.o(.bss)
    .bss                                     0x200001e0   Section       14  nrf_drv_mpu_twi.o(.bss)
    .bss                                     0x200001f0   Section       32  app_uart_fifo.o(.bss)
    m_rx_fifo                                0x200001f0   Data          16  app_uart_fifo.o(.bss)
    m_tx_fifo                                0x20000200   Data          16  app_uart_fifo.o(.bss)
    .bss                                     0x20000210   Section       40  nrf_drv_twi.o(.bss)
    m_cb                                     0x20000210   Data          40  nrf_drv_twi.o(.bss)
    .bss                                     0x20000238   Section       32  nrf_drv_uart.o(.bss)
    m_cb                                     0x20000238   Data          32  nrf_drv_uart.o(.bss)
    .bss                                     0x20000258   Section       32  app_error.o(.bss)
    m_error_data                             0x20000258   Data          32  app_error.o(.bss)
    STACK                                    0x20000278   Section     8192  arm_startup_nrf52.o(STACK)

    Global Symbols

    Symbol Name                              Value     Ov Type        Size  Object(Section)

    BuildAttributes$$THM_ISAv4$E$P$D$K$B$S$7EM$VFPi3$EXTD16$VFPS$VFMA$PE$A:L22UL41UL21$X:L11$S22US41US21$IEEE1$IW$USESV6$~STKCKD$USESV7$~SHL$OTIME$ROPI$IEEEX$EBA8$MICROLIB$REQ8$PRES8$EABIv2 0x00000000   Number         0  anon$$obj.o ABSOLUTE
    __ARM_use_no_argv                        0x00000000   Number         0  main.o ABSOLUTE
    __Vectors                                0x00000000   Data           4  arm_startup_nrf52.o(RESET)
    _printf_a                                0x00000000   Number         0  stubs.o ABSOLUTE
    _printf_c                                0x00000000   Number         0  stubs.o ABSOLUTE
    _printf_charcount                        0x00000000   Number         0  stubs.o ABSOLUTE
    _printf_d                                0x00000000   Number         0  stubs.o ABSOLUTE
    _printf_e                                0x00000000   Number         0  stubs.o ABSOLUTE
    _printf_f                                0x00000000   Number         0  stubs.o ABSOLUTE
    _printf_flags                            0x00000000   Number         0  stubs.o ABSOLUTE
    _printf_fp_dec                           0x00000000   Number         0  stubs.o ABSOLUTE
    _printf_fp_hex                           0x00000000   Number         0  stubs.o ABSOLUTE
    _printf_g                                0x00000000   Number         0  stubs.o ABSOLUTE
    _printf_i                                0x00000000   Number         0  stubs.o ABSOLUTE
    _printf_int_dec                          0x00000000   Number         0  stubs.o ABSOLUTE
    _printf_l                                0x00000000   Number         0  stubs.o ABSOLUTE
    _printf_lc                               0x00000000   Number         0  stubs.o ABSOLUTE
    _printf_ll                               0x00000000   Number         0  stubs.o ABSOLUTE
    _printf_lld                              0x00000000   Number         0  stubs.o ABSOLUTE
    _printf_lli                              0x00000000   Number         0  stubs.o ABSOLUTE
    _printf_llo                              0x00000000   Number         0  stubs.o ABSOLUTE
    _printf_llu                              0x00000000   Number         0  stubs.o ABSOLUTE
    _printf_llx                              0x00000000   Number         0  stubs.o ABSOLUTE
    _printf_longlong_dec                     0x00000000   Number         0  stubs.o ABSOLUTE
    _printf_longlong_hex                     0x00000000   Number         0  stubs.o ABSOLUTE
    _printf_longlong_oct                     0x00000000   Number         0  stubs.o ABSOLUTE
    _printf_ls                               0x00000000   Number         0  stubs.o ABSOLUTE
    _printf_mbtowc                           0x00000000   Number         0  stubs.o ABSOLUTE
    _printf_n                                0x00000000   Number         0  stubs.o ABSOLUTE
    _printf_o                                0x00000000   Number         0  stubs.o ABSOLUTE
    _printf_p                                0x00000000   Number         0  stubs.o ABSOLUTE
    _printf_percent                          0x00000000   Number         0  stubs.o ABSOLUTE
    _printf_pre_padding                      0x00000000   Number         0  stubs.o ABSOLUTE
    _printf_return_value                     0x00000000   Number         0  stubs.o ABSOLUTE
    _printf_s                                0x00000000   Number         0  stubs.o ABSOLUTE
    _printf_sizespec                         0x00000000   Number         0  stubs.o ABSOLUTE
    _printf_str                              0x00000000   Number         0  stubs.o ABSOLUTE
    _printf_truncate_signed                  0x00000000   Number         0  stubs.o ABSOLUTE
    _printf_truncate_unsigned                0x00000000   Number         0  stubs.o ABSOLUTE
    _printf_u                                0x00000000   Number         0  stubs.o ABSOLUTE
    _printf_wc                               0x00000000   Number         0  stubs.o ABSOLUTE
    _printf_wctomb                           0x00000000   Number         0  stubs.o ABSOLUTE
    _printf_widthprec                        0x00000000   Number         0  stubs.o ABSOLUTE
    _printf_x                                0x00000000   Number         0  stubs.o ABSOLUTE
    __cpp_initialize__aeabi_                  - Undefined Weak Reference
    __cxa_finalize                            - Undefined Weak Reference
    __decompress                              - Undefined Weak Reference
    _clock_init                               - Undefined Weak Reference
    _microlib_exit                            - Undefined Weak Reference
    __Vectors_End                            0x00000400   Data           0  arm_startup_nrf52.o(RESET)
    __Vectors_Size                           0x00000400   Number         0  arm_startup_nrf52.o ABSOLUTE
    __main                                   0x00000401   Thumb Code     0  entry.o(.ARM.Collect$$$$00000000)
    _main_stk                                0x00000401   Thumb Code     0  entry2.o(.ARM.Collect$$$$00000001)
    _main_scatterload                        0x00000405   Thumb Code     0  entry5.o(.ARM.Collect$$$$00000004)
    __main_after_scatterload                 0x00000409   Thumb Code     0  entry5.o(.ARM.Collect$$$$00000004)
    _main_clock                              0x00000409   Thumb Code     0  entry7b.o(.ARM.Collect$$$$00000008)
    _main_cpp_init                           0x00000409   Thumb Code     0  entry8b.o(.ARM.Collect$$$$0000000A)
    _main_init                               0x00000409   Thumb Code     0  entry9a.o(.ARM.Collect$$$$0000000B)
    __rt_final_cpp                           0x00000411   Thumb Code     0  entry10a.o(.ARM.Collect$$$$0000000D)
    __rt_final_exit                          0x00000411   Thumb Code     0  entry11a.o(.ARM.Collect$$$$0000000F)
    __asm___11_nrf_delay_c_532987f3__nrf_delay_us 0x00000415   Thumb Code   118  nrf_delay.o(.emb_text)
    __asm___13_nrf_drv_twi_c_a9bcf68d__nrf_delay_us 0x0000048d   Thumb Code   118  nrf_drv_twi.o(.emb_text)
    Reset_Handler                            0x00000505   Thumb Code     8  arm_startup_nrf52.o(.text)
    NMI_Handler                              0x0000050d   Thumb Code     2  arm_startup_nrf52.o(.text)
    HardFault_Handler                        0x0000050f   Thumb Code     2  arm_startup_nrf52.o(.text)
    MemoryManagement_Handler                 0x00000511   Thumb Code     2  arm_startup_nrf52.o(.text)
    BusFault_Handler                         0x00000513   Thumb Code     2  arm_startup_nrf52.o(.text)
    UsageFault_Handler                       0x00000515   Thumb Code     2  arm_startup_nrf52.o(.text)
    SVC_Handler                              0x00000517   Thumb Code     2  arm_startup_nrf52.o(.text)
    DebugMonitor_Handler                     0x00000519   Thumb Code     2  arm_startup_nrf52.o(.text)
    PendSV_Handler                           0x0000051b   Thumb Code     2  arm_startup_nrf52.o(.text)
    SysTick_Handler                          0x0000051d   Thumb Code     2  arm_startup_nrf52.o(.text)
    CCM_AAR_IRQHandler                       0x0000051f   Thumb Code     0  arm_startup_nrf52.o(.text)
    COMP_LPCOMP_IRQHandler                   0x0000051f   Thumb Code     0  arm_startup_nrf52.o(.text)
    ECB_IRQHandler                           0x0000051f   Thumb Code     0  arm_startup_nrf52.o(.text)
    FPU_IRQHandler                           0x0000051f   Thumb Code     0  arm_startup_nrf52.o(.text)
    GPIOTE_IRQHandler                        0x0000051f   Thumb Code     0  arm_startup_nrf52.o(.text)
    I2S_IRQHandler                           0x0000051f   Thumb Code     0  arm_startup_nrf52.o(.text)
    MWU_IRQHandler                           0x0000051f   Thumb Code     0  arm_startup_nrf52.o(.text)
    NFCT_IRQHandler                          0x0000051f   Thumb Code     0  arm_startup_nrf52.o(.text)
    PDM_IRQHandler                           0x0000051f   Thumb Code     0  arm_startup_nrf52.o(.text)
    POWER_CLOCK_IRQHandler                   0x0000051f   Thumb Code     0  arm_startup_nrf52.o(.text)
    PWM0_IRQHandler                          0x0000051f   Thumb Code     0  arm_startup_nrf52.o(.text)
    PWM1_IRQHandler                          0x0000051f   Thumb Code     0  arm_startup_nrf52.o(.text)
    PWM2_IRQHandler                          0x0000051f   Thumb Code     0  arm_startup_nrf52.o(.text)
    QDEC_IRQHandler                          0x0000051f   Thumb Code     0  arm_startup_nrf52.o(.text)
    RADIO_IRQHandler                         0x0000051f   Thumb Code     0  arm_startup_nrf52.o(.text)
    RNG_IRQHandler                           0x0000051f   Thumb Code     0  arm_startup_nrf52.o(.text)
    RTC0_IRQHandler                          0x0000051f   Thumb Code     0  arm_startup_nrf52.o(.text)
    RTC1_IRQHandler                          0x0000051f   Thumb Code     0  arm_startup_nrf52.o(.text)
    RTC2_IRQHandler                          0x0000051f   Thumb Code     0  arm_startup_nrf52.o(.text)
    SAADC_IRQHandler                         0x0000051f   Thumb Code     0  arm_startup_nrf52.o(.text)
    SPIM1_SPIS1_TWIM1_TWIS1_SPI1_TWI1_IRQHandler 0x0000051f   Thumb Code     0  arm_startup_nrf52.o(.text)
    SPIM2_SPIS2_SPI2_IRQHandler              0x0000051f   Thumb Code     0  arm_startup_nrf52.o(.text)
    SWI0_EGU0_IRQHandler                     0x0000051f   Thumb Code     0  arm_startup_nrf52.o(.text)
    SWI1_EGU1_IRQHandler                     0x0000051f   Thumb Code     0  arm_startup_nrf52.o(.text)
    SWI2_EGU2_IRQHandler                     0x0000051f   Thumb Code     0  arm_startup_nrf52.o(.text)
    SWI3_EGU3_IRQHandler                     0x0000051f   Thumb Code     0  arm_startup_nrf52.o(.text)
    SWI4_EGU4_IRQHandler                     0x0000051f   Thumb Code     0  arm_startup_nrf52.o(.text)
    SWI5_EGU5_IRQHandler                     0x0000051f   Thumb Code     0  arm_startup_nrf52.o(.text)
    TEMP_IRQHandler                          0x0000051f   Thumb Code     0  arm_startup_nrf52.o(.text)
    TIMER0_IRQHandler                        0x0000051f   Thumb Code     0  arm_startup_nrf52.o(.text)
    TIMER1_IRQHandler                        0x0000051f   Thumb Code     0  arm_startup_nrf52.o(.text)
    TIMER2_IRQHandler                        0x0000051f   Thumb Code     0  arm_startup_nrf52.o(.text)
    TIMER3_IRQHandler                        0x0000051f   Thumb Code     0  arm_startup_nrf52.o(.text)
    TIMER4_IRQHandler                        0x0000051f   Thumb Code     0  arm_startup_nrf52.o(.text)
    WDT_IRQHandler                           0x0000051f   Thumb Code     0  arm_startup_nrf52.o(.text)
    __aeabi_memcpy                           0x00000529   Thumb Code    36  memcpya.o(.text)
    __aeabi_memcpy4                          0x00000529   Thumb Code     0  memcpya.o(.text)
    __aeabi_memcpy8                          0x00000529   Thumb Code     0  memcpya.o(.text)
    __aeabi_dmul                             0x0000054d   Thumb Code   228  dmul.o(.text)
    __aeabi_ddiv                             0x00000631   Thumb Code   222  ddiv.o(.text)
    __aeabi_f2d                              0x0000070f   Thumb Code    38  f2d.o(.text)
    __aeabi_d2f                              0x00000735   Thumb Code    56  d2f.o(.text)
    __aeabi_uidiv                            0x0000076d   Thumb Code     0  uidiv.o(.text)
    __aeabi_uidivmod                         0x0000076d   Thumb Code    44  uidiv.o(.text)
    __aeabi_uldivmod                         0x00000799   Thumb Code    98  uldiv.o(.text)
    __I$use$fp                               0x000007fb   Thumb Code     0  iusefp.o(.text)
    _float_round                             0x000007fb   Thumb Code    18  fepilogue.o(.text)
    _float_epilogue                          0x0000080d   Thumb Code    92  fepilogue.o(.text)
    _double_round                            0x00000869   Thumb Code    30  depilogue.o(.text)
    _double_epilogue                         0x00000887   Thumb Code   156  depilogue.o(.text)
    __aeabi_dadd                             0x00000923   Thumb Code   322  dadd.o(.text)
    __aeabi_dsub                             0x00000a65   Thumb Code     6  dadd.o(.text)
    __aeabi_drsub                            0x00000a6b   Thumb Code     6  dadd.o(.text)
    _dsqrt                                   0x00000a71   Thumb Code   162  dsqrt.o(.text)
    __aeabi_d2ulz                            0x00000b13   Thumb Code    48  dfixul.o(.text)
    __aeabi_cdrcmple                         0x00000b45   Thumb Code    48  cdrcmple.o(.text)
    __scatterload                            0x00000b75   Thumb Code    28  init.o(.text)
    __scatterload_rt2                        0x00000b75   Thumb Code     0  init.o(.text)
    __aeabi_llsl                             0x00000b99   Thumb Code    30  llshl.o(.text)
    _ll_shift_l                              0x00000b99   Thumb Code     0  llshl.o(.text)
    __aeabi_llsr                             0x00000bb7   Thumb Code    32  llushr.o(.text)
    _ll_ushift_r                             0x00000bb7   Thumb Code     0  llushr.o(.text)
    __aeabi_lasr                             0x00000bd7   Thumb Code    36  llsshr.o(.text)
    _ll_sshift_r                             0x00000bd7   Thumb Code     0  llsshr.o(.text)
    FusionAhrsCalculateEarthAcceleration     0x00000bfb   Thumb Code   316  fusionahrs.o(i.FusionAhrsCalculateEarthAcceleration)
    FusionAhrsInitialise                     0x00000d39   Thumb Code    82  fusionahrs.o(i.FusionAhrsInitialise)
    FusionAhrsIsInitialising                 0x00000d91   Thumb Code    28  fusionahrs.o(i.FusionAhrsIsInitialising)
    FusionAhrsReinitialise                   0x00000dad   Thumb Code    62  fusionahrs.o(i.FusionAhrsReinitialise)
    FusionAhrsUpdate                         0x00000df1   Thumb Code  2260  fusionahrs.o(i.FusionAhrsUpdate)
    FusionAhrsZeroYaw                        0x000016c9   Thumb Code   560  fusionahrs.o(i.FusionAhrsZeroYaw)
    FusionBiasInitialise                     0x000018f9   Thumb Code    36  fusionbias.o(i.FusionBiasInitialise)
    FusionBiasIsActive                       0x00001921   Thumb Code    28  fusionbias.o(i.FusionBiasIsActive)
    FusionBiasUpdate                         0x0000193d   Thumb Code   434  fusionbias.o(i.FusionBiasUpdate)
    FusionCompassCalculateHeading            0x00001afd   Thumb Code   704  fusioncompass.o(i.FusionCompassCalculateHeading)
    MadgwickAHRSupdate                       0x00001dc9   Thumb Code  2474  madgwick.o(i.MadgwickAHRSupdate)
    SPIM0_SPIS0_TWIM0_TWIS0_SPI0_TWI0_IRQHandler 0x00002789   Thumb Code    12  nrf_drv_twi.o(i.SPIM0_SPIS0_TWIM0_TWIS0_SPI0_TWI0_IRQHandler)
    SystemCoreClockUpdate                    0x0000279d   Thumb Code     8  system_nrf52.o(i.SystemCoreClockUpdate)
    SystemInit                               0x000027ad   Thumb Code   512  system_nrf52.o(i.SystemInit)
    UARTE0_UART0_IRQHandler                  0x000029e1   Thumb Code    20  nrf_drv_uart.o(i.UARTE0_UART0_IRQHandler)
    __0printf                                0x000029f9   Thumb Code    22  printfa.o(i.__0printf)
    __1printf                                0x000029f9   Thumb Code     0  printfa.o(i.__0printf)
    __2printf                                0x000029f9   Thumb Code     0  printfa.o(i.__0printf)
    __c89printf                              0x000029f9   Thumb Code     0  printfa.o(i.__0printf)
    printf                                   0x000029f9   Thumb Code     0  printfa.o(i.__0printf)
    __ARM_fpclassify                         0x00002a19   Thumb Code    48  fpclassify.o(i.__ARM_fpclassify)
    __ARM_fpclassifyf                        0x00002a49   Thumb Code    38  fpclassifyf.o(i.__ARM_fpclassifyf)
    __hardfp_asin                            0x00002a71   Thumb Code   770  asin.o(i.__hardfp_asin)
    __hardfp_asinf                           0x00002dd1   Thumb Code   258  asinf.o(i.__hardfp_asinf)
    __hardfp_atan                            0x00002f01   Thumb Code   622  atan.o(i.__hardfp_atan)
    __hardfp_atan2                           0x000031d9   Thumb Code   432  atan2.o(i.__hardfp_atan2)
    __hardfp_atan2f                          0x000033c9   Thumb Code   502  atan2f.o(i.__hardfp_atan2f)
    __hardfp_cosf                            0x00003619   Thumb Code   280  cosf.o(i.__hardfp_cosf)
    __hardfp_sinf                            0x00003769   Thumb Code   344  sinf.o(i.__hardfp_sinf)
    __hardfp_sqrt                            0x000038f9   Thumb Code   122  sqrt.o(i.__hardfp_sqrt)
    __hardfp_sqrtf                           0x00003973   Thumb Code    58  sqrtf.o(i.__hardfp_sqrtf)
    __kernel_poly                            0x000039ad   Thumb Code   248  poly.o(i.__kernel_poly)
    __mathlib_dbl_infnan                     0x00003aa5   Thumb Code    20  dunder.o(i.__mathlib_dbl_infnan)
    __mathlib_dbl_infnan2                    0x00003ab9   Thumb Code    20  dunder.o(i.__mathlib_dbl_infnan2)
    __mathlib_dbl_invalid                    0x00003ad1   Thumb Code    24  dunder.o(i.__mathlib_dbl_invalid)
    __mathlib_dbl_underflow                  0x00003af1   Thumb Code    24  dunder.o(i.__mathlib_dbl_underflow)
    __mathlib_flt_infnan                     0x00003b11   Thumb Code     6  funder.o(i.__mathlib_flt_infnan)
    __mathlib_flt_infnan2                    0x00003b17   Thumb Code     6  funder.o(i.__mathlib_flt_infnan2)
    __mathlib_flt_invalid                    0x00003b1d   Thumb Code    10  funder.o(i.__mathlib_flt_invalid)
    __mathlib_flt_underflow                  0x00003b2d   Thumb Code    10  funder.o(i.__mathlib_flt_underflow)
    __mathlib_rredf2                         0x00003b3d   Thumb Code   316  rredf.o(i.__mathlib_rredf2)
    __scatterload_copy                       0x00003c91   Thumb Code    14  handlers.o(i.__scatterload_copy)
    __scatterload_null                       0x00003c9f   Thumb Code     2  handlers.o(i.__scatterload_null)
    __scatterload_zeroinit                   0x00003ca1   Thumb Code    14  handlers.o(i.__scatterload_zeroinit)
    __set_errno                              0x00003cb1   Thumb Code     6  errno.o(i.__set_errno)
    app_error_fault_handler                  0x00004551   Thumb Code    38  app_error_weak.o(i.app_error_fault_handler)
    app_error_handler                        0x0000457d   Thumb Code    32  app_error.o(i.app_error_handler)
    app_error_save_and_stop                  0x0000459d   Thumb Code   118  app_error.o(i.app_error_save_and_stop)
    app_fifo_get                             0x00004619   Thumb Code    30  app_fifo.o(i.app_fifo_get)
    app_fifo_init                            0x00004637   Thumb Code    36  app_fifo.o(i.app_fifo_init)
    app_fifo_put                             0x0000465b   Thumb Code    34  app_fifo.o(i.app_fifo_put)
    app_uart_init                            0x0000467d   Thumb Code   178  app_uart_fifo.o(i.app_uart_init)
    app_uart_put                             0x00004749   Thumb Code    46  app_uart_fifo.o(i.app_uart_put)
    atan                                     0x0000483d   Thumb Code    16  atan.o(i.atan)
    fabs                                     0x000049e5   Thumb Code    24  fabs.o(i.fabs)
    fputc                                    0x00004a4d   Thumb Code    16  retarget.o(i.fputc)
    invSqrt                                  0x00004a5d   Thumb Code    56  madgwick.o(i.invSqrt)
    main                                     0x00004b75   Thumb Code  3064  main.o(i.main)
    mpu_config                               0x000057c1   Thumb Code    18  app_mpu.o(i.mpu_config)
    mpu_init                                 0x000057d3   Thumb Code    52  app_mpu.o(i.mpu_init)
    mpu_int_cfg_pin                          0x00005807   Thumb Code    16  app_mpu.o(i.mpu_int_cfg_pin)
    mpu_magnetometer_init                    0x00005817   Thumb Code    54  app_mpu.o(i.mpu_magnetometer_init)
    mpu_read_accel                           0x0000584d   Thumb Code    52  app_mpu.o(i.mpu_read_accel)
    mpu_read_gyro                            0x00005881   Thumb Code    52  app_mpu.o(i.mpu_read_gyro)
    mpu_read_magnetometer                    0x000058b5   Thumb Code    56  app_mpu.o(i.mpu_read_magnetometer)
    mpu_setup                                0x000058ed   Thumb Code   142  main.o(i.mpu_setup)
    nrf_delay_ms                             0x00005991   Thumb Code    26  nrf_delay.o(i.nrf_delay_ms)
    nrf_drv_common_irq_enable                0x000059ad   Thumb Code    84  nrf_drv_common.o(i.nrf_drv_common_irq_enable)
    nrf_drv_mpu_init                         0x00005a19   Thumb Code    42  nrf_drv_mpu_twi.o(i.nrf_drv_mpu_init)
    nrf_drv_mpu_read_magnetometer_registers  0x00005a51   Thumb Code   118  nrf_drv_mpu_twi.o(i.nrf_drv_mpu_read_magnetometer_registers)
    nrf_drv_mpu_read_registers               0x00005ad5   Thumb Code   118  nrf_drv_mpu_twi.o(i.nrf_drv_mpu_read_registers)
    nrf_drv_mpu_write_magnetometer_register  0x00005bb1   Thumb Code    76  nrf_drv_mpu_twi.o(i.nrf_drv_mpu_write_magnetometer_register)
    nrf_drv_mpu_write_registers              0x00005c05   Thumb Code    94  nrf_drv_mpu_twi.o(i.nrf_drv_mpu_write_registers)
    nrf_drv_mpu_write_single_register        0x00005c71   Thumb Code    76  nrf_drv_mpu_twi.o(i.nrf_drv_mpu_write_single_register)
    nrf_drv_twi_enable                       0x00005cc5   Thumb Code    32  nrf_drv_twi.o(i.nrf_drv_twi_enable)
    nrf_drv_twi_init                         0x00005ce9   Thumb Code   142  nrf_drv_twi.o(i.nrf_drv_twi_init)
    nrf_drv_twi_rx                           0x00005d85   Thumb Code    40  nrf_drv_twi.o(i.nrf_drv_twi_rx)
    nrf_drv_twi_tx                           0x00005db1   Thumb Code    60  nrf_drv_twi.o(i.nrf_drv_twi_tx)
    nrf_drv_twi_xfer                         0x00005ded   Thumb Code    54  nrf_drv_twi.o(i.nrf_drv_twi_xfer)
    nrf_drv_uart_init                        0x00005e29   Thumb Code   202  nrf_drv_uart.o(i.nrf_drv_uart_init)
    nrf_drv_uart_rx                          0x00005f0d   Thumb Code   168  nrf_drv_uart.o(i.nrf_drv_uart_rx)
    nrf_drv_uart_rx_enable                   0x00005fbd   Thumb Code    26  nrf_drv_uart.o(i.nrf_drv_uart_rx_enable)
    nrf_drv_uart_tx                          0x00006145   Thumb Code    66  nrf_drv_uart.o(i.nrf_drv_uart_tx)
    nrf_drv_uart_tx_in_progress              0x00006289   Thumb Code    14  nrf_drv_uart.o(i.nrf_drv_uart_tx_in_progress)
    sqrt                                     0x00006499   Thumb Code   110  sqrt.o(i.sqrt)
    sqrtf                                    0x00006507   Thumb Code    62  sqrtf.o(i.sqrtf)
    __mathlib_zero                           0x00006fd0   Data           8  qnan.o(.constdata)
    Region$$Table$$Base                      0x00007044   Number         0  anon$$obj.o(Region$$Table)
    Region$$Table$$Limit                     0x00007064   Number         0  anon$$obj.o(Region$$Table)
    CAX                                      0x20000000   Data           2  main.o(.data)
    CAY                                      0x20000002   Data           2  main.o(.data)
    CAZ                                      0x20000004   Data           2  main.o(.data)
    CGX                                      0x20000006   Data           2  main.o(.data)
    CGY                                      0x20000008   Data           2  main.o(.data)
    CGZ                                      0x2000000a   Data           2  main.o(.data)
    CMX                                      0x2000000c   Data           2  main.o(.data)
    CMY                                      0x2000000e   Data           2  main.o(.data)
    CMZ                                      0x20000010   Data           2  main.o(.data)
    CT                                       0x20000012   Data           2  main.o(.data)
    AXoff                                    0x20000014   Data           4  main.o(.data)
    AYoff                                    0x20000018   Data           4  main.o(.data)
    AZoff                                    0x2000001c   Data           4  main.o(.data)
    GXoff                                    0x20000020   Data           4  main.o(.data)
    GYoff                                    0x20000024   Data           4  main.o(.data)
    GZoff                                    0x20000028   Data           4  main.o(.data)
    MXoff                                    0x2000002c   Data           4  main.o(.data)
    MYoff                                    0x20000030   Data           4  main.o(.data)
    MZoff                                    0x20000034   Data           4  main.o(.data)
    AX                                       0x20000038   Data           4  main.o(.data)
    AY                                       0x2000003c   Data           4  main.o(.data)
    AZ                                       0x20000040   Data           4  main.o(.data)
    GX                                       0x20000044   Data           4  main.o(.data)
    GY                                       0x20000048   Data           4  main.o(.data)
    GZ                                       0x2000004c   Data           4  main.o(.data)
    MX                                       0x20000050   Data           4  main.o(.data)
    MY                                       0x20000054   Data           4  main.o(.data)
    MZ                                       0x20000058   Data           4  main.o(.data)
    yaw                                      0x2000005c   Data           4  main.o(.data)
    pitch                                    0x20000060   Data           4  main.o(.data)
    roll                                     0x20000064   Data           4  main.o(.data)
    q                                        0x20000068   Data          16  main.o(.data)
    PI                                       0x20000078   Data           4  main.o(.data)
    gx                                       0x2000007c   Data           4  main.o(.data)
    gy                                       0x20000080   Data           4  main.o(.data)
    gz                                       0x20000084   Data           4  main.o(.data)
    ax                                       0x20000088   Data           4  main.o(.data)
    ay                                       0x2000008c   Data           4  main.o(.data)
    az                                       0x20000090   Data           4  main.o(.data)
    mx                                       0x20000094   Data           4  main.o(.data)
    my                                       0x20000098   Data           4  main.o(.data)
    mz                                       0x2000009c   Data           4  main.o(.data)
    beta                                     0x200000a4   Data           4  madgwick.o(.data)
    q0                                       0x200000a8   Data           4  madgwick.o(.data)
    q1                                       0x200000ac   Data           4  madgwick.o(.data)
    q2                                       0x200000b0   Data           4  madgwick.o(.data)
    q3                                       0x200000b4   Data           4  madgwick.o(.data)
    qb0                                      0x200000b8   Data           4  madgwick.o(.data)
    qb1                                      0x200000bc   Data           4  madgwick.o(.data)
    qb2                                      0x200000c0   Data           4  madgwick.o(.data)
    qb3                                      0x200000c4   Data           4  madgwick.o(.data)
    __stdout                                 0x200000d0   Data           4  retarget.o(.data)
    __stdin                                  0x200000d4   Data           4  retarget.o(.data)
    SystemCoreClock                          0x200000d8   Data           4  system_nrf52.o(.data)
    twi_tx_buffer                            0x200001e0   Data          14  nrf_drv_mpu_twi.o(.bss)
    __initial_sp                             0x20002278   Data           0  arm_startup_nrf52.o(STACK)



==============================================================================

Memory Map of the image

  Image Entry point : 0x00000401

  Load Region LR_IROM1 (Base: 0x00000000, Size: 0x00007144, Max: 0x00080000, ABSOLUTE)

    Execution Region ER_IROM1 (Base: 0x00000000, Size: 0x00007064, Max: 0x00080000, ABSOLUTE)

    Base Addr    Size         Type   Attr      Idx    E Section Name        Object

    0x00000000   0x00000400   Data   RO         1405    RESET               arm_startup_nrf52.o
    0x00000400   0x00000000   Code   RO         1583  * .ARM.Collect$$$$00000000  mc_w.l(entry.o)
    0x00000400   0x00000004   Code   RO         1917    .ARM.Collect$$$$00000001  mc_w.l(entry2.o)
    0x00000404   0x00000004   Code   RO         1920    .ARM.Collect$$$$00000004  mc_w.l(entry5.o)
    0x00000408   0x00000000   Code   RO         1922    .ARM.Collect$$$$00000008  mc_w.l(entry7b.o)
    0x00000408   0x00000000   Code   RO         1924    .ARM.Collect$$$$0000000A  mc_w.l(entry8b.o)
    0x00000408   0x00000008   Code   RO         1925    .ARM.Collect$$$$0000000B  mc_w.l(entry9a.o)
    0x00000410   0x00000000   Code   RO         1927    .ARM.Collect$$$$0000000D  mc_w.l(entry10a.o)
    0x00000410   0x00000000   Code   RO         1929    .ARM.Collect$$$$0000000F  mc_w.l(entry11a.o)
    0x00000410   0x00000004   Code   RO         1918    .ARM.Collect$$$$00002712  mc_w.l(entry2.o)
    0x00000414   0x00000076   Code   RO          610    .emb_text           nrf_delay.o
    0x0000048a   0x00000002   PAD
    0x0000048c   0x00000076   Code   RO          680    .emb_text           nrf_drv_twi.o
    0x00000502   0x00000002   PAD
    0x00000504   0x00000024   Code   RO         1406    .text               arm_startup_nrf52.o
    0x00000528   0x00000024   Code   RO         1586    .text               mc_w.l(memcpya.o)
    0x0000054c   0x000000e4   Code   RO         1851    .text               mf_w.l(dmul.o)
    0x00000630   0x000000de   Code   RO         1853    .text               mf_w.l(ddiv.o)
    0x0000070e   0x00000026   Code   RO         1855    .text               mf_w.l(f2d.o)
    0x00000734   0x00000038   Code   RO         1857    .text               mf_w.l(d2f.o)
    0x0000076c   0x0000002c   Code   RO         1931    .text               mc_w.l(uidiv.o)
    0x00000798   0x00000062   Code   RO         1933    .text               mc_w.l(uldiv.o)
    0x000007fa   0x00000000   Code   RO         1942    .text               mc_w.l(iusefp.o)
    0x000007fa   0x0000006e   Code   RO         1943    .text               mf_w.l(fepilogue.o)
    0x00000868   0x000000ba   Code   RO         1945    .text               mf_w.l(depilogue.o)
    0x00000922   0x0000014e   Code   RO         1947    .text               mf_w.l(dadd.o)
    0x00000a70   0x000000a2   Code   RO         1951    .text               mf_w.l(dsqrt.o)
    0x00000b12   0x00000030   Code   RO         1953    .text               mf_w.l(dfixul.o)
    0x00000b42   0x00000002   PAD
    0x00000b44   0x00000030   Code   RO         1957    .text               mf_w.l(cdrcmple.o)
    0x00000b74   0x00000024   Code   RO         1959    .text               mc_w.l(init.o)
    0x00000b98   0x0000001e   Code   RO         1961    .text               mc_w.l(llshl.o)
    0x00000bb6   0x00000020   Code   RO         1963    .text               mc_w.l(llushr.o)
    0x00000bd6   0x00000024   Code   RO         1965    .text               mc_w.l(llsshr.o)
    0x00000bfa   0x0000013c   Code   RO          405    i.FusionAhrsCalculateEarthAcceleration  fusionahrs.o
    0x00000d36   0x00000002   PAD
    0x00000d38   0x00000058   Code   RO          406    i.FusionAhrsInitialise  fusionahrs.o
    0x00000d90   0x0000001c   Code   RO          407    i.FusionAhrsIsInitialising  fusionahrs.o
    0x00000dac   0x00000044   Code   RO          408    i.FusionAhrsReinitialise  fusionahrs.o
    0x00000df0   0x000008d8   Code   RO          409    i.FusionAhrsUpdate  fusionahrs.o
    0x000016c8   0x00000230   Code   RO          410    i.FusionAhrsZeroYaw  fusionahrs.o
    0x000018f8   0x00000028   Code   RO          454    i.FusionBiasInitialise  fusionbias.o
    0x00001920   0x0000001c   Code   RO          455    i.FusionBiasIsActive  fusionbias.o
    0x0000193c   0x000001c0   Code   RO          456    i.FusionBiasUpdate  fusionbias.o
    0x00001afc   0x000002cc   Code   RO          484    i.FusionCompassCalculateHeading  fusioncompass.o
    0x00001dc8   0x000009c0   Code   RO          380    i.MadgwickAHRSupdate  madgwick.o
    0x00002788   0x00000014   Code   RO          681    i.SPIM0_SPIS0_TWIM0_TWIS0_SPI0_TWI0_IRQHandler  nrf_drv_twi.o
    0x0000279c   0x00000010   Code   RO         1413    i.SystemCoreClockUpdate  system_nrf52.o
    0x000027ac   0x00000234   Code   RO         1414    i.SystemInit        system_nrf52.o
    0x000029e0   0x00000018   Code   RO          872    i.UARTE0_UART0_IRQHandler  nrf_drv_uart.o
    0x000029f8   0x00000020   Code   RO         1823    i.__0printf         mc_w.l(printfa.o)
    0x00002a18   0x00000030   Code   RO         1893    i.__ARM_fpclassify  m_wm.l(fpclassify.o)
    0x00002a48   0x00000026   Code   RO         1895    i.__ARM_fpclassifyf  m_wm.l(fpclassifyf.o)
    0x00002a6e   0x00000002   PAD
    0x00002a70   0x00000360   Code   RO         1485    i.__hardfp_asin     m_wm.l(asin.o)
    0x00002dd0   0x0000012c   Code   RO         1499    i.__hardfp_asinf    m_wm.l(asinf.o)
    0x00002efc   0x00000004   PAD
    0x00002f00   0x000002d8   Code   RO         1859    i.__hardfp_atan     m_wm.l(atan.o)
    0x000031d8   0x000001f0   Code   RO         1511    i.__hardfp_atan2    m_wm.l(atan2.o)
    0x000033c8   0x00000250   Code   RO         1523    i.__hardfp_atan2f   m_wm.l(atan2f.o)
    0x00003618   0x00000150   Code   RO         1535    i.__hardfp_cosf     m_wm.l(cosf.o)
    0x00003768   0x00000190   Code   RO         1547    i.__hardfp_sinf     m_wm.l(sinf.o)
    0x000038f8   0x0000007a   Code   RO         1559    i.__hardfp_sqrt     m_wm.l(sqrt.o)
    0x00003972   0x0000003a   Code   RO         1571    i.__hardfp_sqrtf    m_wm.l(sqrtf.o)
    0x000039ac   0x000000f8   Code   RO         1911    i.__kernel_poly     m_wm.l(poly.o)
    0x00003aa4   0x00000014   Code   RO         1874    i.__mathlib_dbl_infnan  m_wm.l(dunder.o)
    0x00003ab8   0x00000014   Code   RO         1875    i.__mathlib_dbl_infnan2  m_wm.l(dunder.o)
    0x00003acc   0x00000004   PAD
    0x00003ad0   0x00000020   Code   RO         1876    i.__mathlib_dbl_invalid  m_wm.l(dunder.o)
    0x00003af0   0x00000020   Code   RO         1879    i.__mathlib_dbl_underflow  m_wm.l(dunder.o)
    0x00003b10   0x00000006   Code   RO         1898    i.__mathlib_flt_infnan  m_wm.l(funder.o)
    0x00003b16   0x00000006   Code   RO         1899    i.__mathlib_flt_infnan2  m_wm.l(funder.o)
    0x00003b1c   0x00000010   Code   RO         1900    i.__mathlib_flt_invalid  m_wm.l(funder.o)
    0x00003b2c   0x00000010   Code   RO         1903    i.__mathlib_flt_underflow  m_wm.l(funder.o)
    0x00003b3c   0x00000154   Code   RO         1914    i.__mathlib_rredf2  m_wm.l(rredf.o)
    0x00003c90   0x0000000e   Code   RO         1969    i.__scatterload_copy  mc_w.l(handlers.o)
    0x00003c9e   0x00000002   Code   RO         1970    i.__scatterload_null  mc_w.l(handlers.o)
    0x00003ca0   0x0000000e   Code   RO         1971    i.__scatterload_zeroinit  mc_w.l(handlers.o)
    0x00003cae   0x00000002   PAD
    0x00003cb0   0x0000000c   Code   RO         1937    i.__set_errno       mc_w.l(errno.o)
    0x00003cbc   0x00000164   Code   RO         1830    i._fp_digits        mc_w.l(printfa.o)
    0x00003e20   0x000006dc   Code   RO         1831    i._printf_core      mc_w.l(printfa.o)
    0x000044fc   0x00000024   Code   RO         1832    i._printf_post_padding  mc_w.l(printfa.o)
    0x00004520   0x0000002e   Code   RO         1833    i._printf_pre_padding  mc_w.l(printfa.o)
    0x0000454e   0x00000002   PAD
    0x00004550   0x0000002c   Code   RO         1197    i.app_error_fault_handler  app_error_weak.o
    0x0000457c   0x00000020   Code   RO         1154    i.app_error_handler  app_error.o
    0x0000459c   0x0000007c   Code   RO         1156    i.app_error_save_and_stop  app_error.o
    0x00004618   0x0000001e   Code   RO         1222    i.app_fifo_get      app_fifo.o
    0x00004636   0x00000024   Code   RO         1223    i.app_fifo_init     app_fifo.o
    0x0000465a   0x00000022   Code   RO         1225    i.app_fifo_put      app_fifo.o
    0x0000467c   0x000000cc   Code   RO          505    i.app_uart_init     app_uart_fifo.o
    0x00004748   0x00000038   Code   RO          506    i.app_uart_put      app_uart_fifo.o
    0x00004780   0x000000bc   Code   RO          873    i.apply_config      nrf_drv_uart.o
    0x0000483c   0x00000010   Code   RO         1861    i.atan              m_wm.l(atan.o)
    0x0000484c   0x00000030   Code   RO         1415    i.errata_16         system_nrf52.o
    0x0000487c   0x00000054   Code   RO         1416    i.errata_31         system_nrf52.o
    0x000048d0   0x00000030   Code   RO         1417    i.errata_32         system_nrf52.o
    0x00004900   0x00000054   Code   RO         1418    i.errata_36         system_nrf52.o
    0x00004954   0x00000030   Code   RO         1419    i.errata_37         system_nrf52.o
    0x00004984   0x00000030   Code   RO         1420    i.errata_57         system_nrf52.o
    0x000049b4   0x00000030   Code   RO         1421    i.errata_66         system_nrf52.o
    0x000049e4   0x00000018   Code   RO         1889    i.fabs              m_wm.l(fabs.o)
    0x000049fc   0x00000018   Code   RO         1228    i.fifo_get          app_fifo.o
    0x00004a14   0x0000000a   Code   RO          507    i.fifo_length       app_uart_fifo.o
    0x00004a1e   0x0000000a   Code   RO         1229    i.fifo_length       app_fifo.o
    0x00004a28   0x00000012   Code   RO         1230    i.fifo_peek         app_fifo.o
    0x00004a3a   0x00000012   Code   RO         1231    i.fifo_put          app_fifo.o
    0x00004a4c   0x00000010   Code   RO         1370    i.fputc             retarget.o
    0x00004a5c   0x0000003c   Code   RO          381    i.invSqrt           madgwick.o
    0x00004a98   0x000000da   Code   RO          682    i.irq_handler_twi   nrf_drv_twi.o
    0x00004b72   0x00000002   PAD
    0x00004b74   0x00000c30   Code   RO            5    i.main              main.o
    0x000057a4   0x0000001c   Code   RO          279    i.merge_register_and_data  nrf_drv_mpu_twi.o
    0x000057c0   0x00000012   Code   RO          186    i.mpu_config        app_mpu.o
    0x000057d2   0x00000034   Code   RO          187    i.mpu_init          app_mpu.o
    0x00005806   0x00000010   Code   RO          188    i.mpu_int_cfg_pin   app_mpu.o
    0x00005816   0x00000036   Code   RO          190    i.mpu_magnetometer_init  app_mpu.o
    0x0000584c   0x00000034   Code   RO          191    i.mpu_read_accel    app_mpu.o
    0x00005880   0x00000034   Code   RO          192    i.mpu_read_gyro     app_mpu.o
    0x000058b4   0x00000038   Code   RO          194    i.mpu_read_magnetometer  app_mpu.o
    0x000058ec   0x000000a4   Code   RO            6    i.mpu_setup         main.o
    0x00005990   0x0000001a   Code   RO          611    i.nrf_delay_ms      nrf_delay.o
    0x000059aa   0x00000002   PAD
    0x000059ac   0x00000060   Code   RO          642    i.nrf_drv_common_irq_enable  nrf_drv_common.o
    0x00005a0c   0x0000000a   Code   RO          683    i.nrf_drv_get_IRQn  nrf_drv_twi.o
    0x00005a16   0x00000002   PAD
    0x00005a18   0x00000038   Code   RO          280    i.nrf_drv_mpu_init  nrf_drv_mpu_twi.o
    0x00005a50   0x00000084   Code   RO          281    i.nrf_drv_mpu_read_magnetometer_registers  nrf_drv_mpu_twi.o
    0x00005ad4   0x00000084   Code   RO          282    i.nrf_drv_mpu_read_registers  nrf_drv_mpu_twi.o
    0x00005b58   0x00000058   Code   RO          283    i.nrf_drv_mpu_twi_event_handler  nrf_drv_mpu_twi.o
    0x00005bb0   0x00000054   Code   RO          284    i.nrf_drv_mpu_write_magnetometer_register  nrf_drv_mpu_twi.o
    0x00005c04   0x0000006c   Code   RO          285    i.nrf_drv_mpu_write_registers  nrf_drv_mpu_twi.o
    0x00005c70   0x00000054   Code   RO          286    i.nrf_drv_mpu_write_single_register  nrf_drv_mpu_twi.o
    0x00005cc4   0x00000024   Code   RO          686    i.nrf_drv_twi_enable  nrf_drv_twi.o
    0x00005ce8   0x0000009c   Code   RO          687    i.nrf_drv_twi_init  nrf_drv_twi.o
    0x00005d84   0x0000002c   Code   RO          688    i.nrf_drv_twi_rx    nrf_drv_twi.o
    0x00005db0   0x0000003c   Code   RO          691    i.nrf_drv_twi_tx    nrf_drv_twi.o
    0x00005dec   0x0000003c   Code   RO          693    i.nrf_drv_twi_xfer  nrf_drv_twi.o
    0x00005e28   0x000000e4   Code   RO          875    i.nrf_drv_uart_init  nrf_drv_uart.o
    0x00005f0c   0x000000b0   Code   RO          876    i.nrf_drv_uart_rx   nrf_drv_uart.o
    0x00005fbc   0x00000020   Code   RO          879    i.nrf_drv_uart_rx_enable  nrf_drv_uart.o
    0x00005fdc   0x000000b4   Code   RO          880    i.nrf_drv_uart_rx_for_uart  nrf_drv_uart.o
    0x00006090   0x000000b4   Code   RO          881    i.nrf_drv_uart_rx_for_uarte  nrf_drv_uart.o
    0x00006144   0x00000048   Code   RO          882    i.nrf_drv_uart_tx   nrf_drv_uart.o
    0x0000618c   0x0000008c   Code   RO          884    i.nrf_drv_uart_tx_for_uart  nrf_drv_uart.o
    0x00006218   0x00000070   Code   RO          885    i.nrf_drv_uart_tx_for_uarte  nrf_drv_uart.o
    0x00006288   0x00000014   Code   RO          886    i.nrf_drv_uart_tx_in_progress  nrf_drv_uart.o
    0x0000629c   0x00000024   Code   RO          888    i.nrf_gpio_cfg      nrf_drv_uart.o
    0x000062c0   0x0000001a   Code   RO          890    i.nrf_gpio_cfg_input  nrf_drv_uart.o
    0x000062da   0x00000018   Code   RO          891    i.nrf_gpio_cfg_output  nrf_drv_uart.o
    0x000062f2   0x00000002   PAD
    0x000062f4   0x00000010   Code   RO          694    i.nrf_gpio_pin_clear  nrf_drv_twi.o
    0x00006304   0x00000010   Code   RO          695    i.nrf_gpio_pin_set  nrf_drv_twi.o
    0x00006314   0x00000010   Code   RO          892    i.nrf_gpio_pin_set  nrf_drv_uart.o
    0x00006324   0x0000000e   Code   RO          696    i.nrf_twi_event_check  nrf_drv_twi.o
    0x00006332   0x00000006   Code   RO          697    i.nrf_twi_event_clear  nrf_drv_twi.o
    0x00006338   0x00000006   Code   RO          698    i.nrf_twi_int_disable  nrf_drv_twi.o
    0x0000633e   0x00000006   Code   RO          699    i.nrf_twi_int_enable  nrf_drv_twi.o
    0x00006344   0x00000006   Code   RO          700    i.nrf_twi_shorts_set  nrf_drv_twi.o
    0x0000634a   0x00000006   Code   RO          701    i.nrf_twi_task_trigger  nrf_drv_twi.o
    0x00006350   0x0000000c   Code   RO          893    i.nrf_uart_errorsrc_get_and_clear  nrf_drv_uart.o
    0x0000635c   0x0000000e   Code   RO          894    i.nrf_uart_event_check  nrf_drv_uart.o
    0x0000636a   0x00000006   Code   RO          895    i.nrf_uart_event_clear  nrf_drv_uart.o
    0x00006370   0x0000000a   Code   RO          896    i.nrf_uart_hwfc_pins_set  nrf_drv_uart.o
    0x0000637a   0x00000006   Code   RO          897    i.nrf_uart_int_disable  nrf_drv_uart.o
    0x00006380   0x00000006   Code   RO          898    i.nrf_uart_int_enable  nrf_drv_uart.o
    0x00006386   0x00000012   Code   RO          899    i.nrf_uart_int_enable_check  nrf_drv_uart.o
    0x00006398   0x00000006   Code   RO          900    i.nrf_uart_task_trigger  nrf_drv_uart.o
    0x0000639e   0x0000000a   Code   RO          901    i.nrf_uart_txrx_pins_set  nrf_drv_uart.o
    0x000063a8   0x0000000c   Code   RO          902    i.nrf_uarte_errorsrc_get_and_clear  nrf_drv_uart.o
    0x000063b4   0x0000000e   Code   RO          903    i.nrf_uarte_event_check  nrf_drv_uart.o
    0x000063c2   0x00000006   Code   RO          904    i.nrf_uarte_event_clear  nrf_drv_uart.o
    0x000063c8   0x0000000c   Code   RO          905    i.nrf_uarte_hwfc_pins_set  nrf_drv_uart.o
    0x000063d4   0x00000006   Code   RO          906    i.nrf_uarte_int_disable  nrf_drv_uart.o
    0x000063da   0x00000006   Code   RO          907    i.nrf_uarte_int_enable  nrf_drv_uart.o
    0x000063e0   0x0000000a   Code   RO          908    i.nrf_uarte_rx_amount_get  nrf_drv_uart.o
    0x000063ea   0x00000006   Code   RO          909    i.nrf_uarte_task_trigger  nrf_drv_uart.o
    0x000063f0   0x0000000e   Code   RO          910    i.nrf_uarte_txrx_pins_set  nrf_drv_uart.o
    0x000063fe   0x00000002   PAD
    0x00006400   0x00000050   Code   RO          912    i.rx_byte           nrf_drv_uart.o
    0x00006450   0x00000024   Code   RO          913    i.rx_done_event     nrf_drv_uart.o
    0x00006474   0x00000024   Code   RO          914    i.rx_enable         nrf_drv_uart.o
    0x00006498   0x0000006e   Code   RO         1561    i.sqrt              m_wm.l(sqrt.o)
    0x00006506   0x0000003e   Code   RO         1573    i.sqrtf             m_wm.l(sqrtf.o)
    0x00006544   0x0000008c   Code   RO          702    i.twi_clear_bus     nrf_drv_twi.o
    0x000065d0   0x0000004c   Code   RO          703    i.twi_receive_byte  nrf_drv_twi.o
    0x0000661c   0x000000a6   Code   RO          704    i.twi_rx_start_transfer  nrf_drv_twi.o
    0x000066c2   0x00000048   Code   RO          705    i.twi_send_byte     nrf_drv_twi.o
    0x0000670a   0x00000122   Code   RO          706    i.twi_transfer      nrf_drv_twi.o
    0x0000682c   0x000000ac   Code   RO          707    i.twi_tx_start_transfer  nrf_drv_twi.o
    0x000068d8   0x000000b8   Code   RO          708    i.twi_xfer          nrf_drv_twi.o
    0x00006990   0x00000038   Code   RO          915    i.tx_byte           nrf_drv_uart.o
    0x000069c8   0x0000002c   Code   RO          916    i.tx_done_event     nrf_drv_uart.o
    0x000069f4   0x0000006c   Code   RO            7    i.uart_config       main.o
    0x00006a60   0x000000c0   Code   RO          508    i.uart_event_handler  app_uart_fifo.o
    0x00006b20   0x00000044   Code   RO            8    i.uart_events_handler  main.o
    0x00006b64   0x00000160   Code   RO          917    i.uart_irq_handler  nrf_drv_uart.o
    0x00006cc4   0x0000012c   Code   RO          918    i.uarte_irq_handler  nrf_drv_uart.o
    0x00006df0   0x00000064   Data   RO           10    .constdata          main.o
    0x00006e54   0x00000018   Data   RO          288    .constdata          nrf_drv_mpu_twi.o
    0x00006e6c   0x00000020   Data   RO          411    .constdata          fusionahrs.o
    0x00006e8c   0x00000020   Data   RO          510    .constdata          app_uart_fifo.o
    0x00006eac   0x0000001c   Data   RO          710    .constdata          nrf_drv_twi.o
    0x00006ec8   0x00000020   Data   RO          920    .constdata          nrf_drv_uart.o
    0x00006ee8   0x00000050   Data   RO         1488    .constdata          m_wm.l(asin.o)
    0x00006f38   0x00000098   Data   RO         1862    .constdata          m_wm.l(atan.o)
    0x00006fd0   0x00000008   Data   RO         1913    .constdata          m_wm.l(qnan.o)
    0x00006fd8   0x00000020   Data   RO         1915    .constdata          m_wm.l(rredf.o)
    0x00006ff8   0x0000004a   Data   RO           11    .conststring        main.o
    0x00007042   0x00000002   PAD
    0x00007044   0x00000020   Data   RO         1967    Region$$Table       anon$$obj.o


    Execution Region RW_IRAM1 (Base: 0x20000000, Size: 0x00002278, Max: 0x00010000, ABSOLUTE)

    Base Addr    Size         Type   Attr      Idx    E Section Name        Object

    0x20000000   0x000000a1   Data   RW           12    .data               main.o
    0x200000a1   0x00000002   Data   RW          289    .data               nrf_drv_mpu_twi.o
    0x200000a3   0x00000001   PAD
    0x200000a4   0x00000024   Data   RW          382    .data               madgwick.o
    0x200000c8   0x00000006   Data   RW          511    .data               app_uart_fifo.o
    0x200000ce   0x00000002   PAD
    0x200000d0   0x00000008   Data   RW         1371    .data               retarget.o
    0x200000d8   0x00000004   Data   RW         1422    .data               system_nrf52.o
    0x200000dc   0x00000004   Data   RW         1938    .data               mc_w.l(errno.o)
    0x200000e0   0x00000100   Zero   RW            9    .bss                main.o
    0x200001e0   0x0000000e   Zero   RW          287    .bss                nrf_drv_mpu_twi.o
    0x200001ee   0x00000002   PAD
    0x200001f0   0x00000020   Zero   RW          509    .bss                app_uart_fifo.o
    0x20000210   0x00000028   Zero   RW          709    .bss                nrf_drv_twi.o
    0x20000238   0x00000020   Zero   RW          919    .bss                nrf_drv_uart.o
    0x20000258   0x00000020   Zero   RW         1157    .bss                app_error.o
    0x20000278   0x00002000   Zero   RW         1403    STACK               arm_startup_nrf52.o


==============================================================================

Image component sizes


      Code (inc. data)   RO Data    RW Data    ZI Data      Debug   Object Name

       156          6          0          0         32       4162   app_error.o
        44          6          0          0          0        786   app_error_weak.o
       170          0          0          0          0       5686   app_fifo.o
       300          0          0          0          0       6039   app_mpu.o
       462         58         32          6         32      15247   app_uart_fifo.o
        36          8       1024          0       8192        952   arm_startup_nrf52.o
      3324         28         32          0          0      11889   fusionahrs.o
       516         18          0          0          0       6875   fusionbias.o
       716         12          0          0          0       5028   fusioncompass.o
      2556         64          0         36          0       3730   madgwick.o
      3460        354        174        161        256      51724   main.o
       144          0          0          0          0       1967   nrf_delay.o
        96         12          0          0          0      27679   nrf_drv_common.o
       712         80         24          2         14      13674   nrf_drv_mpu_twi.o
      1898         56         28          0         40      32436   nrf_drv_twi.o
      2532        184         32          0         32      45397   nrf_drv_uart.o
        16          0          0          8          0       2934   retarget.o
       988        102          0          4          0      32866   system_nrf52.o

    ----------------------------------------------------------------------
     18142        988       1380        220       8600     269071   Object Totals
         0          0         32          0          0          0   (incl. Generated)
        16          0          2          3          2          0   (incl. Padding)

    ----------------------------------------------------------------------

      Code (inc. data)   RO Data    RW Data    ZI Data      Debug   Library Member Name

       864         94         80          0          0        280   asin.o
       300         42          0          0          0        176   asinf.o
       744        106        152          0          0        352   atan.o
       496         64          0          0          0        192   atan2.o
       592         90          0          0          0        184   atan2f.o
       336         56          0          0          0        136   cosf.o
       104         16          0          0          0        496   dunder.o
        24          0          0          0          0        124   fabs.o
        48          0          0          0          0        124   fpclassify.o
        38          0          0          0          0        116   fpclassifyf.o
        44         12          0          0          0        464   funder.o
       248          0          0          0          0        152   poly.o
         0          0          8          0          0          0   qnan.o
       340         24         32          0          0        160   rredf.o
       400         56          0          0          0        212   sinf.o
       232          0          0          0          0        296   sqrt.o
       120          0          0          0          0        272   sqrtf.o
         0          0          0          0          0          0   entry.o
         0          0          0          0          0          0   entry10a.o
         0          0          0          0          0          0   entry11a.o
         8          4          0          0          0          0   entry2.o
         4          0          0          0          0          0   entry5.o
         0          0          0          0          0          0   entry7b.o
         0          0          0          0          0          0   entry8b.o
         8          4          0          0          0          0   entry9a.o
        12          6          0          4          0         68   errno.o
        30          0          0          0          0          0   handlers.o
        36          8          0          0          0         68   init.o
         0          0          0          0          0          0   iusefp.o
        30          0          0          0          0         68   llshl.o
        36          0          0          0          0         68   llsshr.o
        32          0          0          0          0         68   llushr.o
        36          0          0          0          0         68   memcpya.o
      2226         90          0          0          0        444   printfa.o
        44          0          0          0          0         80   uidiv.o
        98          0          0          0          0         92   uldiv.o
        48          0          0          0          0         68   cdrcmple.o
        56          0          0          0          0         88   d2f.o
       334          0          0          0          0        148   dadd.o
       222          0          0          0          0        100   ddiv.o
       186          0          0          0          0        176   depilogue.o
        48          0          0          0          0         68   dfixul.o
       228          0          0          0          0         96   dmul.o
       162          0          0          0          0        100   dsqrt.o
        38          0          0          0          0         68   f2d.o
       110          0          0          0          0        168   fepilogue.o

    ----------------------------------------------------------------------
      8978        676        272          4          0       5840   Library Totals
        16          4          0          0          0          0   (incl. Padding)

    ----------------------------------------------------------------------

      Code (inc. data)   RO Data    RW Data    ZI Data      Debug   Library Name

      4930        560        272          0          0       3736   m_wm.l
      2600        112          0          4          0       1024   mc_w.l
      1432          0          0          0          0       1080   mf_w.l

    ----------------------------------------------------------------------
      8978        676        272          4          0       5840   Library Totals

    ----------------------------------------------------------------------

==============================================================================


      Code (inc. data)   RO Data    RW Data    ZI Data      Debug   

     27120       1664       1652        224       8600     260375   Grand Totals
     27120       1664       1652        224       8600     260375   ELF Image Totals
     27120       1664       1652        224          0          0   ROM Totals

==============================================================================

    Total RO  Size (Code + RO Data)                28772 (  28.10kB)
    Total RW  Size (RW Data + ZI Data)              8824 (   8.62kB)
    Total ROM Size (Code + RO Data + RW Data)      28996 (  28.32kB)

==============================================================================

