<html>
<body>
<pre>
<h1>µVision Build Log</h1>
<h2>Tool Versions:</h2>
IDE-Version: µVision V5.13.0.0
Copyright (C) 2014 ARM Ltd and ARM Germany GmbH. All rights reserved.
License Information: D.K. Willardson, Hitting Tech, Inc., LIC=----
 
Tool Versions:
Toolchain:       MDK-Lite  Version: 5.13.0.0
Toolchain Path:  C:\Keil_v5\ARM\ARMCC\Bin
C Compiler:      Armcc.exe V5.05 update 1 (build 106)
Assembler:       Armasm.exe V5.05 update 1 (build 106)
Linker/Locator:  ArmLink.exe V5.05 update 1 (build 106)
Library Manager: ArmAr.exe V5.05 update 1 (build 106)
Hex Converter:   FromElf.exe V5.05 update 1 (build 106)
CPU DLL:         
Dialog DLL:      
Target DLL:      Segger\JL2CM3.dll V2.99.11.0
Dialog DLL:      TCM.DLL V1.14.4.0
 
<h2>Project:</h2>
C:\Users\DK\Documents\Keil Development\nRF_5_SDK_11\examples\nRF52_1Gyro_i2C_wMagno\nRF52_1Gyro_i2C_wMagno\pca10040\arm5_no_packs\twi\nRF52_1Gryro_i2C_wMagno.uvprojx
Project File Date:  04/11/2017

<h2>Output:</h2>
Build target 'nrf52832_xxaa'
compiling main.c...
..\..\..\..\FusionTypes.h(424): warning:  #1035-D: single-precision operand implicitly converted to double-precision
      eulerAngles.angle.roll = FUSION_RADIANS_TO_DEGREES(atan2f(Q.y * Q.z - Q.w * Q.x, qwSquaredMinusHalf + Q.z * Q.z));
..\..\..\..\FusionTypes.h(425): warning:  #1035-D: single-precision operand implicitly converted to double-precision
      eulerAngles.angle.pitch = FUSION_RADIANS_TO_DEGREES(-1.0f * asinf(2.0f * (Q.x * Q.z + Q.w * Q.y)));
..\..\..\..\FusionTypes.h(426): warning:  #1035-D: single-precision operand implicitly converted to double-precision
      eulerAngles.angle.yaw = FUSION_RADIANS_TO_DEGREES(atan2f(Q.x * Q.y - Q.w * Q.z, qwSquaredMinusHalf + Q.x * Q.x));
..\..\..\main.c: 3 warnings, 0 errors
linking...
Program Size: Code=16936 RO-data=1336 RW-data=180 ZI-data=8604  
FromELF: creating hex file...
".\_build\nrf52832_xxaa.axf" - 0 Error(s), 3 Warning(s).

<h2>Software Packages used:</h2>

Package Vendor: ARM
                http://www.keil.com/pack/ARM.CMSIS.4.5.0.pack
                ARM::CMSIS:CORE:4.3.0
                CMSIS (Cortex Microcontroller Software Interface Standard)
   * Component: CORE Version: 4.3.0

Package Vendor: NordicSemiconductor
                http://developer.nordicsemi.com/nRF5_SDK/pieces/nRF_DeviceFamilyPack/NordicSemiconductor.nRF_DeviceFamilyPack.8.5.0.pack
                NordicSemiconductor::Device:Startup:8.5.0
                Nordic Semiconductor nRF ARM devices Device Family Pack.
   * Component: Startup Version: 8.5.0

<h2>Collection of Component include folders:</h2>
  C:\Users\DK\Documents\Keil Development\nRF_5_SDK_11\examples\nRF52_1Gyro_i2C_wMagno\nRF52_1Gyro_i2C_wMagno\pca10040\arm5_no_packs\twi\RTE
  C:\Keil_v5\ARM\PACK\ARM\CMSIS\4.5.0\CMSIS\Include
  C:\Keil_v5\ARM\PACK\NordicSemiconductor\nRF_DeviceFamilyPack\8.11.1\Device\Include
  C:\Keil_v5\ARM\PACK\NordicSemiconductor\nRF_DeviceFamilyPack\8.5.0\Device\Include

<h2>Collection of Component Files used:</h2>

   * Component: ARM::CMSIS:CORE:4.3.0

   * Component: NordicSemiconductor::Device:Startup:8.5.0
      Source file:   Device\Source\arm\arm_startup_nrf52.s
      Source file:   Device\Source\system_nrf52.c
      Include file:  Device\Include\system_nrf52.h
</pre>
</body>
</html>
