Component: ARM Compiler 5.05 update 1 (build 106) Tool: armlink [4d0efa]

==============================================================================

Section Cross References

    main.o(i.ReadAccelGyroMag) refers to app_mpu.o(i.mpu_read_accel) for mpu_read_accel
    main.o(i.ReadAccelGyroMag) refers to app_error.o(i.app_error_handler) for app_error_handler
    main.o(i.ReadAccelGyroMag) refers to app_mpu.o(i.mpu_read_gyro) for mpu_read_gyro
    main.o(i.ReadAccelGyroMag) refers to app_mpu.o(i.mpu_read_magnetometer) for mpu_read_magnetometer
    main.o(i.ReadAccelGyroMag) refers to f2d.o(.text) for __aeabi_f2d
    main.o(i.ReadAccelGyroMag) refers to ddiv.o(.text) for __aeabi_ddiv
    main.o(i.ReadAccelGyroMag) refers to d2f.o(.text) for __aeabi_d2f
    main.o(i.ReadAccelGyroMag) refers to main.o(.data) for CAX
    main.o(i.main) refers to main.o(i.uart_config) for uart_config
    main.o(i.main) refers to main.o(i.mpu_setup) for mpu_setup
    main.o(i.main) refers to app_mpu.o(i.mpu_init) for mpu_init
    main.o(i.main) refers to fusionahrs.o(i.FusionAhrsInitialise) for FusionAhrsInitialise
    main.o(i.main) refers to fusionbias.o(i.FusionBiasInitialise) for FusionBiasInitialise
    main.o(i.main) refers to main.o(i.ReadAccelGyroMag) for ReadAccelGyroMag
    main.o(i.main) refers to fusionahrs.o(i.FusionAhrsUpdate) for FusionAhrsUpdate
    main.o(i.main) refers to fusionbias.o(i.FusionBiasUpdate) for FusionBiasUpdate
    main.o(i.main) refers to fusionahrs.o(i.FusionAhrsCalculateEarthAcceleration) for FusionAhrsCalculateEarthAcceleration
    main.o(i.main) refers to atan2f.o(i.__hardfp_atan2f) for __hardfp_atan2f
    main.o(i.main) refers to f2d.o(.text) for __aeabi_f2d
    main.o(i.main) refers to dmul.o(.text) for __aeabi_dmul
    main.o(i.main) refers to d2f.o(.text) for __aeabi_d2f
    main.o(i.main) refers to asinf.o(i.__hardfp_asinf) for __hardfp_asinf
    main.o(i.main) refers to printfa.o(i.__0printf) for __2printf
    main.o(i.main) refers to nrf_delay.o(i.nrf_delay_ms) for nrf_delay_ms
    main.o(i.main) refers to main.o(.data) for GX
    main.o(i.mpu_setup) refers to app_mpu.o(i.mpu_init) for mpu_init
    main.o(i.mpu_setup) refers to app_error.o(i.app_error_handler) for app_error_handler
    main.o(i.mpu_setup) refers to app_mpu.o(i.mpu_config) for mpu_config
    main.o(i.mpu_setup) refers to app_mpu.o(i.mpu_magnetometer_init) for mpu_magnetometer_init
    main.o(i.uart_config) refers to app_uart_fifo.o(i.app_uart_init) for app_uart_init
    main.o(i.uart_config) refers to app_error.o(i.app_error_handler) for app_error_handler
    main.o(i.uart_config) refers to main.o(.constdata) for .constdata
    main.o(i.uart_config) refers to main.o(.data) for rx_buf
    main.o(i.uart_config) refers to main.o(.bss) for tx_buf
    main.o(i.uart_config) refers to main.o(i.uart_events_handler) for uart_events_handler
    main.o(i.uart_events_handler) refers to app_error.o(i.app_error_handler) for app_error_handler
    app_mpu.o(i.mpu_config) refers to nrf_drv_mpu_twi.o(i.nrf_drv_mpu_write_registers) for nrf_drv_mpu_write_registers
    app_mpu.o(i.mpu_init) refers to nrf_drv_mpu_twi.o(i.nrf_drv_mpu_init) for nrf_drv_mpu_init
    app_mpu.o(i.mpu_init) refers to nrf_drv_mpu_twi.o(i.nrf_drv_mpu_write_single_register) for nrf_drv_mpu_write_single_register
    app_mpu.o(i.mpu_int_cfg_pin) refers to nrf_drv_mpu_twi.o(i.nrf_drv_mpu_write_single_register) for nrf_drv_mpu_write_single_register
    app_mpu.o(i.mpu_int_enable) refers to nrf_drv_mpu_twi.o(i.nrf_drv_mpu_write_single_register) for nrf_drv_mpu_write_single_register
    app_mpu.o(i.mpu_magnetometer_init) refers to nrf_drv_mpu_twi.o(i.nrf_drv_mpu_read_registers) for nrf_drv_mpu_read_registers
    app_mpu.o(i.mpu_magnetometer_init) refers to app_mpu.o(i.mpu_int_cfg_pin) for mpu_int_cfg_pin
    app_mpu.o(i.mpu_magnetometer_init) refers to nrf_drv_mpu_twi.o(i.nrf_drv_mpu_write_magnetometer_register) for nrf_drv_mpu_write_magnetometer_register
    app_mpu.o(i.mpu_read_accel) refers to nrf_drv_mpu_twi.o(i.nrf_drv_mpu_read_registers) for nrf_drv_mpu_read_registers
    app_mpu.o(i.mpu_read_gyro) refers to nrf_drv_mpu_twi.o(i.nrf_drv_mpu_read_registers) for nrf_drv_mpu_read_registers
    app_mpu.o(i.mpu_read_int_source) refers to nrf_drv_mpu_twi.o(i.nrf_drv_mpu_read_registers) for nrf_drv_mpu_read_registers
    app_mpu.o(i.mpu_read_magnetometer) refers to nrf_drv_mpu_twi.o(i.nrf_drv_mpu_read_magnetometer_registers) for nrf_drv_mpu_read_magnetometer_registers
    app_mpu.o(i.mpu_read_magnetometer_test) refers to nrf_drv_mpu_twi.o(i.nrf_drv_mpu_read_magnetometer_registers) for nrf_drv_mpu_read_magnetometer_registers
    app_mpu.o(i.mpu_read_temp) refers to nrf_drv_mpu_twi.o(i.nrf_drv_mpu_read_registers) for nrf_drv_mpu_read_registers
    nrf_drv_mpu_twi.o(i.merge_register_and_data) refers to memcpya.o(.text) for __aeabi_memcpy
    nrf_drv_mpu_twi.o(i.nrf_drv_mpu_init) refers to nrf_drv_twi.o(i.nrf_drv_twi_init) for nrf_drv_twi_init
[...]
    printfa.o(i._printf_core) refers to printfa.o(i._printf_pre_padding) for _printf_pre_padding
    printfa.o(i._printf_core) refers to uldiv.o(.text) for __aeabi_uldivmod
    printfa.o(i._printf_core) refers to printfa.o(i._printf_post_padding) for _printf_post_padding
    printfa.o(i._printf_core) refers to printfa.o(i._fp_digits) for _fp_digits
    printfa.o(i._printf_core) refers to uidiv.o(.text) for __aeabi_uidivmod
    printfa.o(i._printf_post_padding) refers (Special) to iusefp.o(.text) for __I$use$fp
    printfa.o(i._printf_pre_padding) refers (Special) to iusefp.o(.text) for __I$use$fp
    printfa.o(i._snputc) refers (Special) to iusefp.o(.text) for __I$use$fp
    printfa.o(i._sputc) refers (Special) to iusefp.o(.text) for __I$use$fp
    dmul.o(.text) refers (Special) to iusefp.o(.text) for __I$use$fp
    dmul.o(.text) refers to depilogue.o(.text) for _double_epilogue
    ddiv.o(.text) refers (Special) to iusefp.o(.text) for __I$use$fp
    ddiv.o(.text) refers to depilogue.o(.text) for _double_round
    f2d.o(.text) refers (Special) to iusefp.o(.text) for __I$use$fp
    d2f.o(.text) refers (Special) to iusefp.o(.text) for __I$use$fp
    d2f.o(.text) refers to fepilogue.o(.text) for _float_round
    fpclassifyf.o(i.__ARM_fpclassifyf) refers (Special) to iusefp.o(.text) for __I$use$fp
    rredf.o(i.__mathlib_rredf2) refers (Special) to iusefp.o(.text) for __I$use$fp
    rredf.o(i.__mathlib_rredf2) refers to rredf.o(.constdata) for .constdata
    rredf.o(.constdata) refers (Special) to iusefp.o(.text) for __I$use$fp
    entry2.o(.ARM.Collect$$$$00000001) refers to entry2.o(.ARM.Collect$$$$00002712) for __lit__00000000
    entry2.o(.ARM.Collect$$$$00002712) refers to arm_startup_nrf52.o(STACK) for __initial_sp
    entry2.o(__vectab_stack_and_reset_area) refers to arm_startup_nrf52.o(STACK) for __initial_sp
    entry2.o(__vectab_stack_and_reset_area) refers to entry.o(.ARM.Collect$$$$00000000) for __main
    entry5.o(.ARM.Collect$$$$00000004) refers to init.o(.text) for __scatterload
    entry9a.o(.ARM.Collect$$$$0000000B) refers to main.o(i.main) for main
    entry9b.o(.ARM.Collect$$$$0000000C) refers to main.o(i.main) for main
    uldiv.o(.text) refers to llushr.o(.text) for __aeabi_llsr
    uldiv.o(.text) refers to llshl.o(.text) for __aeabi_llsl
    errno.o(i.__aeabi_errno_addr) refers to errno.o(.data) for .data
    errno.o(i.__read_errno) refers to errno.o(.data) for .data
    errno.o(i.__set_errno) refers to errno.o(.data) for .data
    depilogue.o(.text) refers to llshl.o(.text) for __aeabi_llsl
    depilogue.o(.text) refers to llushr.o(.text) for __aeabi_llsr
    dadd.o(.text) refers to llshl.o(.text) for __aeabi_llsl
    dadd.o(.text) refers to llsshr.o(.text) for __aeabi_lasr
    dadd.o(.text) refers to depilogue.o(.text) for _double_epilogue
    dsqrt.o(.text) refers to llushr.o(.text) for __aeabi_llsr
    dsqrt.o(.text) refers to depilogue.o(.text) for _double_round
    dfixul.o(.text) refers to llushr.o(.text) for __aeabi_llsr
    dfixul.o(.text) refers to llshl.o(.text) for __aeabi_llsl
    init.o(.text) refers to entry5.o(.ARM.Collect$$$$00000004) for __main_after_scatterload


==============================================================================

Removing Unused input sections from the image.

    Removing main.o(.rev16_text), (4 bytes).
    Removing main.o(.revsh_text), (4 bytes).
    Removing main.o(.rrx_text), (6 bytes).
    Removing main.o(.emb_text), (118 bytes).
    Removing app_mpu.o(.rev16_text), (4 bytes).
    Removing app_mpu.o(.revsh_text), (4 bytes).
    Removing app_mpu.o(.rrx_text), (6 bytes).
    Removing app_mpu.o(i.mpu_int_enable), (16 bytes).
    Removing app_mpu.o(i.mpu_read_int_source), (16 bytes).
    Removing app_mpu.o(i.mpu_read_magnetometer_test), (20 bytes).
    Removing app_mpu.o(i.mpu_read_temp), (42 bytes).
    Removing nrf_drv_mpu_twi.o(.rev16_text), (4 bytes).
    Removing nrf_drv_mpu_twi.o(.revsh_text), (4 bytes).
    Removing nrf_drv_mpu_twi.o(.rrx_text), (6 bytes).
    Removing madgwick.o(i.MadgwickAHRSupdate), (2496 bytes).
    Removing madgwick.o(i.invSqrt), (60 bytes).
    Removing madgwick.o(.data), (36 bytes).
    Removing fusionahrs.o(i.FusionAhrsIsInitialising), (28 bytes).
    Removing fusionahrs.o(i.FusionAhrsReinitialise), (68 bytes).
    Removing fusionahrs.o(i.FusionAhrsZeroYaw), (560 bytes).
    Removing fusionbias.o(i.FusionBiasIsActive), (28 bytes).
    Removing fusioncompass.o(i.FusionCompassCalculateHeading), (716 bytes).
    Removing app_uart_fifo.o(.rev16_text), (4 bytes).
    Removing app_uart_fifo.o(.revsh_text), (4 bytes).
    Removing app_uart_fifo.o(.rrx_text), (6 bytes).
    Removing app_uart_fifo.o(i.app_uart_close), (10 bytes).
    Removing app_uart_fifo.o(i.app_uart_flush), (52 bytes).
    Removing app_uart_fifo.o(i.app_uart_get), (56 bytes).
    Removing nrf_delay.o(.rev16_text), (4 bytes).
    Removing nrf_delay.o(.revsh_text), (4 bytes).
    Removing nrf_delay.o(.rrx_text), (6 bytes).
    Removing nrf_drv_common.o(.rev16_text), (4 bytes).
    Removing nrf_drv_common.o(.revsh_text), (4 bytes).
    Removing nrf_drv_common.o(.rrx_text), (6 bytes).
    Removing nrf_drv_twi.o(.rev16_text), (4 bytes).
    Removing nrf_drv_twi.o(.revsh_text), (4 bytes).
    Removing nrf_drv_twi.o(.rrx_text), (6 bytes).
    Removing nrf_drv_twi.o(i.nrf_drv_twi_data_count_get), (24 bytes).
    Removing nrf_drv_twi.o(i.nrf_drv_twi_disable), (68 bytes).
    Removing nrf_drv_twi.o(i.nrf_drv_twi_start_task_get), (24 bytes).
    Removing nrf_drv_twi.o(i.nrf_drv_twi_stopped_event_get), (14 bytes).
    Removing nrf_drv_twi.o(i.nrf_drv_twi_uninit), (76 bytes).
    Removing nrf_drv_uart.o(.rev16_text), (4 bytes).
    Removing nrf_drv_uart.o(.revsh_text), (4 bytes).
    Removing nrf_drv_uart.o(.rrx_text), (6 bytes).
    Removing nrf_drv_uart.o(i.nrf_drv_uart_errorsrc_get), (60 bytes).
    Removing nrf_drv_uart.o(i.nrf_drv_uart_rx_abort), (48 bytes).
    Removing nrf_drv_uart.o(i.nrf_drv_uart_rx_disable), (32 bytes).
    Removing nrf_drv_uart.o(i.nrf_drv_uart_tx_abort), (96 bytes).
    Removing nrf_drv_uart.o(i.nrf_drv_uart_uninit), (128 bytes).
    Removing nrf_drv_uart.o(i.nrf_gpio_cfg_default), (24 bytes).
    Removing nrf_drv_uart.o(i.pins_to_default), (200 bytes).
    Removing app_error.o(.rev16_text), (4 bytes).
    Removing app_error.o(.revsh_text), (4 bytes).
    Removing app_error.o(.rrx_text), (6 bytes).
    Removing app_error.o(i.app_error_handler_bare), (28 bytes).
    Removing app_error_weak.o(.rev16_text), (4 bytes).
    Removing app_error_weak.o(.revsh_text), (4 bytes).
    Removing app_error_weak.o(.rrx_text), (6 bytes).
    Removing app_fifo.o(.rev16_text), (4 bytes).
    Removing app_fifo.o(.revsh_text), (4 bytes).
    Removing app_fifo.o(.rrx_text), (6 bytes).
    Removing app_fifo.o(i.app_fifo_flush), (10 bytes).
    Removing app_fifo.o(i.app_fifo_peek), (36 bytes).
    Removing app_fifo.o(i.app_fifo_read), (102 bytes).
    Removing app_fifo.o(i.app_fifo_write), (106 bytes).
    Removing app_util_platform.o(.rev16_text), (4 bytes).
    Removing app_util_platform.o(.revsh_text), (4 bytes).
    Removing app_util_platform.o(.rrx_text), (6 bytes).
    Removing app_util_platform.o(i.app_util_critical_region_enter), (10 bytes).
    Removing app_util_platform.o(i.app_util_critical_region_exit), (10 bytes).
    Removing app_util_platform.o(i.app_util_disable_irq), (20 bytes).
    Removing app_util_platform.o(i.app_util_enable_irq), (24 bytes).
    Removing app_util_platform.o(.data), (4 bytes).
    Removing nrf_assert.o(.rev16_text), (4 bytes).
    Removing nrf_assert.o(.revsh_text), (4 bytes).
    Removing nrf_assert.o(.rrx_text), (6 bytes).
    Removing retarget.o(.rev16_text), (4 bytes).
    Removing retarget.o(.revsh_text), (4 bytes).
    Removing retarget.o(.rrx_text), (6 bytes).
    Removing retarget.o(i.fgetc), (22 bytes).
    Removing arm_startup_nrf52.o(HEAP), (8192 bytes).
    Removing system_nrf52.o(.rev16_text), (4 bytes).
    Removing system_nrf52.o(.revsh_text), (4 bytes).
    Removing system_nrf52.o(.rrx_text), (6 bytes).
    Removing dsqrt.o(.text), (162 bytes).
    Removing cdcmple.o(.text), (48 bytes).

87 unused section(s) (total 14100 bytes) removed from the image.

==============================================================================

Image Symbol Table

    Local Symbols

    Symbol Name                              Value     Ov Type        Size  Object(Section)

    RESET                                    0x00000000   Section     1024  arm_startup_nrf52.o(RESET)
    ../clib/microlib/division.c              0x00000000   Number         0  uidiv.o ABSOLUTE
    ../clib/microlib/division.c              0x00000000   Number         0  uldiv.o ABSOLUTE
    ../clib/microlib/errno.c                 0x00000000   Number         0  errno.o ABSOLUTE
    ../clib/microlib/init/entry.s            0x00000000   Number         0  entry11a.o ABSOLUTE
    ../clib/microlib/init/entry.s            0x00000000   Number         0  entry7a.o ABSOLUTE
    ../clib/microlib/init/entry.s            0x00000000   Number         0  entry5.o ABSOLUTE
    ../clib/microlib/init/entry.s            0x00000000   Number         0  entry2.o ABSOLUTE
    ../clib/microlib/init/entry.s            0x00000000   Number         0  entry11b.o ABSOLUTE
    ../clib/microlib/init/entry.s            0x00000000   Number         0  entry9a.o ABSOLUTE
    ../clib/microlib/init/entry.s            0x00000000   Number         0  entry10b.o ABSOLUTE
    ../clib/microlib/init/entry.s            0x00000000   Number         0  entry10a.o ABSOLUTE
    ../clib/microlib/init/entry.s            0x00000000   Number         0  entry.o ABSOLUTE
    ../clib/microlib/init/entry.s            0x00000000   Number         0  entry9b.o ABSOLUTE
    ../clib/microlib/init/entry.s            0x00000000   Number         0  entry8b.o ABSOLUTE
    ../clib/microlib/init/entry.s            0x00000000   Number         0  entry8a.o ABSOLUTE
    ../clib/microlib/init/entry.s            0x00000000   Number         0  entry7b.o ABSOLUTE
    ../clib/microlib/longlong.c              0x00000000   Number         0  llsshr.o ABSOLUTE
    ../clib/microlib/longlong.c              0x00000000   Number         0  llshl.o ABSOLUTE
    ../clib/microlib/longlong.c              0x00000000   Number         0  llushr.o ABSOLUTE
    ../clib/microlib/printf/printf.c         0x00000000   Number         0  printf4.o ABSOLUTE
    ../clib/microlib/printf/printf.c         0x00000000   Number         0  printf3.o ABSOLUTE
    ../clib/microlib/printf/printf.c         0x00000000   Number         0  printfa.o ABSOLUTE
    ../clib/microlib/printf/printf.c         0x00000000   Number         0  printf1.o ABSOLUTE
    ../clib/microlib/printf/printf.c         0x00000000   Number         0  printf0.o ABSOLUTE
    ../clib/microlib/printf/printf.c         0x00000000   Number         0  printfb.o ABSOLUTE
    ../clib/microlib/printf/printf.c         0x00000000   Number         0  printf2.o ABSOLUTE
    ../clib/microlib/printf/printf.c         0x00000000   Number         0  printf8.o ABSOLUTE
    ../clib/microlib/printf/printf.c         0x00000000   Number         0  printf7.o ABSOLUTE
    ../clib/microlib/printf/printf.c         0x00000000   Number         0  printf6.o ABSOLUTE
    ../clib/microlib/printf/printf.c         0x00000000   Number         0  printf5.o ABSOLUTE
    ../clib/microlib/printf/stubs.s          0x00000000   Number         0  stubs.o ABSOLUTE
    ../clib/microlib/string/memcpy.c         0x00000000   Number         0  memcpyb.o ABSOLUTE
    ../clib/microlib/string/memcpy.c         0x00000000   Number         0  memcpya.o ABSOLUTE
    ../clib/microlib/stubs.s                 0x00000000   Number         0  iusefp.o ABSOLUTE
    ../fplib/microlib/d2f.c                  0x00000000   Number         0  d2f.o ABSOLUTE
    ../fplib/microlib/f2d.c                  0x00000000   Number         0  f2d.o ABSOLUTE
    ../fplib/microlib/fpadd.c                0x00000000   Number         0  dadd.o ABSOLUTE
    ../fplib/microlib/fpdiv.c                0x00000000   Number         0  ddiv.o ABSOLUTE
    ../fplib/microlib/fpepilogue.c           0x00000000   Number         0  fepilogue.o ABSOLUTE
    ../fplib/microlib/fpepilogue.c           0x00000000   Number         0  depilogue.o ABSOLUTE
    ../fplib/microlib/fpfix.c                0x00000000   Number         0  dfixul.o ABSOLUTE
    ../fplib/microlib/fpmul.c                0x00000000   Number         0  dmul.o ABSOLUTE
    ../fplib/microlib/fpsqrt.c               0x00000000   Number         0  dsqrt.o ABSOLUTE
    ../mathlib/asinf.c                       0x00000000   Number         0  asinf_x.o ABSOLUTE
    ../mathlib/asinf.c                       0x00000000   Number         0  asinf.o ABSOLUTE
    ../mathlib/atan2f.c                      0x00000000   Number         0  atan2f.o ABSOLUTE
    ../mathlib/atan2f.c                      0x00000000   Number         0  atan2f_x.o ABSOLUTE
    ../mathlib/cosf.c                        0x00000000   Number         0  cosf.o ABSOLUTE
    ../mathlib/cosf.c                        0x00000000   Number         0  cosf_x.o ABSOLUTE
    ../mathlib/fpclassifyf.c                 0x00000000   Number         0  fpclassifyf.o ABSOLUTE
    ../mathlib/funder.c                      0x00000000   Number         0  funder.o ABSOLUTE
    ../mathlib/rredf.c                       0x00000000   Number         0  rredf.o ABSOLUTE
    ../mathlib/sinf.c                        0x00000000   Number         0  sinf_x.o ABSOLUTE
    ../mathlib/sinf.c                        0x00000000   Number         0  sinf.o ABSOLUTE
    ../mathlib/sqrt.c                        0x00000000   Number         0  sqrt_x.o ABSOLUTE
    ../mathlib/sqrt.c                        0x00000000   Number         0  sqrt.o ABSOLUTE
    ../mathlib/sqrtf.c                       0x00000000   Number         0  sqrtf.o ABSOLUTE
    ../mathlib/sqrtf.c                       0x00000000   Number         0  sqrtf_x.o ABSOLUTE
    ..\..\..\..\..\..\components\drivers_nrf\common\nrf_drv_common.c 0x00000000   Number         0  nrf_drv_common.o ABSOLUTE
    ..\..\..\..\..\..\components\drivers_nrf\delay\nrf_delay.c 0x00000000   Number         0  nrf_delay.o ABSOLUTE
    ..\..\..\..\..\..\components\drivers_nrf\twi_master\nrf_drv_twi.c 0x00000000   Number         0  nrf_drv_twi.o ABSOLUTE
    ..\..\..\..\..\..\components\drivers_nrf\uart\nrf_drv_uart.c 0x00000000   Number         0  nrf_drv_uart.o ABSOLUTE
    ..\..\..\..\..\..\components\libraries\fifo\app_fifo.c 0x00000000   Number         0  app_fifo.o ABSOLUTE
    ..\..\..\..\..\..\components\libraries\uart\app_uart_fifo.c 0x00000000   Number         0  app_uart_fifo.o ABSOLUTE
    ..\..\..\..\..\..\components\libraries\uart\retarget.c 0x00000000   Number         0  retarget.o ABSOLUTE
    ..\..\..\..\..\..\components\libraries\util\app_error.c 0x00000000   Number         0  app_error.o ABSOLUTE
    ..\..\..\..\..\..\components\libraries\util\app_error_weak.c 0x00000000   Number         0  app_error_weak.o ABSOLUTE
    ..\..\..\..\..\..\components\libraries\util\app_util_platform.c 0x00000000   Number         0  app_util_platform.o ABSOLUTE
    ..\..\..\..\..\..\components\libraries\util\nrf_assert.c 0x00000000   Number         0  nrf_assert.o ABSOLUTE
    ..\..\..\..\FusionAhrs.c                 0x00000000   Number         0  fusionahrs.o ABSOLUTE
    ..\..\..\..\FusionBias.c                 0x00000000   Number         0  fusionbias.o ABSOLUTE
    ..\..\..\..\FusionCompass.c              0x00000000   Number         0  fusioncompass.o ABSOLUTE
    ..\..\..\..\Madgwick.c                   0x00000000   Number         0  madgwick.o ABSOLUTE
    ..\..\..\..\app_mpu.c                    0x00000000   Number         0  app_mpu.o ABSOLUTE
    ..\..\..\..\nrf_drv_mpu_twi.c            0x00000000   Number         0  nrf_drv_mpu_twi.o ABSOLUTE
    ..\..\..\main.c                          0x00000000   Number         0  main.o ABSOLUTE
    ..\\..\\..\\..\\..\\..\\components\\drivers_nrf\\common\\nrf_drv_common.c 0x00000000   Number         0  nrf_drv_common.o ABSOLUTE
    ..\\..\\..\\..\\..\\..\\components\\drivers_nrf\\delay\\nrf_delay.c 0x00000000   Number         0  nrf_delay.o ABSOLUTE
    ..\\..\\..\\..\\..\\..\\components\\drivers_nrf\\twi_master\\nrf_drv_twi.c 0x00000000   Number         0  nrf_drv_twi.o ABSOLUTE
    ..\\..\\..\\..\\..\\..\\components\\drivers_nrf\\uart\\nrf_drv_uart.c 0x00000000   Number         0  nrf_drv_uart.o ABSOLUTE
    ..\\..\\..\\..\\..\\..\\components\\libraries\\fifo\\app_fifo.c 0x00000000   Number         0  app_fifo.o ABSOLUTE
    ..\\..\\..\\..\\..\\..\\components\\libraries\\uart\\app_uart_fifo.c 0x00000000   Number         0  app_uart_fifo.o ABSOLUTE
    ..\\..\\..\\..\\..\\..\\components\\libraries\\uart\\retarget.c 0x00000000   Number         0  retarget.o ABSOLUTE
    ..\\..\\..\\..\\..\\..\\components\\libraries\\util\\app_error.c 0x00000000   Number         0  app_error.o ABSOLUTE
    ..\\..\\..\\..\\..\\..\\components\\libraries\\util\\app_error_weak.c 0x00000000   Number         0  app_error_weak.o ABSOLUTE
    ..\\..\\..\\..\\..\\..\\components\\libraries\\util\\app_util_platform.c 0x00000000   Number         0  app_util_platform.o ABSOLUTE
    ..\\..\\..\\..\\..\\..\\components\\libraries\\util\\nrf_assert.c 0x00000000   Number         0  nrf_assert.o ABSOLUTE
    ..\\..\\..\\..\\app_mpu.c                0x00000000   Number         0  app_mpu.o ABSOLUTE
    ..\\..\\..\\..\\nrf_drv_mpu_twi.c        0x00000000   Number         0  nrf_drv_mpu_twi.o ABSOLUTE
    ..\\..\\..\\main.c                       0x00000000   Number         0  main.o ABSOLUTE
    RTE\Device\nRF52832_xxAA\arm_startup_nrf52.s 0x00000000   Number         0  arm_startup_nrf52.o ABSOLUTE
    RTE\Device\nRF52832_xxAA\system_nrf52.c  0x00000000   Number         0  system_nrf52.o ABSOLUTE
    RTE\\Device\\nRF52832_xxAA\\system_nrf52.c 0x00000000   Number         0  system_nrf52.o ABSOLUTE
    cdcmple.s                                0x00000000   Number         0  cdcmple.o ABSOLUTE
    cdrcmple.s                               0x00000000   Number         0  cdrcmple.o ABSOLUTE
    dc.s                                     0x00000000   Number         0  dc.o ABSOLUTE
    handlers.s                               0x00000000   Number         0  handlers.o ABSOLUTE
    init.s                                   0x00000000   Number         0  init.o ABSOLUTE
    .ARM.Collect$$$$00000000                 0x00000400   Section        0  entry.o(.ARM.Collect$$$$00000000)
    .ARM.Collect$$$$00000001                 0x00000400   Section        4  entry2.o(.ARM.Collect$$$$00000001)
    .ARM.Collect$$$$00000004                 0x00000404   Section        4  entry5.o(.ARM.Collect$$$$00000004)
    .ARM.Collect$$$$00000008                 0x00000408   Section        0  entry7b.o(.ARM.Collect$$$$00000008)
    .ARM.Collect$$$$0000000A                 0x00000408   Section        0  entry8b.o(.ARM.Collect$$$$0000000A)
    .ARM.Collect$$$$0000000B                 0x00000408   Section        8  entry9a.o(.ARM.Collect$$$$0000000B)
    .ARM.Collect$$$$0000000D                 0x00000410   Section        0  entry10a.o(.ARM.Collect$$$$0000000D)
    .ARM.Collect$$$$0000000F                 0x00000410   Section        0  entry11a.o(.ARM.Collect$$$$0000000F)
    .ARM.Collect$$$$00002712                 0x00000410   Section        4  entry2.o(.ARM.Collect$$$$00002712)
    __lit__00000000                          0x00000410   Data           4  entry2.o(.ARM.Collect$$$$00002712)
    .emb_text                                0x00000414   Section      118  nrf_delay.o(.emb_text)
    $v0                                      0x00000414   Number         0  nrf_delay.o(.emb_text)
    .emb_text                                0x0000048c   Section      118  nrf_drv_twi.o(.emb_text)
    $v0                                      0x0000048c   Number         0  nrf_drv_twi.o(.emb_text)
    .text                                    0x00000504   Section       36  arm_startup_nrf52.o(.text)
    $v0                                      0x00000504   Number         0  arm_startup_nrf52.o(.text)
    .text                                    0x00000528   Section        0  memcpya.o(.text)
    .text                                    0x0000054c   Section        0  dmul.o(.text)
    .text                                    0x00000630   Section        0  ddiv.o(.text)
    .text                                    0x0000070e   Section        0  f2d.o(.text)
    .text                                    0x00000734   Section        0  d2f.o(.text)
    .text                                    0x0000076c   Section        0  uidiv.o(.text)
    .text                                    0x00000798   Section        0  uldiv.o(.text)
    .text                                    0x000007fa   Section        0  iusefp.o(.text)
    .text                                    0x000007fa   Section        0  fepilogue.o(.text)
    .text                                    0x00000868   Section        0  depilogue.o(.text)
    .text                                    0x00000922   Section        0  dadd.o(.text)
    .text                                    0x00000a70   Section        0  dfixul.o(.text)
    .text                                    0x00000aa0   Section       48  cdrcmple.o(.text)
    .text                                    0x00000ad0   Section       36  init.o(.text)
    .text                                    0x00000af4   Section        0  llshl.o(.text)
    .text                                    0x00000b12   Section        0  llushr.o(.text)
    .text                                    0x00000b32   Section        0  llsshr.o(.text)
    i.FusionAhrsCalculateEarthAcceleration   0x00000b56   Section        0  fusionahrs.o(i.FusionAhrsCalculateEarthAcceleration)
    i.FusionAhrsInitialise                   0x00000c94   Section        0  fusionahrs.o(i.FusionAhrsInitialise)
    i.FusionAhrsUpdate                       0x00000cec   Section        0  fusionahrs.o(i.FusionAhrsUpdate)
    i.FusionBiasInitialise                   0x000015c4   Section        0  fusionbias.o(i.FusionBiasInitialise)
    i.FusionBiasUpdate                       0x000015ec   Section        0  fusionbias.o(i.FusionBiasUpdate)
    i.ReadAccelGyroMag                       0x000017ac   Section        0  main.o(i.ReadAccelGyroMag)
    i.SPIM0_SPIS0_TWIM0_TWIS0_SPI0_TWI0_IRQHandler 0x00001a08   Section        0  nrf_drv_twi.o(i.SPIM0_SPIS0_TWIM0_TWIS0_SPI0_TWI0_IRQHandler)
    i.SystemCoreClockUpdate                  0x00001a1c   Section        0  system_nrf52.o(i.SystemCoreClockUpdate)
    i.SystemInit                             0x00001a2c   Section        0  system_nrf52.o(i.SystemInit)
    i.UARTE0_UART0_IRQHandler                0x00001c60   Section        0  nrf_drv_uart.o(i.UARTE0_UART0_IRQHandler)
    i.__0printf                              0x00001c78   Section        0  printfa.o(i.__0printf)
    i.__ARM_fpclassifyf                      0x00001c98   Section        0  fpclassifyf.o(i.__ARM_fpclassifyf)
    i.__hardfp_asinf                         0x00001cc0   Section        0  asinf.o(i.__hardfp_asinf)
    i.__hardfp_atan2f                        0x00001dec   Section        0  atan2f.o(i.__hardfp_atan2f)
    i.__mathlib_flt_infnan                   0x0000203c   Section        0  funder.o(i.__mathlib_flt_infnan)
    i.__mathlib_flt_infnan2                  0x00002042   Section        0  funder.o(i.__mathlib_flt_infnan2)
    i.__mathlib_flt_invalid                  0x00002048   Section        0  funder.o(i.__mathlib_flt_invalid)
    i.__mathlib_flt_underflow                0x00002058   Section        0  funder.o(i.__mathlib_flt_underflow)
    i.__scatterload_copy                     0x00002068   Section       14  handlers.o(i.__scatterload_copy)
    i.__scatterload_null                     0x00002076   Section        2  handlers.o(i.__scatterload_null)
    i.__scatterload_zeroinit                 0x00002078   Section       14  handlers.o(i.__scatterload_zeroinit)
    i.__set_errno                            0x00002088   Section        0  errno.o(i.__set_errno)
    i._fp_digits                             0x00002094   Section        0  printfa.o(i._fp_digits)
    _fp_digits                               0x00002095   Thumb Code   334  printfa.o(i._fp_digits)
    i._printf_core                           0x000021f8   Section        0  printfa.o(i._printf_core)
    _printf_core                             0x000021f9   Thumb Code  1744  printfa.o(i._printf_core)
    i._printf_post_padding                   0x000028d4   Section        0  printfa.o(i._printf_post_padding)
    _printf_post_padding                     0x000028d5   Thumb Code    36  printfa.o(i._printf_post_padding)
    i._printf_pre_padding                    0x000028f8   Section        0  printfa.o(i._printf_pre_padding)
    _printf_pre_padding                      0x000028f9   Thumb Code    46  printfa.o(i._printf_pre_padding)
    i.app_error_fault_handler                0x00002928   Section        0  app_error_weak.o(i.app_error_fault_handler)
    i.app_error_handler                      0x00002954   Section        0  app_error.o(i.app_error_handler)
    i.app_error_save_and_stop                0x00002974   Section        0  app_error.o(i.app_error_save_and_stop)
    i.app_fifo_get                           0x000029f0   Section        0  app_fifo.o(i.app_fifo_get)
    i.app_fifo_init                          0x00002a0e   Section        0  app_fifo.o(i.app_fifo_init)
    i.app_fifo_put                           0x00002a32   Section        0  app_fifo.o(i.app_fifo_put)
    i.app_uart_init                          0x00002a54   Section        0  app_uart_fifo.o(i.app_uart_init)
    i.app_uart_put                           0x00002b20   Section        0  app_uart_fifo.o(i.app_uart_put)
    i.apply_config                           0x00002b58   Section        0  nrf_drv_uart.o(i.apply_config)
    apply_config                             0x00002b59   Thumb Code   174  nrf_drv_uart.o(i.apply_config)
    i.errata_16                              0x00002c14   Section        0  system_nrf52.o(i.errata_16)
    errata_16                                0x00002c15   Thumb Code    42  system_nrf52.o(i.errata_16)
    i.errata_31                              0x00002c44   Section        0  system_nrf52.o(i.errata_31)
    errata_31                                0x00002c45   Thumb Code    78  system_nrf52.o(i.errata_31)
    i.errata_32                              0x00002c98   Section        0  system_nrf52.o(i.errata_32)
    errata_32                                0x00002c99   Thumb Code    42  system_nrf52.o(i.errata_32)
    i.errata_36                              0x00002cc8   Section        0  system_nrf52.o(i.errata_36)
    errata_36                                0x00002cc9   Thumb Code    78  system_nrf52.o(i.errata_36)
    i.errata_37                              0x00002d1c   Section        0  system_nrf52.o(i.errata_37)
    errata_37                                0x00002d1d   Thumb Code    42  system_nrf52.o(i.errata_37)
    i.errata_57                              0x00002d4c   Section        0  system_nrf52.o(i.errata_57)
    errata_57                                0x00002d4d   Thumb Code    42  system_nrf52.o(i.errata_57)
    i.errata_66                              0x00002d7c   Section        0  system_nrf52.o(i.errata_66)
    errata_66                                0x00002d7d   Thumb Code    42  system_nrf52.o(i.errata_66)
    i.fifo_get                               0x00002dac   Section        0  app_fifo.o(i.fifo_get)
    fifo_get                                 0x00002dad   Thumb Code    24  app_fifo.o(i.fifo_get)
    i.fifo_length                            0x00002dc4   Section        0  app_uart_fifo.o(i.fifo_length)
    fifo_length                              0x00002dc5   Thumb Code    10  app_uart_fifo.o(i.fifo_length)
    i.fifo_length                            0x00002dce   Section        0  app_fifo.o(i.fifo_length)
    fifo_length                              0x00002dcf   Thumb Code    10  app_fifo.o(i.fifo_length)
    i.fifo_peek                              0x00002dd8   Section        0  app_fifo.o(i.fifo_peek)
    fifo_peek                                0x00002dd9   Thumb Code    18  app_fifo.o(i.fifo_peek)
    i.fifo_put                               0x00002dea   Section        0  app_fifo.o(i.fifo_put)
    fifo_put                                 0x00002deb   Thumb Code    18  app_fifo.o(i.fifo_put)
    i.fputc                                  0x00002dfc   Section        0  retarget.o(i.fputc)
    i.irq_handler_twi                        0x00002e0c   Section        0  nrf_drv_twi.o(i.irq_handler_twi)
    irq_handler_twi                          0x00002e0d   Thumb Code   218  nrf_drv_twi.o(i.irq_handler_twi)
    i.main                                   0x00002ee8   Section        0  main.o(i.main)
    i.merge_register_and_data                0x00003254   Section        0  nrf_drv_mpu_twi.o(i.merge_register_and_data)
    merge_register_and_data                  0x00003255   Thumb Code    28  nrf_drv_mpu_twi.o(i.merge_register_and_data)
    i.mpu_config                             0x00003270   Section        0  app_mpu.o(i.mpu_config)
    i.mpu_init                               0x00003282   Section        0  app_mpu.o(i.mpu_init)
    i.mpu_int_cfg_pin                        0x000032b6   Section        0  app_mpu.o(i.mpu_int_cfg_pin)
    i.mpu_magnetometer_init                  0x000032c6   Section        0  app_mpu.o(i.mpu_magnetometer_init)
    i.mpu_read_accel                         0x000032fc   Section        0  app_mpu.o(i.mpu_read_accel)
    i.mpu_read_gyro                          0x00003330   Section        0  app_mpu.o(i.mpu_read_gyro)
    i.mpu_read_magnetometer                  0x00003364   Section        0  app_mpu.o(i.mpu_read_magnetometer)
    i.mpu_setup                              0x0000339c   Section        0  main.o(i.mpu_setup)
    i.nrf_delay_ms                           0x00003434   Section        0  nrf_delay.o(i.nrf_delay_ms)
    i.nrf_drv_common_irq_enable              0x00003450   Section        0  nrf_drv_common.o(i.nrf_drv_common_irq_enable)
    i.nrf_drv_get_IRQn                       0x000034b0   Section        0  nrf_drv_twi.o(i.nrf_drv_get_IRQn)
    nrf_drv_get_IRQn                         0x000034b1   Thumb Code    10  nrf_drv_twi.o(i.nrf_drv_get_IRQn)
    i.nrf_drv_mpu_init                       0x000034bc   Section        0  nrf_drv_mpu_twi.o(i.nrf_drv_mpu_init)
    i.nrf_drv_mpu_read_magnetometer_registers 0x000034f4   Section        0  nrf_drv_mpu_twi.o(i.nrf_drv_mpu_read_magnetometer_registers)
    i.nrf_drv_mpu_read_registers             0x00003578   Section        0  nrf_drv_mpu_twi.o(i.nrf_drv_mpu_read_registers)
    i.nrf_drv_mpu_twi_event_handler          0x000035fc   Section        0  nrf_drv_mpu_twi.o(i.nrf_drv_mpu_twi_event_handler)
    nrf_drv_mpu_twi_event_handler            0x000035fd   Thumb Code    80  nrf_drv_mpu_twi.o(i.nrf_drv_mpu_twi_event_handler)
    i.nrf_drv_mpu_write_magnetometer_register 0x00003654   Section        0  nrf_drv_mpu_twi.o(i.nrf_drv_mpu_write_magnetometer_register)
    i.nrf_drv_mpu_write_registers            0x000036a8   Section        0  nrf_drv_mpu_twi.o(i.nrf_drv_mpu_write_registers)
    i.nrf_drv_mpu_write_single_register      0x00003714   Section        0  nrf_drv_mpu_twi.o(i.nrf_drv_mpu_write_single_register)
    i.nrf_drv_twi_enable                     0x00003768   Section        0  nrf_drv_twi.o(i.nrf_drv_twi_enable)
    i.nrf_drv_twi_init                       0x0000378c   Section        0  nrf_drv_twi.o(i.nrf_drv_twi_init)
    i.nrf_drv_twi_rx                         0x00003828   Section        0  nrf_drv_twi.o(i.nrf_drv_twi_rx)
    i.nrf_drv_twi_tx                         0x00003854   Section        0  nrf_drv_twi.o(i.nrf_drv_twi_tx)
    i.nrf_drv_twi_xfer                       0x00003890   Section        0  nrf_drv_twi.o(i.nrf_drv_twi_xfer)
    i.nrf_drv_uart_init                      0x000038cc   Section        0  nrf_drv_uart.o(i.nrf_drv_uart_init)
    i.nrf_drv_uart_rx                        0x000039b0   Section        0  nrf_drv_uart.o(i.nrf_drv_uart_rx)
    i.nrf_drv_uart_rx_enable                 0x00003a60   Section        0  nrf_drv_uart.o(i.nrf_drv_uart_rx_enable)
    i.nrf_drv_uart_rx_for_uart               0x00003a80   Section        0  nrf_drv_uart.o(i.nrf_drv_uart_rx_for_uart)
    nrf_drv_uart_rx_for_uart                 0x00003a81   Thumb Code   172  nrf_drv_uart.o(i.nrf_drv_uart_rx_for_uart)
    i.nrf_drv_uart_rx_for_uarte              0x00003b34   Section        0  nrf_drv_uart.o(i.nrf_drv_uart_rx_for_uarte)
    nrf_drv_uart_rx_for_uarte                0x00003b35   Thumb Code   168  nrf_drv_uart.o(i.nrf_drv_uart_rx_for_uarte)
    i.nrf_drv_uart_tx                        0x00003be8   Section        0  nrf_drv_uart.o(i.nrf_drv_uart_tx)
    i.nrf_drv_uart_tx_for_uart               0x00003c30   Section        0  nrf_drv_uart.o(i.nrf_drv_uart_tx_for_uart)
    nrf_drv_uart_tx_for_uart                 0x00003c31   Thumb Code   132  nrf_drv_uart.o(i.nrf_drv_uart_tx_for_uart)
    i.nrf_drv_uart_tx_for_uarte              0x00003cbc   Section        0  nrf_drv_uart.o(i.nrf_drv_uart_tx_for_uarte)
    nrf_drv_uart_tx_for_uarte                0x00003cbd   Thumb Code   104  nrf_drv_uart.o(i.nrf_drv_uart_tx_for_uarte)
    i.nrf_drv_uart_tx_in_progress            0x00003d2c   Section        0  nrf_drv_uart.o(i.nrf_drv_uart_tx_in_progress)
    i.nrf_gpio_cfg                           0x00003d40   Section        0  nrf_drv_uart.o(i.nrf_gpio_cfg)
    nrf_gpio_cfg                             0x00003d41   Thumb Code    30  nrf_drv_uart.o(i.nrf_gpio_cfg)
    i.nrf_gpio_cfg_input                     0x00003d64   Section        0  nrf_drv_uart.o(i.nrf_gpio_cfg_input)
    nrf_gpio_cfg_input                       0x00003d65   Thumb Code    26  nrf_drv_uart.o(i.nrf_gpio_cfg_input)
    i.nrf_gpio_cfg_output                    0x00003d7e   Section        0  nrf_drv_uart.o(i.nrf_gpio_cfg_output)
    nrf_gpio_cfg_output                      0x00003d7f   Thumb Code    24  nrf_drv_uart.o(i.nrf_gpio_cfg_output)
    i.nrf_gpio_pin_clear                     0x00003d98   Section        0  nrf_drv_twi.o(i.nrf_gpio_pin_clear)
    nrf_gpio_pin_clear                       0x00003d99   Thumb Code    10  nrf_drv_twi.o(i.nrf_gpio_pin_clear)
    i.nrf_gpio_pin_set                       0x00003da8   Section        0  nrf_drv_twi.o(i.nrf_gpio_pin_set)
    nrf_gpio_pin_set                         0x00003da9   Thumb Code    10  nrf_drv_twi.o(i.nrf_gpio_pin_set)
    i.nrf_gpio_pin_set                       0x00003db8   Section        0  nrf_drv_uart.o(i.nrf_gpio_pin_set)
    nrf_gpio_pin_set                         0x00003db9   Thumb Code    10  nrf_drv_uart.o(i.nrf_gpio_pin_set)
    i.nrf_twi_event_check                    0x00003dc8   Section        0  nrf_drv_twi.o(i.nrf_twi_event_check)
    nrf_twi_event_check                      0x00003dc9   Thumb Code    14  nrf_drv_twi.o(i.nrf_twi_event_check)
    i.nrf_twi_event_clear                    0x00003dd6   Section        0  nrf_drv_twi.o(i.nrf_twi_event_clear)
    nrf_twi_event_clear                      0x00003dd7   Thumb Code     6  nrf_drv_twi.o(i.nrf_twi_event_clear)
    i.nrf_twi_int_disable                    0x00003ddc   Section        0  nrf_drv_twi.o(i.nrf_twi_int_disable)
    nrf_twi_int_disable                      0x00003ddd   Thumb Code     6  nrf_drv_twi.o(i.nrf_twi_int_disable)
    i.nrf_twi_int_enable                     0x00003de2   Section        0  nrf_drv_twi.o(i.nrf_twi_int_enable)
    nrf_twi_int_enable                       0x00003de3   Thumb Code     6  nrf_drv_twi.o(i.nrf_twi_int_enable)
    i.nrf_twi_shorts_set                     0x00003de8   Section        0  nrf_drv_twi.o(i.nrf_twi_shorts_set)
    nrf_twi_shorts_set                       0x00003de9   Thumb Code     6  nrf_drv_twi.o(i.nrf_twi_shorts_set)
    i.nrf_twi_task_trigger                   0x00003dee   Section        0  nrf_drv_twi.o(i.nrf_twi_task_trigger)
    nrf_twi_task_trigger                     0x00003def   Thumb Code     6  nrf_drv_twi.o(i.nrf_twi_task_trigger)
    i.nrf_uart_errorsrc_get_and_clear        0x00003df4   Section        0  nrf_drv_uart.o(i.nrf_uart_errorsrc_get_and_clear)
    nrf_uart_errorsrc_get_and_clear          0x00003df5   Thumb Code    12  nrf_drv_uart.o(i.nrf_uart_errorsrc_get_and_clear)
    i.nrf_uart_event_check                   0x00003e00   Section        0  nrf_drv_uart.o(i.nrf_uart_event_check)
    nrf_uart_event_check                     0x00003e01   Thumb Code    14  nrf_drv_uart.o(i.nrf_uart_event_check)
    i.nrf_uart_event_clear                   0x00003e0e   Section        0  nrf_drv_uart.o(i.nrf_uart_event_clear)
    nrf_uart_event_clear                     0x00003e0f   Thumb Code     6  nrf_drv_uart.o(i.nrf_uart_event_clear)
    i.nrf_uart_hwfc_pins_set                 0x00003e14   Section        0  nrf_drv_uart.o(i.nrf_uart_hwfc_pins_set)
    nrf_uart_hwfc_pins_set                   0x00003e15   Thumb Code    10  nrf_drv_uart.o(i.nrf_uart_hwfc_pins_set)
    i.nrf_uart_int_disable                   0x00003e1e   Section        0  nrf_drv_uart.o(i.nrf_uart_int_disable)
    nrf_uart_int_disable                     0x00003e1f   Thumb Code     6  nrf_drv_uart.o(i.nrf_uart_int_disable)
    i.nrf_uart_int_enable                    0x00003e24   Section        0  nrf_drv_uart.o(i.nrf_uart_int_enable)
    nrf_uart_int_enable                      0x00003e25   Thumb Code     6  nrf_drv_uart.o(i.nrf_uart_int_enable)
    i.nrf_uart_int_enable_check              0x00003e2a   Section        0  nrf_drv_uart.o(i.nrf_uart_int_enable_check)
    nrf_uart_int_enable_check                0x00003e2b   Thumb Code    18  nrf_drv_uart.o(i.nrf_uart_int_enable_check)
    i.nrf_uart_task_trigger                  0x00003e3c   Section        0  nrf_drv_uart.o(i.nrf_uart_task_trigger)
    nrf_uart_task_trigger                    0x00003e3d   Thumb Code     6  nrf_drv_uart.o(i.nrf_uart_task_trigger)
    i.nrf_uart_txrx_pins_set                 0x00003e42   Section        0  nrf_drv_uart.o(i.nrf_uart_txrx_pins_set)
    nrf_uart_txrx_pins_set                   0x00003e43   Thumb Code    10  nrf_drv_uart.o(i.nrf_uart_txrx_pins_set)
    i.nrf_uarte_errorsrc_get_and_clear       0x00003e4c   Section        0  nrf_drv_uart.o(i.nrf_uarte_errorsrc_get_and_clear)
    nrf_uarte_errorsrc_get_and_clear         0x00003e4d   Thumb Code    12  nrf_drv_uart.o(i.nrf_uarte_errorsrc_get_and_clear)
    i.nrf_uarte_event_check                  0x00003e58   Section        0  nrf_drv_uart.o(i.nrf_uarte_event_check)
    nrf_uarte_event_check                    0x00003e59   Thumb Code    14  nrf_drv_uart.o(i.nrf_uarte_event_check)
    i.nrf_uarte_event_clear                  0x00003e66   Section        0  nrf_drv_uart.o(i.nrf_uarte_event_clear)
    nrf_uarte_event_clear                    0x00003e67   Thumb Code     6  nrf_drv_uart.o(i.nrf_uarte_event_clear)
    i.nrf_uarte_hwfc_pins_set                0x00003e6c   Section        0  nrf_drv_uart.o(i.nrf_uarte_hwfc_pins_set)
    nrf_uarte_hwfc_pins_set                  0x00003e6d   Thumb Code    12  nrf_drv_uart.o(i.nrf_uarte_hwfc_pins_set)
    i.nrf_uarte_int_disable                  0x00003e78   Section        0  nrf_drv_uart.o(i.nrf_uarte_int_disable)
    nrf_uarte_int_disable                    0x00003e79   Thumb Code     6  nrf_drv_uart.o(i.nrf_uarte_int_disable)
    i.nrf_uarte_int_enable                   0x00003e7e   Section        0  nrf_drv_uart.o(i.nrf_uarte_int_enable)
    nrf_uarte_int_enable                     0x00003e7f   Thumb Code     6  nrf_drv_uart.o(i.nrf_uarte_int_enable)
    i.nrf_uarte_rx_amount_get                0x00003e84   Section        0  nrf_drv_uart.o(i.nrf_uarte_rx_amount_get)
    nrf_uarte_rx_amount_get                  0x00003e85   Thumb Code    10  nrf_drv_uart.o(i.nrf_uarte_rx_amount_get)
    i.nrf_uarte_task_trigger                 0x00003e8e   Section        0  nrf_drv_uart.o(i.nrf_uarte_task_trigger)
    nrf_uarte_task_trigger                   0x00003e8f   Thumb Code     6  nrf_drv_uart.o(i.nrf_uarte_task_trigger)
    i.nrf_uarte_txrx_pins_set                0x00003e94   Section        0  nrf_drv_uart.o(i.nrf_uarte_txrx_pins_set)
    nrf_uarte_txrx_pins_set                  0x00003e95   Thumb Code    14  nrf_drv_uart.o(i.nrf_uarte_txrx_pins_set)
    i.rx_byte                                0x00003ea4   Section        0  nrf_drv_uart.o(i.rx_byte)
    rx_byte                                  0x00003ea5   Thumb Code    68  nrf_drv_uart.o(i.rx_byte)
    i.rx_done_event                          0x00003ef4   Section        0  nrf_drv_uart.o(i.rx_done_event)
    rx_done_event                            0x00003ef5   Thumb Code    30  nrf_drv_uart.o(i.rx_done_event)
    i.rx_enable                              0x00003f18   Section        0  nrf_drv_uart.o(i.rx_enable)
    rx_enable                                0x00003f19   Thumb Code    32  nrf_drv_uart.o(i.rx_enable)
    i.sqrtf                                  0x00003f3c   Section        0  sqrtf.o(i.sqrtf)
    i.twi_clear_bus                          0x00003f7c   Section        0  nrf_drv_twi.o(i.twi_clear_bus)
    twi_clear_bus                            0x00003f7d   Thumb Code   132  nrf_drv_twi.o(i.twi_clear_bus)
    i.twi_receive_byte                       0x00004008   Section        0  nrf_drv_twi.o(i.twi_receive_byte)
    twi_receive_byte                         0x00004009   Thumb Code    76  nrf_drv_twi.o(i.twi_receive_byte)
    i.twi_rx_start_transfer                  0x00004054   Section        0  nrf_drv_twi.o(i.twi_rx_start_transfer)
    twi_rx_start_transfer                    0x00004055   Thumb Code   166  nrf_drv_twi.o(i.twi_rx_start_transfer)
    i.twi_send_byte                          0x000040fa   Section        0  nrf_drv_twi.o(i.twi_send_byte)
    twi_send_byte                            0x000040fb   Thumb Code    72  nrf_drv_twi.o(i.twi_send_byte)
    i.twi_transfer                           0x00004142   Section        0  nrf_drv_twi.o(i.twi_transfer)
    twi_transfer                             0x00004143   Thumb Code   290  nrf_drv_twi.o(i.twi_transfer)
    i.twi_tx_start_transfer                  0x00004264   Section        0  nrf_drv_twi.o(i.twi_tx_start_transfer)
    twi_tx_start_transfer                    0x00004265   Thumb Code   172  nrf_drv_twi.o(i.twi_tx_start_transfer)
    i.twi_xfer                               0x00004310   Section        0  nrf_drv_twi.o(i.twi_xfer)
    twi_xfer                                 0x00004311   Thumb Code   184  nrf_drv_twi.o(i.twi_xfer)
    i.tx_byte                                0x000043c8   Section        0  nrf_drv_uart.o(i.tx_byte)
    tx_byte                                  0x000043c9   Thumb Code    42  nrf_drv_uart.o(i.tx_byte)
    i.tx_done_event                          0x00004400   Section        0  nrf_drv_uart.o(i.tx_done_event)
    tx_done_event                            0x00004401   Thumb Code    38  nrf_drv_uart.o(i.tx_done_event)
    i.uart_config                            0x0000442c   Section        0  main.o(i.uart_config)
    uart_config                              0x0000442d   Thumb Code    74  main.o(i.uart_config)
    i.uart_event_handler                     0x00004498   Section        0  app_uart_fifo.o(i.uart_event_handler)
    uart_event_handler                       0x00004499   Thumb Code   170  app_uart_fifo.o(i.uart_event_handler)
    i.uart_events_handler                    0x00004558   Section        0  main.o(i.uart_events_handler)
    uart_events_handler                      0x00004559   Thumb Code    52  main.o(i.uart_events_handler)
    i.uart_irq_handler                       0x0000459c   Section        0  nrf_drv_uart.o(i.uart_irq_handler)
    uart_irq_handler                         0x0000459d   Thumb Code   342  nrf_drv_uart.o(i.uart_irq_handler)
    i.uarte_irq_handler                      0x000046fc   Section        0  nrf_drv_uart.o(i.uarte_irq_handler)
    uarte_irq_handler                        0x000046fd   Thumb Code   286  nrf_drv_uart.o(i.uarte_irq_handler)
    .constdata                               0x00004828   Section       12  main.o(.constdata)
    .constdata                               0x00004834   Section       24  nrf_drv_mpu_twi.o(.constdata)
    m_twi_instance                           0x00004834   Data           8  nrf_drv_mpu_twi.o(.constdata)
    .constdata                               0x0000484c   Section       32  fusionahrs.o(.constdata)
    .constdata                               0x0000486c   Section       32  app_uart_fifo.o(.constdata)
    .constdata                               0x0000488c   Section       28  nrf_drv_twi.o(.constdata)
    m_default_config                         0x0000488c   Data          16  nrf_drv_twi.o(.constdata)
    .constdata                               0x000048a8   Section       32  nrf_drv_uart.o(.constdata)
    m_default_config                         0x000048a8   Data          32  nrf_drv_uart.o(.constdata)
    .data                                    0x20000000   Section       69  main.o(.data)
    rx_buf                                   0x20000044   Data           1  main.o(.data)
    .data                                    0x20000045   Section        2  nrf_drv_mpu_twi.o(.data)
    twi_tx_done                              0x20000045   Data           1  nrf_drv_mpu_twi.o(.data)
    twi_rx_done                              0x20000046   Data           1  nrf_drv_mpu_twi.o(.data)
    .data                                    0x20000048   Section        6  app_uart_fifo.o(.data)
    m_event_handler                          0x20000048   Data           4  app_uart_fifo.o(.data)
    tx_buffer                                0x2000004c   Data           1  app_uart_fifo.o(.data)
    rx_buffer                                0x2000004d   Data           1  app_uart_fifo.o(.data)
    .data                                    0x20000050   Section        8  retarget.o(.data)
    .data                                    0x20000058   Section        4  system_nrf52.o(.data)
    __tagsym$$used                           0x20000058   Number         0  system_nrf52.o(.data)
    .data                                    0x2000005c   Section        4  errno.o(.data)
    _errno                                   0x2000005c   Data           4  errno.o(.data)
    .bss                                     0x20000060   Section      256  main.o(.bss)
    tx_buf                                   0x20000060   Data         256  main.o(.bss)
    .bss                                     0x20000160   Section       14  nrf_drv_mpu_twi.o(.bss)
    .bss                                     0x20000170   Section       32  app_uart_fifo.o(.bss)
    m_rx_fifo                                0x20000170   Data          16  app_uart_fifo.o(.bss)
    m_tx_fifo                                0x20000180   Data          16  app_uart_fifo.o(.bss)
    .bss                                     0x20000190   Section       40  nrf_drv_twi.o(.bss)
    m_cb                                     0x20000190   Data          40  nrf_drv_twi.o(.bss)
    .bss                                     0x200001b8   Section       32  nrf_drv_uart.o(.bss)
    m_cb                                     0x200001b8   Data          32  nrf_drv_uart.o(.bss)
    .bss                                     0x200001d8   Section       32  app_error.o(.bss)
    m_error_data                             0x200001d8   Data          32  app_error.o(.bss)
    STACK                                    0x200001f8   Section     8192  arm_startup_nrf52.o(STACK)

    Global Symbols

    Symbol Name                              Value     Ov Type        Size  Object(Section)

    BuildAttributes$$THM_ISAv4$E$P$D$K$B$S$7EM$VFPi3$EXTD16$VFPS$VFMA$PE$A:L22UL41UL21$X:L11$S22US41US21$IEEE1$IW$USESV6$~STKCKD$USESV7$~SHL$OTIME$ROPI$IEEEX$EBA8$MICROLIB$REQ8$PRES8$EABIv2 0x00000000   Number         0  anon$$obj.o ABSOLUTE
    __ARM_use_no_argv                        0x00000000   Number         0  main.o ABSOLUTE
    __Vectors                                0x00000000   Data           4  arm_startup_nrf52.o(RESET)
    _printf_a                                0x00000000   Number         0  stubs.o ABSOLUTE
    _printf_c                                0x00000000   Number         0  stubs.o ABSOLUTE
    _printf_charcount                        0x00000000   Number         0  stubs.o ABSOLUTE
    _printf_d                                0x00000000   Number         0  stubs.o ABSOLUTE
    _printf_e                                0x00000000   Number         0  stubs.o ABSOLUTE
    _printf_f                                0x00000000   Number         0  stubs.o ABSOLUTE
    _printf_flags                            0x00000000   Number         0  stubs.o ABSOLUTE
    _printf_fp_dec                           0x00000000   Number         0  stubs.o ABSOLUTE
    _printf_fp_hex                           0x00000000   Number         0  stubs.o ABSOLUTE
    _printf_g                                0x00000000   Number         0  stubs.o ABSOLUTE
    _printf_i                                0x00000000   Number         0  stubs.o ABSOLUTE
    _printf_int_dec                          0x00000000   Number         0  stubs.o ABSOLUTE
    _printf_l                                0x00000000   Number         0  stubs.o ABSOLUTE
    _printf_lc                               0x00000000   Number         0  stubs.o ABSOLUTE
    _printf_ll                               0x00000000   Number         0  stubs.o ABSOLUTE
    _printf_lld                              0x00000000   Number         0  stubs.o ABSOLUTE
    _printf_lli                              0x00000000   Number         0  stubs.o ABSOLUTE
    _printf_llo                              0x00000000   Number         0  stubs.o ABSOLUTE
    _printf_llu                              0x00000000   Number         0  stubs.o ABSOLUTE
    _printf_llx                              0x00000000   Number         0  stubs.o ABSOLUTE
    _printf_longlong_dec                     0x00000000   Number         0  stubs.o ABSOLUTE
    _printf_longlong_hex                     0x00000000   Number         0  stubs.o ABSOLUTE
    _printf_longlong_oct                     0x00000000   Number         0  stubs.o ABSOLUTE
    _printf_ls                               0x00000000   Number         0  stubs.o ABSOLUTE
    _printf_mbtowc                           0x00000000   Number         0  stubs.o ABSOLUTE
    _printf_n                                0x00000000   Number         0  stubs.o ABSOLUTE
    _printf_o                                0x00000000   Number         0  stubs.o ABSOLUTE
    _printf_p                                0x00000000   Number         0  stubs.o ABSOLUTE
    _printf_percent                          0x00000000   Number         0  stubs.o ABSOLUTE
    _printf_pre_padding                      0x00000000   Number         0  stubs.o ABSOLUTE
    _printf_return_value                     0x00000000   Number         0  stubs.o ABSOLUTE
    _printf_s                                0x00000000   Number         0  stubs.o ABSOLUTE
    _printf_sizespec                         0x00000000   Number         0  stubs.o ABSOLUTE
    _printf_str                              0x00000000   Number         0  stubs.o ABSOLUTE
    _printf_truncate_signed                  0x00000000   Number         0  stubs.o ABSOLUTE
    _printf_truncate_unsigned                0x00000000   Number         0  stubs.o ABSOLUTE
    _printf_u                                0x00000000   Number         0  stubs.o ABSOLUTE
    _printf_wc                               0x00000000   Number         0  stubs.o ABSOLUTE
    _printf_wctomb                           0x00000000   Number         0  stubs.o ABSOLUTE
    _printf_widthprec                        0x00000000   Number         0  stubs.o ABSOLUTE
    _printf_x                                0x00000000   Number         0  stubs.o ABSOLUTE
    __cpp_initialize__aeabi_                  - Undefined Weak Reference
    __cxa_finalize                            - Undefined Weak Reference
    __decompress                              - Undefined Weak Reference
    _clock_init                               - Undefined Weak Reference
    _microlib_exit                            - Undefined Weak Reference
    __Vectors_End                            0x00000400   Data           0  arm_startup_nrf52.o(RESET)
    __Vectors_Size                           0x00000400   Number         0  arm_startup_nrf52.o ABSOLUTE
    __main                                   0x00000401   Thumb Code     0  entry.o(.ARM.Collect$$$$00000000)
    _main_stk                                0x00000401   Thumb Code     0  entry2.o(.ARM.Collect$$$$00000001)
    _main_scatterload                        0x00000405   Thumb Code     0  entry5.o(.ARM.Collect$$$$00000004)
    __main_after_scatterload                 0x00000409   Thumb Code     0  entry5.o(.ARM.Collect$$$$00000004)
    _main_clock                              0x00000409   Thumb Code     0  entry7b.o(.ARM.Collect$$$$00000008)
    _main_cpp_init                           0x00000409   Thumb Code     0  entry8b.o(.ARM.Collect$$$$0000000A)
    _main_init                               0x00000409   Thumb Code     0  entry9a.o(.ARM.Collect$$$$0000000B)
    __rt_final_cpp                           0x00000411   Thumb Code     0  entry10a.o(.ARM.Collect$$$$0000000D)
    __rt_final_exit                          0x00000411   Thumb Code     0  entry11a.o(.ARM.Collect$$$$0000000F)
    __asm___11_nrf_delay_c_532987f3__nrf_delay_us 0x00000415   Thumb Code   118  nrf_delay.o(.emb_text)
    __asm___13_nrf_drv_twi_c_a9bcf68d__nrf_delay_us 0x0000048d   Thumb Code   118  nrf_drv_twi.o(.emb_text)
    Reset_Handler                            0x00000505   Thumb Code     8  arm_startup_nrf52.o(.text)
    NMI_Handler                              0x0000050d   Thumb Code     2  arm_startup_nrf52.o(.text)
    HardFault_Handler                        0x0000050f   Thumb Code     2  arm_startup_nrf52.o(.text)
    MemoryManagement_Handler                 0x00000511   Thumb Code     2  arm_startup_nrf52.o(.text)
    BusFault_Handler                         0x00000513   Thumb Code     2  arm_startup_nrf52.o(.text)
    UsageFault_Handler                       0x00000515   Thumb Code     2  arm_startup_nrf52.o(.text)
    SVC_Handler                              0x00000517   Thumb Code     2  arm_startup_nrf52.o(.text)
    DebugMonitor_Handler                     0x00000519   Thumb Code     2  arm_startup_nrf52.o(.text)
    PendSV_Handler                           0x0000051b   Thumb Code     2  arm_startup_nrf52.o(.text)
    SysTick_Handler                          0x0000051d   Thumb Code     2  arm_startup_nrf52.o(.text)
    CCM_AAR_IRQHandler                       0x0000051f   Thumb Code     0  arm_startup_nrf52.o(.text)
    COMP_LPCOMP_IRQHandler                   0x0000051f   Thumb Code     0  arm_startup_nrf52.o(.text)
    ECB_IRQHandler                           0x0000051f   Thumb Code     0  arm_startup_nrf52.o(.text)
    FPU_IRQHandler                           0x0000051f   Thumb Code     0  arm_startup_nrf52.o(.text)
    GPIOTE_IRQHandler                        0x0000051f   Thumb Code     0  arm_startup_nrf52.o(.text)
    I2S_IRQHandler                           0x0000051f   Thumb Code     0  arm_startup_nrf52.o(.text)
    MWU_IRQHandler                           0x0000051f   Thumb Code     0  arm_startup_nrf52.o(.text)
    NFCT_IRQHandler                          0x0000051f   Thumb Code     0  arm_startup_nrf52.o(.text)
    PDM_IRQHandler                           0x0000051f   Thumb Code     0  arm_startup_nrf52.o(.text)
    POWER_CLOCK_IRQHandler                   0x0000051f   Thumb Code     0  arm_startup_nrf52.o(.text)
    PWM0_IRQHandler                          0x0000051f   Thumb Code     0  arm_startup_nrf52.o(.text)
    PWM1_IRQHandler                          0x0000051f   Thumb Code     0  arm_startup_nrf52.o(.text)
    PWM2_IRQHandler                          0x0000051f   Thumb Code     0  arm_startup_nrf52.o(.text)
    QDEC_IRQHandler                          0x0000051f   Thumb Code     0  arm_startup_nrf52.o(.text)
    RADIO_IRQHandler                         0x0000051f   Thumb Code     0  arm_startup_nrf52.o(.text)
    RNG_IRQHandler                           0x0000051f   Thumb Code     0  arm_startup_nrf52.o(.text)
    RTC0_IRQHandler                          0x0000051f   Thumb Code     0  arm_startup_nrf52.o(.text)
    RTC1_IRQHandler                          0x0000051f   Thumb Code     0  arm_startup_nrf52.o(.text)
    RTC2_IRQHandler                          0x0000051f   Thumb Code     0  arm_startup_nrf52.o(.text)
    SAADC_IRQHandler                         0x0000051f   Thumb Code     0  arm_startup_nrf52.o(.text)
    SPIM1_SPIS1_TWIM1_TWIS1_SPI1_TWI1_IRQHandler 0x0000051f   Thumb Code     0  arm_startup_nrf52.o(.text)
    SPIM2_SPIS2_SPI2_IRQHandler              0x0000051f   Thumb Code     0  arm_startup_nrf52.o(.text)
    SWI0_EGU0_IRQHandler                     0x0000051f   Thumb Code     0  arm_startup_nrf52.o(.text)
    SWI1_EGU1_IRQHandler                     0x0000051f   Thumb Code     0  arm_startup_nrf52.o(.text)
    SWI2_EGU2_IRQHandler                     0x0000051f   Thumb Code     0  arm_startup_nrf52.o(.text)
    SWI3_EGU3_IRQHandler                     0x0000051f   Thumb Code     0  arm_startup_nrf52.o(.text)
    SWI4_EGU4_IRQHandler                     0x0000051f   Thumb Code     0  arm_startup_nrf52.o(.text)
    SWI5_EGU5_IRQHandler                     0x0000051f   Thumb Code     0  arm_startup_nrf52.o(.text)
    TEMP_IRQHandler                          0x0000051f   Thumb Code     0  arm_startup_nrf52.o(.text)
    TIMER0_IRQHandler                        0x0000051f   Thumb Code     0  arm_startup_nrf52.o(.text)
    TIMER1_IRQHandler                        0x0000051f   Thumb Code     0  arm_startup_nrf52.o(.text)
    TIMER2_IRQHandler                        0x0000051f   Thumb Code     0  arm_startup_nrf52.o(.text)
    TIMER3_IRQHandler                        0x0000051f   Thumb Code     0  arm_startup_nrf52.o(.text)
    TIMER4_IRQHandler                        0x0000051f   Thumb Code     0  arm_startup_nrf52.o(.text)
    WDT_IRQHandler                           0x0000051f   Thumb Code     0  arm_startup_nrf52.o(.text)
    __aeabi_memcpy                           0x00000529   Thumb Code    36  memcpya.o(.text)
    __aeabi_memcpy4                          0x00000529   Thumb Code     0  memcpya.o(.text)
    __aeabi_memcpy8                          0x00000529   Thumb Code     0  memcpya.o(.text)
    __aeabi_dmul                             0x0000054d   Thumb Code   228  dmul.o(.text)
    __aeabi_ddiv                             0x00000631   Thumb Code   222  ddiv.o(.text)
    __aeabi_f2d                              0x0000070f   Thumb Code    38  f2d.o(.text)
    __aeabi_d2f                              0x00000735   Thumb Code    56  d2f.o(.text)
    __aeabi_uidiv                            0x0000076d   Thumb Code     0  uidiv.o(.text)
    __aeabi_uidivmod                         0x0000076d   Thumb Code    44  uidiv.o(.text)
    __aeabi_uldivmod                         0x00000799   Thumb Code    98  uldiv.o(.text)
    __I$use$fp                               0x000007fb   Thumb Code     0  iusefp.o(.text)
    _float_round                             0x000007fb   Thumb Code    18  fepilogue.o(.text)
    _float_epilogue                          0x0000080d   Thumb Code    92  fepilogue.o(.text)
    _double_round                            0x00000869   Thumb Code    30  depilogue.o(.text)
    _double_epilogue                         0x00000887   Thumb Code   156  depilogue.o(.text)
    __aeabi_dadd                             0x00000923   Thumb Code   322  dadd.o(.text)
    __aeabi_dsub                             0x00000a65   Thumb Code     6  dadd.o(.text)
    __aeabi_drsub                            0x00000a6b   Thumb Code     6  dadd.o(.text)
    __aeabi_d2ulz                            0x00000a71   Thumb Code    48  dfixul.o(.text)
    __aeabi_cdrcmple                         0x00000aa1   Thumb Code    48  cdrcmple.o(.text)
    __scatterload                            0x00000ad1   Thumb Code    28  init.o(.text)
    __scatterload_rt2                        0x00000ad1   Thumb Code     0  init.o(.text)
    __aeabi_llsl                             0x00000af5   Thumb Code    30  llshl.o(.text)
    _ll_shift_l                              0x00000af5   Thumb Code     0  llshl.o(.text)
    __aeabi_llsr                             0x00000b13   Thumb Code    32  llushr.o(.text)
    _ll_ushift_r                             0x00000b13   Thumb Code     0  llushr.o(.text)
    __aeabi_lasr                             0x00000b33   Thumb Code    36  llsshr.o(.text)
    _ll_sshift_r                             0x00000b33   Thumb Code     0  llsshr.o(.text)
    FusionAhrsCalculateEarthAcceleration     0x00000b57   Thumb Code   316  fusionahrs.o(i.FusionAhrsCalculateEarthAcceleration)
    FusionAhrsInitialise                     0x00000c95   Thumb Code    82  fusionahrs.o(i.FusionAhrsInitialise)
    FusionAhrsUpdate                         0x00000ced   Thumb Code  2260  fusionahrs.o(i.FusionAhrsUpdate)
    FusionBiasInitialise                     0x000015c5   Thumb Code    36  fusionbias.o(i.FusionBiasInitialise)
    FusionBiasUpdate                         0x000015ed   Thumb Code   434  fusionbias.o(i.FusionBiasUpdate)
    ReadAccelGyroMag                         0x000017ad   Thumb Code   510  main.o(i.ReadAccelGyroMag)
    SPIM0_SPIS0_TWIM0_TWIS0_SPI0_TWI0_IRQHandler 0x00001a09   Thumb Code    12  nrf_drv_twi.o(i.SPIM0_SPIS0_TWIM0_TWIS0_SPI0_TWI0_IRQHandler)
    SystemCoreClockUpdate                    0x00001a1d   Thumb Code     8  system_nrf52.o(i.SystemCoreClockUpdate)
    SystemInit                               0x00001a2d   Thumb Code   512  system_nrf52.o(i.SystemInit)
    UARTE0_UART0_IRQHandler                  0x00001c61   Thumb Code    20  nrf_drv_uart.o(i.UARTE0_UART0_IRQHandler)
    __0printf                                0x00001c79   Thumb Code    22  printfa.o(i.__0printf)
    __1printf                                0x00001c79   Thumb Code     0  printfa.o(i.__0printf)
    __2printf                                0x00001c79   Thumb Code     0  printfa.o(i.__0printf)
    __c89printf                              0x00001c79   Thumb Code     0  printfa.o(i.__0printf)
    printf                                   0x00001c79   Thumb Code     0  printfa.o(i.__0printf)
    __ARM_fpclassifyf                        0x00001c99   Thumb Code    38  fpclassifyf.o(i.__ARM_fpclassifyf)
    __hardfp_asinf                           0x00001cc1   Thumb Code   258  asinf.o(i.__hardfp_asinf)
    __hardfp_atan2f                          0x00001ded   Thumb Code   502  atan2f.o(i.__hardfp_atan2f)
    __mathlib_flt_infnan                     0x0000203d   Thumb Code     6  funder.o(i.__mathlib_flt_infnan)
    __mathlib_flt_infnan2                    0x00002043   Thumb Code     6  funder.o(i.__mathlib_flt_infnan2)
    __mathlib_flt_invalid                    0x00002049   Thumb Code    10  funder.o(i.__mathlib_flt_invalid)
    __mathlib_flt_underflow                  0x00002059   Thumb Code    10  funder.o(i.__mathlib_flt_underflow)
    __scatterload_copy                       0x00002069   Thumb Code    14  handlers.o(i.__scatterload_copy)
    __scatterload_null                       0x00002077   Thumb Code     2  handlers.o(i.__scatterload_null)
    __scatterload_zeroinit                   0x00002079   Thumb Code    14  handlers.o(i.__scatterload_zeroinit)
    __set_errno                              0x00002089   Thumb Code     6  errno.o(i.__set_errno)
    app_error_fault_handler                  0x00002929   Thumb Code    38  app_error_weak.o(i.app_error_fault_handler)
    app_error_handler                        0x00002955   Thumb Code    32  app_error.o(i.app_error_handler)
    app_error_save_and_stop                  0x00002975   Thumb Code   118  app_error.o(i.app_error_save_and_stop)
    app_fifo_get                             0x000029f1   Thumb Code    30  app_fifo.o(i.app_fifo_get)
    app_fifo_init                            0x00002a0f   Thumb Code    36  app_fifo.o(i.app_fifo_init)
    app_fifo_put                             0x00002a33   Thumb Code    34  app_fifo.o(i.app_fifo_put)
    app_uart_init                            0x00002a55   Thumb Code   178  app_uart_fifo.o(i.app_uart_init)
    app_uart_put                             0x00002b21   Thumb Code    46  app_uart_fifo.o(i.app_uart_put)
    fputc                                    0x00002dfd   Thumb Code    16  retarget.o(i.fputc)
    main                                     0x00002ee9   Thumb Code   770  main.o(i.main)
    mpu_config                               0x00003271   Thumb Code    18  app_mpu.o(i.mpu_config)
    mpu_init                                 0x00003283   Thumb Code    52  app_mpu.o(i.mpu_init)
    mpu_int_cfg_pin                          0x000032b7   Thumb Code    16  app_mpu.o(i.mpu_int_cfg_pin)
    mpu_magnetometer_init                    0x000032c7   Thumb Code    54  app_mpu.o(i.mpu_magnetometer_init)
    mpu_read_accel                           0x000032fd   Thumb Code    52  app_mpu.o(i.mpu_read_accel)
    mpu_read_gyro                            0x00003331   Thumb Code    52  app_mpu.o(i.mpu_read_gyro)
    mpu_read_magnetometer                    0x00003365   Thumb Code    56  app_mpu.o(i.mpu_read_magnetometer)
    mpu_setup                                0x0000339d   Thumb Code   136  main.o(i.mpu_setup)
    nrf_delay_ms                             0x00003435   Thumb Code    26  nrf_delay.o(i.nrf_delay_ms)
    nrf_drv_common_irq_enable                0x00003451   Thumb Code    84  nrf_drv_common.o(i.nrf_drv_common_irq_enable)
    nrf_drv_mpu_init                         0x000034bd   Thumb Code    42  nrf_drv_mpu_twi.o(i.nrf_drv_mpu_init)
    nrf_drv_mpu_read_magnetometer_registers  0x000034f5   Thumb Code   118  nrf_drv_mpu_twi.o(i.nrf_drv_mpu_read_magnetometer_registers)
    nrf_drv_mpu_read_registers               0x00003579   Thumb Code   118  nrf_drv_mpu_twi.o(i.nrf_drv_mpu_read_registers)
    nrf_drv_mpu_write_magnetometer_register  0x00003655   Thumb Code    76  nrf_drv_mpu_twi.o(i.nrf_drv_mpu_write_magnetometer_register)
    nrf_drv_mpu_write_registers              0x000036a9   Thumb Code    94  nrf_drv_mpu_twi.o(i.nrf_drv_mpu_write_registers)
    nrf_drv_mpu_write_single_register        0x00003715   Thumb Code    76  nrf_drv_mpu_twi.o(i.nrf_drv_mpu_write_single_register)
    nrf_drv_twi_enable                       0x00003769   Thumb Code    32  nrf_drv_twi.o(i.nrf_drv_twi_enable)
    nrf_drv_twi_init                         0x0000378d   Thumb Code   142  nrf_drv_twi.o(i.nrf_drv_twi_init)
    nrf_drv_twi_rx                           0x00003829   Thumb Code    40  nrf_drv_twi.o(i.nrf_drv_twi_rx)
    nrf_drv_twi_tx                           0x00003855   Thumb Code    60  nrf_drv_twi.o(i.nrf_drv_twi_tx)
    nrf_drv_twi_xfer                         0x00003891   Thumb Code    54  nrf_drv_twi.o(i.nrf_drv_twi_xfer)
    nrf_drv_uart_init                        0x000038cd   Thumb Code   202  nrf_drv_uart.o(i.nrf_drv_uart_init)
    nrf_drv_uart_rx                          0x000039b1   Thumb Code   168  nrf_drv_uart.o(i.nrf_drv_uart_rx)
    nrf_drv_uart_rx_enable                   0x00003a61   Thumb Code    26  nrf_drv_uart.o(i.nrf_drv_uart_rx_enable)
    nrf_drv_uart_tx                          0x00003be9   Thumb Code    66  nrf_drv_uart.o(i.nrf_drv_uart_tx)
    nrf_drv_uart_tx_in_progress              0x00003d2d   Thumb Code    14  nrf_drv_uart.o(i.nrf_drv_uart_tx_in_progress)
    sqrtf                                    0x00003f3d   Thumb Code    62  sqrtf.o(i.sqrtf)
    Region$$Table$$Base                      0x000048c8   Number         0  anon$$obj.o(Region$$Table)
    Region$$Table$$Limit                     0x000048e8   Number         0  anon$$obj.o(Region$$Table)
    CAX                                      0x20000000   Data           2  main.o(.data)
    CAY                                      0x20000002   Data           2  main.o(.data)
    CAZ                                      0x20000004   Data           2  main.o(.data)
    CGX                                      0x20000006   Data           2  main.o(.data)
    CGY                                      0x20000008   Data           2  main.o(.data)
    CGZ                                      0x2000000a   Data           2  main.o(.data)
    CMX                                      0x2000000c   Data           2  main.o(.data)
    CMY                                      0x2000000e   Data           2  main.o(.data)
    CMZ                                      0x20000010   Data           2  main.o(.data)
    CT                                       0x20000012   Data           2  main.o(.data)
    AX                                       0x20000014   Data           4  main.o(.data)
    AY                                       0x20000018   Data           4  main.o(.data)
    AZ                                       0x2000001c   Data           4  main.o(.data)
    GX                                       0x20000020   Data           4  main.o(.data)
    GY                                       0x20000024   Data           4  main.o(.data)
    GZ                                       0x20000028   Data           4  main.o(.data)
    MX                                       0x2000002c   Data           4  main.o(.data)
    MY                                       0x20000030   Data           4  main.o(.data)
    MZ                                       0x20000034   Data           4  main.o(.data)
    yaw                                      0x20000038   Data           4  main.o(.data)
    pitch                                    0x2000003c   Data           4  main.o(.data)
    roll                                     0x20000040   Data           4  main.o(.data)
    __stdout                                 0x20000050   Data           4  retarget.o(.data)
    __stdin                                  0x20000054   Data           4  retarget.o(.data)
    SystemCoreClock                          0x20000058   Data           4  system_nrf52.o(.data)
    twi_tx_buffer                            0x20000160   Data          14  nrf_drv_mpu_twi.o(.bss)
    __initial_sp                             0x200021f8   Data           0  arm_startup_nrf52.o(STACK)



==============================================================================

Memory Map of the image

  Image Entry point : 0x00000401

  Load Region LR_IROM1 (Base: 0x00000000, Size: 0x00004948, Max: 0x00080000, ABSOLUTE)

    Execution Region ER_IROM1 (Base: 0x00000000, Size: 0x000048e8, Max: 0x00080000, ABSOLUTE)

    Base Addr    Size         Type   Attr      Idx    E Section Name        Object

    0x00000000   0x00000400   Data   RO         1406    RESET               arm_startup_nrf52.o
    0x00000400   0x00000000   Code   RO         1558  * .ARM.Collect$$$$00000000  mc_w.l(entry.o)
    0x00000400   0x00000004   Code   RO         1853    .ARM.Collect$$$$00000001  mc_w.l(entry2.o)
    0x00000404   0x00000004   Code   RO         1856    .ARM.Collect$$$$00000004  mc_w.l(entry5.o)
    0x00000408   0x00000000   Code   RO         1858    .ARM.Collect$$$$00000008  mc_w.l(entry7b.o)
    0x00000408   0x00000000   Code   RO         1860    .ARM.Collect$$$$0000000A  mc_w.l(entry8b.o)
    0x00000408   0x00000008   Code   RO         1861    .ARM.Collect$$$$0000000B  mc_w.l(entry9a.o)
    0x00000410   0x00000000   Code   RO         1863    .ARM.Collect$$$$0000000D  mc_w.l(entry10a.o)
    0x00000410   0x00000000   Code   RO         1865    .ARM.Collect$$$$0000000F  mc_w.l(entry11a.o)
    0x00000410   0x00000004   Code   RO         1854    .ARM.Collect$$$$00002712  mc_w.l(entry2.o)
    0x00000414   0x00000076   Code   RO          611    .emb_text           nrf_delay.o
    0x0000048a   0x00000002   PAD
    0x0000048c   0x00000076   Code   RO          681    .emb_text           nrf_drv_twi.o
    0x00000502   0x00000002   PAD
    0x00000504   0x00000024   Code   RO         1407    .text               arm_startup_nrf52.o
    0x00000528   0x00000024   Code   RO         1561    .text               mc_w.l(memcpya.o)
    0x0000054c   0x000000e4   Code   RO         1826    .text               mf_w.l(dmul.o)
    0x00000630   0x000000de   Code   RO         1828    .text               mf_w.l(ddiv.o)
    0x0000070e   0x00000026   Code   RO         1830    .text               mf_w.l(f2d.o)
    0x00000734   0x00000038   Code   RO         1832    .text               mf_w.l(d2f.o)
    0x0000076c   0x0000002c   Code   RO         1867    .text               mc_w.l(uidiv.o)
    0x00000798   0x00000062   Code   RO         1869    .text               mc_w.l(uldiv.o)
    0x000007fa   0x00000000   Code   RO         1878    .text               mc_w.l(iusefp.o)
    0x000007fa   0x0000006e   Code   RO         1879    .text               mf_w.l(fepilogue.o)
    0x00000868   0x000000ba   Code   RO         1881    .text               mf_w.l(depilogue.o)
    0x00000922   0x0000014e   Code   RO         1883    .text               mf_w.l(dadd.o)
    0x00000a70   0x00000030   Code   RO         1887    .text               mf_w.l(dfixul.o)
    0x00000aa0   0x00000030   Code   RO         1891    .text               mf_w.l(cdrcmple.o)
    0x00000ad0   0x00000024   Code   RO         1893    .text               mc_w.l(init.o)
    0x00000af4   0x0000001e   Code   RO         1895    .text               mc_w.l(llshl.o)
    0x00000b12   0x00000020   Code   RO         1897    .text               mc_w.l(llushr.o)
    0x00000b32   0x00000024   Code   RO         1899    .text               mc_w.l(llsshr.o)
    0x00000b56   0x0000013c   Code   RO          406    i.FusionAhrsCalculateEarthAcceleration  fusionahrs.o
    0x00000c92   0x00000002   PAD
    0x00000c94   0x00000058   Code   RO          407    i.FusionAhrsInitialise  fusionahrs.o
    0x00000cec   0x000008d8   Code   RO          410    i.FusionAhrsUpdate  fusionahrs.o
    0x000015c4   0x00000028   Code   RO          455    i.FusionBiasInitialise  fusionbias.o
    0x000015ec   0x000001c0   Code   RO          457    i.FusionBiasUpdate  fusionbias.o
    0x000017ac   0x0000025c   Code   RO            5    i.ReadAccelGyroMag  main.o
    0x00001a08   0x00000014   Code   RO          682    i.SPIM0_SPIS0_TWIM0_TWIS0_SPI0_TWI0_IRQHandler  nrf_drv_twi.o
    0x00001a1c   0x00000010   Code   RO         1414    i.SystemCoreClockUpdate  system_nrf52.o
    0x00001a2c   0x00000234   Code   RO         1415    i.SystemInit        system_nrf52.o
    0x00001c60   0x00000018   Code   RO          873    i.UARTE0_UART0_IRQHandler  nrf_drv_uart.o
    0x00001c78   0x00000020   Code   RO         1798    i.__0printf         mc_w.l(printfa.o)
    0x00001c98   0x00000026   Code   RO         1834    i.__ARM_fpclassifyf  m_wm.l(fpclassifyf.o)
    0x00001cbe   0x00000002   PAD
    0x00001cc0   0x0000012c   Code   RO         1486    i.__hardfp_asinf    m_wm.l(asinf.o)
    0x00001dec   0x00000250   Code   RO         1498    i.__hardfp_atan2f   m_wm.l(atan2f.o)
    0x0000203c   0x00000006   Code   RO         1837    i.__mathlib_flt_infnan  m_wm.l(funder.o)
    0x00002042   0x00000006   Code   RO         1838    i.__mathlib_flt_infnan2  m_wm.l(funder.o)
    0x00002048   0x00000010   Code   RO         1839    i.__mathlib_flt_invalid  m_wm.l(funder.o)
    0x00002058   0x00000010   Code   RO         1842    i.__mathlib_flt_underflow  m_wm.l(funder.o)
    0x00002068   0x0000000e   Code   RO         1903    i.__scatterload_copy  mc_w.l(handlers.o)
    0x00002076   0x00000002   Code   RO         1904    i.__scatterload_null  mc_w.l(handlers.o)
    0x00002078   0x0000000e   Code   RO         1905    i.__scatterload_zeroinit  mc_w.l(handlers.o)
    0x00002086   0x00000002   PAD
    0x00002088   0x0000000c   Code   RO         1873    i.__set_errno       mc_w.l(errno.o)
    0x00002094   0x00000164   Code   RO         1805    i._fp_digits        mc_w.l(printfa.o)
    0x000021f8   0x000006dc   Code   RO         1806    i._printf_core      mc_w.l(printfa.o)
    0x000028d4   0x00000024   Code   RO         1807    i._printf_post_padding  mc_w.l(printfa.o)
    0x000028f8   0x0000002e   Code   RO         1808    i._printf_pre_padding  mc_w.l(printfa.o)
    0x00002926   0x00000002   PAD
    0x00002928   0x0000002c   Code   RO         1198    i.app_error_fault_handler  app_error_weak.o
    0x00002954   0x00000020   Code   RO         1155    i.app_error_handler  app_error.o
    0x00002974   0x0000007c   Code   RO         1157    i.app_error_save_and_stop  app_error.o
    0x000029f0   0x0000001e   Code   RO         1223    i.app_fifo_get      app_fifo.o
    0x00002a0e   0x00000024   Code   RO         1224    i.app_fifo_init     app_fifo.o
    0x00002a32   0x00000022   Code   RO         1226    i.app_fifo_put      app_fifo.o
    0x00002a54   0x000000cc   Code   RO          506    i.app_uart_init     app_uart_fifo.o
    0x00002b20   0x00000038   Code   RO          507    i.app_uart_put      app_uart_fifo.o
    0x00002b58   0x000000bc   Code   RO          874    i.apply_config      nrf_drv_uart.o
    0x00002c14   0x00000030   Code   RO         1416    i.errata_16         system_nrf52.o
    0x00002c44   0x00000054   Code   RO         1417    i.errata_31         system_nrf52.o
    0x00002c98   0x00000030   Code   RO         1418    i.errata_32         system_nrf52.o
    0x00002cc8   0x00000054   Code   RO         1419    i.errata_36         system_nrf52.o
    0x00002d1c   0x00000030   Code   RO         1420    i.errata_37         system_nrf52.o
    0x00002d4c   0x00000030   Code   RO         1421    i.errata_57         system_nrf52.o
    0x00002d7c   0x00000030   Code   RO         1422    i.errata_66         system_nrf52.o
    0x00002dac   0x00000018   Code   RO         1229    i.fifo_get          app_fifo.o
    0x00002dc4   0x0000000a   Code   RO          508    i.fifo_length       app_uart_fifo.o
    0x00002dce   0x0000000a   Code   RO         1230    i.fifo_length       app_fifo.o
    0x00002dd8   0x00000012   Code   RO         1231    i.fifo_peek         app_fifo.o
    0x00002dea   0x00000012   Code   RO         1232    i.fifo_put          app_fifo.o
    0x00002dfc   0x00000010   Code   RO         1371    i.fputc             retarget.o
    0x00002e0c   0x000000da   Code   RO          683    i.irq_handler_twi   nrf_drv_twi.o
    0x00002ee6   0x00000002   PAD
    0x00002ee8   0x0000036c   Code   RO            6    i.main              main.o
    0x00003254   0x0000001c   Code   RO          280    i.merge_register_and_data  nrf_drv_mpu_twi.o
    0x00003270   0x00000012   Code   RO          187    i.mpu_config        app_mpu.o
    0x00003282   0x00000034   Code   RO          188    i.mpu_init          app_mpu.o
    0x000032b6   0x00000010   Code   RO          189    i.mpu_int_cfg_pin   app_mpu.o
    0x000032c6   0x00000036   Code   RO          191    i.mpu_magnetometer_init  app_mpu.o
    0x000032fc   0x00000034   Code   RO          192    i.mpu_read_accel    app_mpu.o
    0x00003330   0x00000034   Code   RO          193    i.mpu_read_gyro     app_mpu.o
    0x00003364   0x00000038   Code   RO          195    i.mpu_read_magnetometer  app_mpu.o
    0x0000339c   0x00000098   Code   RO            7    i.mpu_setup         main.o
    0x00003434   0x0000001a   Code   RO          612    i.nrf_delay_ms      nrf_delay.o
    0x0000344e   0x00000002   PAD
    0x00003450   0x00000060   Code   RO          643    i.nrf_drv_common_irq_enable  nrf_drv_common.o
    0x000034b0   0x0000000a   Code   RO          684    i.nrf_drv_get_IRQn  nrf_drv_twi.o
    0x000034ba   0x00000002   PAD
    0x000034bc   0x00000038   Code   RO          281    i.nrf_drv_mpu_init  nrf_drv_mpu_twi.o
    0x000034f4   0x00000084   Code   RO          282    i.nrf_drv_mpu_read_magnetometer_registers  nrf_drv_mpu_twi.o
    0x00003578   0x00000084   Code   RO          283    i.nrf_drv_mpu_read_registers  nrf_drv_mpu_twi.o
    0x000035fc   0x00000058   Code   RO          284    i.nrf_drv_mpu_twi_event_handler  nrf_drv_mpu_twi.o
    0x00003654   0x00000054   Code   RO          285    i.nrf_drv_mpu_write_magnetometer_register  nrf_drv_mpu_twi.o
    0x000036a8   0x0000006c   Code   RO          286    i.nrf_drv_mpu_write_registers  nrf_drv_mpu_twi.o
    0x00003714   0x00000054   Code   RO          287    i.nrf_drv_mpu_write_single_register  nrf_drv_mpu_twi.o
    0x00003768   0x00000024   Code   RO          687    i.nrf_drv_twi_enable  nrf_drv_twi.o
    0x0000378c   0x0000009c   Code   RO          688    i.nrf_drv_twi_init  nrf_drv_twi.o
    0x00003828   0x0000002c   Code   RO          689    i.nrf_drv_twi_rx    nrf_drv_twi.o
    0x00003854   0x0000003c   Code   RO          692    i.nrf_drv_twi_tx    nrf_drv_twi.o
    0x00003890   0x0000003c   Code   RO          694    i.nrf_drv_twi_xfer  nrf_drv_twi.o
    0x000038cc   0x000000e4   Code   RO          876    i.nrf_drv_uart_init  nrf_drv_uart.o
    0x000039b0   0x000000b0   Code   RO          877    i.nrf_drv_uart_rx   nrf_drv_uart.o
    0x00003a60   0x00000020   Code   RO          880    i.nrf_drv_uart_rx_enable  nrf_drv_uart.o
    0x00003a80   0x000000b4   Code   RO          881    i.nrf_drv_uart_rx_for_uart  nrf_drv_uart.o
    0x00003b34   0x000000b4   Code   RO          882    i.nrf_drv_uart_rx_for_uarte  nrf_drv_uart.o
    0x00003be8   0x00000048   Code   RO          883    i.nrf_drv_uart_tx   nrf_drv_uart.o
    0x00003c30   0x0000008c   Code   RO          885    i.nrf_drv_uart_tx_for_uart  nrf_drv_uart.o
    0x00003cbc   0x00000070   Code   RO          886    i.nrf_drv_uart_tx_for_uarte  nrf_drv_uart.o
    0x00003d2c   0x00000014   Code   RO          887    i.nrf_drv_uart_tx_in_progress  nrf_drv_uart.o
    0x00003d40   0x00000024   Code   RO          889    i.nrf_gpio_cfg      nrf_drv_uart.o
    0x00003d64   0x0000001a   Code   RO          891    i.nrf_gpio_cfg_input  nrf_drv_uart.o
    0x00003d7e   0x00000018   Code   RO          892    i.nrf_gpio_cfg_output  nrf_drv_uart.o
    0x00003d96   0x00000002   PAD
    0x00003d98   0x00000010   Code   RO          695    i.nrf_gpio_pin_clear  nrf_drv_twi.o
    0x00003da8   0x00000010   Code   RO          696    i.nrf_gpio_pin_set  nrf_drv_twi.o
    0x00003db8   0x00000010   Code   RO          893    i.nrf_gpio_pin_set  nrf_drv_uart.o
    0x00003dc8   0x0000000e   Code   RO          697    i.nrf_twi_event_check  nrf_drv_twi.o
    0x00003dd6   0x00000006   Code   RO          698    i.nrf_twi_event_clear  nrf_drv_twi.o
    0x00003ddc   0x00000006   Code   RO          699    i.nrf_twi_int_disable  nrf_drv_twi.o
    0x00003de2   0x00000006   Code   RO          700    i.nrf_twi_int_enable  nrf_drv_twi.o
    0x00003de8   0x00000006   Code   RO          701    i.nrf_twi_shorts_set  nrf_drv_twi.o
    0x00003dee   0x00000006   Code   RO          702    i.nrf_twi_task_trigger  nrf_drv_twi.o
    0x00003df4   0x0000000c   Code   RO          894    i.nrf_uart_errorsrc_get_and_clear  nrf_drv_uart.o
    0x00003e00   0x0000000e   Code   RO          895    i.nrf_uart_event_check  nrf_drv_uart.o
    0x00003e0e   0x00000006   Code   RO          896    i.nrf_uart_event_clear  nrf_drv_uart.o
    0x00003e14   0x0000000a   Code   RO          897    i.nrf_uart_hwfc_pins_set  nrf_drv_uart.o
    0x00003e1e   0x00000006   Code   RO          898    i.nrf_uart_int_disable  nrf_drv_uart.o
    0x00003e24   0x00000006   Code   RO          899    i.nrf_uart_int_enable  nrf_drv_uart.o
    0x00003e2a   0x00000012   Code   RO          900    i.nrf_uart_int_enable_check  nrf_drv_uart.o
    0x00003e3c   0x00000006   Code   RO          901    i.nrf_uart_task_trigger  nrf_drv_uart.o
    0x00003e42   0x0000000a   Code   RO          902    i.nrf_uart_txrx_pins_set  nrf_drv_uart.o
    0x00003e4c   0x0000000c   Code   RO          903    i.nrf_uarte_errorsrc_get_and_clear  nrf_drv_uart.o
    0x00003e58   0x0000000e   Code   RO          904    i.nrf_uarte_event_check  nrf_drv_uart.o
    0x00003e66   0x00000006   Code   RO          905    i.nrf_uarte_event_clear  nrf_drv_uart.o
    0x00003e6c   0x0000000c   Code   RO          906    i.nrf_uarte_hwfc_pins_set  nrf_drv_uart.o
    0x00003e78   0x00000006   Code   RO          907    i.nrf_uarte_int_disable  nrf_drv_uart.o
    0x00003e7e   0x00000006   Code   RO          908    i.nrf_uarte_int_enable  nrf_drv_uart.o
    0x00003e84   0x0000000a   Code   RO          909    i.nrf_uarte_rx_amount_get  nrf_drv_uart.o
    0x00003e8e   0x00000006   Code   RO          910    i.nrf_uarte_task_trigger  nrf_drv_uart.o
    0x00003e94   0x0000000e   Code   RO          911    i.nrf_uarte_txrx_pins_set  nrf_drv_uart.o
    0x00003ea2   0x00000002   PAD
    0x00003ea4   0x00000050   Code   RO          913    i.rx_byte           nrf_drv_uart.o
    0x00003ef4   0x00000024   Code   RO          914    i.rx_done_event     nrf_drv_uart.o
    0x00003f18   0x00000024   Code   RO          915    i.rx_enable         nrf_drv_uart.o
    0x00003f3c   0x0000003e   Code   RO         1548    i.sqrtf             m_wm.l(sqrtf.o)
    0x00003f7a   0x00000002   PAD
    0x00003f7c   0x0000008c   Code   RO          703    i.twi_clear_bus     nrf_drv_twi.o
    0x00004008   0x0000004c   Code   RO          704    i.twi_receive_byte  nrf_drv_twi.o
    0x00004054   0x000000a6   Code   RO          705    i.twi_rx_start_transfer  nrf_drv_twi.o
    0x000040fa   0x00000048   Code   RO          706    i.twi_send_byte     nrf_drv_twi.o
    0x00004142   0x00000122   Code   RO          707    i.twi_transfer      nrf_drv_twi.o
    0x00004264   0x000000ac   Code   RO          708    i.twi_tx_start_transfer  nrf_drv_twi.o
    0x00004310   0x000000b8   Code   RO          709    i.twi_xfer          nrf_drv_twi.o
    0x000043c8   0x00000038   Code   RO          916    i.tx_byte           nrf_drv_uart.o
    0x00004400   0x0000002c   Code   RO          917    i.tx_done_event     nrf_drv_uart.o
    0x0000442c   0x0000006c   Code   RO            8    i.uart_config       main.o
    0x00004498   0x000000c0   Code   RO          509    i.uart_event_handler  app_uart_fifo.o
    0x00004558   0x00000044   Code   RO            9    i.uart_events_handler  main.o
    0x0000459c   0x00000160   Code   RO          918    i.uart_irq_handler  nrf_drv_uart.o
    0x000046fc   0x0000012c   Code   RO          919    i.uarte_irq_handler  nrf_drv_uart.o
    0x00004828   0x0000000c   Data   RO           11    .constdata          main.o
    0x00004834   0x00000018   Data   RO          289    .constdata          nrf_drv_mpu_twi.o
    0x0000484c   0x00000020   Data   RO          412    .constdata          fusionahrs.o
    0x0000486c   0x00000020   Data   RO          511    .constdata          app_uart_fifo.o
    0x0000488c   0x0000001c   Data   RO          711    .constdata          nrf_drv_twi.o
    0x000048a8   0x00000020   Data   RO          921    .constdata          nrf_drv_uart.o
    0x000048c8   0x00000020   Data   RO         1901    Region$$Table       anon$$obj.o


    Execution Region RW_IRAM1 (Base: 0x20000000, Size: 0x000021f8, Max: 0x00010000, ABSOLUTE)

    Base Addr    Size         Type   Attr      Idx    E Section Name        Object

    0x20000000   0x00000045   Data   RW           12    .data               main.o
    0x20000045   0x00000002   Data   RW          290    .data               nrf_drv_mpu_twi.o
    0x20000047   0x00000001   PAD
    0x20000048   0x00000006   Data   RW          512    .data               app_uart_fifo.o
    0x2000004e   0x00000002   PAD
    0x20000050   0x00000008   Data   RW         1372    .data               retarget.o
    0x20000058   0x00000004   Data   RW         1423    .data               system_nrf52.o
    0x2000005c   0x00000004   Data   RW         1874    .data               mc_w.l(errno.o)
    0x20000060   0x00000100   Zero   RW           10    .bss                main.o
    0x20000160   0x0000000e   Zero   RW          288    .bss                nrf_drv_mpu_twi.o
    0x2000016e   0x00000002   PAD
    0x20000170   0x00000020   Zero   RW          510    .bss                app_uart_fifo.o
    0x20000190   0x00000028   Zero   RW          710    .bss                nrf_drv_twi.o
    0x200001b8   0x00000020   Zero   RW          920    .bss                nrf_drv_uart.o
    0x200001d8   0x00000020   Zero   RW         1158    .bss                app_error.o
    0x200001f8   0x00002000   Zero   RW         1404    STACK               arm_startup_nrf52.o


==============================================================================

Image component sizes


      Code (inc. data)   RO Data    RW Data    ZI Data      Debug   Object Name

       156          6          0          0         32       4162   app_error.o
        44          6          0          0          0        786   app_error_weak.o
       170          0          0          0          0       5686   app_fifo.o
       300          0          0          0          0       6039   app_mpu.o
       462         58         32          6         32      15247   app_uart_fifo.o
        36          8       1024          0       8192        952   arm_startup_nrf52.o
      2668         22         32          0          0       9529   fusionahrs.o
       488         18          0          0          0       6218   fusionbias.o
      1808        266         12         69        256      50953   main.o
       144          0          0          0          0       1967   nrf_delay.o
        96         12          0          0          0      27679   nrf_drv_common.o
       712         80         24          2         14      13674   nrf_drv_mpu_twi.o
      1898         56         28          0         40      32436   nrf_drv_twi.o
      2532        184         32          0         32      45397   nrf_drv_uart.o
        16          0          0          8          0       2934   retarget.o
       988        102          0          4          0      32866   system_nrf52.o

    ----------------------------------------------------------------------
     12534        818       1216         92       8600     256525   Object Totals
         0          0         32          0          0          0   (incl. Generated)
        16          0          0          3          2          0   (incl. Padding)

    ----------------------------------------------------------------------

      Code (inc. data)   RO Data    RW Data    ZI Data      Debug   Library Member Name

       300         42          0          0          0        176   asinf.o
       592         90          0          0          0        184   atan2f.o
        38          0          0          0          0        116   fpclassifyf.o
        44         12          0          0          0        464   funder.o
        62          0          0          0          0        136   sqrtf.o
         0          0          0          0          0          0   entry.o
         0          0          0          0          0          0   entry10a.o
         0          0          0          0          0          0   entry11a.o
         8          4          0          0          0          0   entry2.o
         4          0          0          0          0          0   entry5.o
         0          0          0          0          0          0   entry7b.o
         0          0          0          0          0          0   entry8b.o
         8          4          0          0          0          0   entry9a.o
        12          6          0          4          0         68   errno.o
        30          0          0          0          0          0   handlers.o
        36          8          0          0          0         68   init.o
         0          0          0          0          0          0   iusefp.o
        30          0          0          0          0         68   llshl.o
        36          0          0          0          0         68   llsshr.o
        32          0          0          0          0         68   llushr.o
        36          0          0          0          0         68   memcpya.o
      2226         90          0          0          0        444   printfa.o
        44          0          0          0          0         80   uidiv.o
        98          0          0          0          0         92   uldiv.o
        48          0          0          0          0         68   cdrcmple.o
        56          0          0          0          0         88   d2f.o
       334          0          0          0          0        148   dadd.o
       222          0          0          0          0        100   ddiv.o
       186          0          0          0          0        176   depilogue.o
        48          0          0          0          0         68   dfixul.o
       228          0          0          0          0         96   dmul.o
        38          0          0          0          0         68   f2d.o
       110          0          0          0          0        168   fepilogue.o

    ----------------------------------------------------------------------
      4914        256          0          4          0       3080   Library Totals
         8          0          0          0          0          0   (incl. Padding)

    ----------------------------------------------------------------------

      Code (inc. data)   RO Data    RW Data    ZI Data      Debug   Library Name

      1036        144          0          0          0       1076   m_wm.l
      2600        112          0          4          0       1024   mc_w.l
      1270          0          0          0          0        980   mf_w.l

    ----------------------------------------------------------------------
      4914        256          0          4          0       3080   Library Totals

    ----------------------------------------------------------------------

==============================================================================


      Code (inc. data)   RO Data    RW Data    ZI Data      Debug   

     17448       1074       1216         96       8600     247221   Grand Totals
     17448       1074       1216         96       8600     247221   ELF Image Totals
     17448       1074       1216         96          0          0   ROM Totals

==============================================================================

    Total RO  Size (Code + RO Data)                18664 (  18.23kB)
    Total RW  Size (RW Data + ZI Data)              8696 (   8.49kB)
    Total ROM Size (Code + RO Data + RW Data)      18760 (  18.32kB)

==============================================================================

